  *********************************************************************************************************
  **                                                                                                     **
  **           888888888888                                                                              **
  **         8888888888888888                                                                            **
  **      888888888888888888                                                                             **
  **     888888888888888888                                                                              **
  **    888888888888888                                                                                  **
  **   88888888888888888888                               88888                       8888:              **
  **   8888888888888888888888Z                            88888                       8888:              **
  **   888888888888888888888888?                          88888                       8888:              **
  **   8888888888888      8888888                                        888888       8888:              **
  **    88888888888         888888     8888:     88888    88888        888888888I     8888:    888888    **
  **    8888888888           88888:    8888:     88888    88888      $888888888888    8888:   888888     **
  **    I8Z 88888             88888    8888:     88888    88888    .888888     8888   8888: 888888       **
  **    .8Z 88888             88888    8888:     88888    88888    $88888             8888:88888         **
  **     8I 88888      .=88. .88888    8888:     88888    88888    88888              8888888888         **
  **    :8  88888      888888$8888$    8888:     88888    88888    8888O              88888888888        **
  **   ,7   +88888.     8888888888.    8888:     88888    88888    888888             88888O888888       **
  **         $888888:.   .8888888      88888....888888    88888     888888     8888   8888:  888888      **
  **          I8888888888888888888     888888888888888    88888     O888888888888O    8888:   888888     **
  **            O888888888888888888     88888888888888    88888       88888888888$    8888:    888888    **
  **               8888888Z     888      .8888I  88888    88888         8888888       8888:     888888   **
  **                                                                                                     **
  **                                                                                                     **
  **                                         Copyright (c) 2022                                          **
  **                          Regents of the University of California San Diego                          **
  **                                    & Michigan State University                                      **
  **                                        All Rights Reserved.                                         **
  **                                                                                                     **
  **             This software is subject to the terms of the Mozilla Public License, v. 2.0.            **
  **                                                                                                     **
  *********************************************************************************************************
                                                                                                           
  Cite this work as:                                                                                       
  Manathunga, M.; Shajan, A.; Giese, T. J.; Cruzeiro, V.W.D.; Smith, J.; Miao, Y.; He, X.; Ayers, K.;      
  Brothers, E.; Goetz, A.W.; Merz, K.M. QUICK-22.03                                                        
  University of California San Diego, CA and Michigan State University, East Lansing, MI, 2022             
                                                                                                           
  If you have any comments or queries, please send us an email for technical support:                      
  quick.merzlab@gmail.com                                                                                  
                                                                                                           
| TASK STARTS ON: Mon Mar 14 23:18:39 2022
| INPUT FILE :    ene_CH4_rhf_631gs.in
| OUTPUT FILE:    ene_CH4_rhf_631gs.out
| DATA FILE  :    ene_CH4_rhf_631gs.dat
| BASIS SET PATH: /mnt/gs18/scratch/users/manathun/saved-test-update/install/basis

|------------ GPU INFORMATION ---------------
| CUDA ENABLED DEVICE         :        4
| CUDA DEVICE IN USE          :        0
| CUDA DEVICE NAME            : NVIDIA A100-SXM-80GB
| CUDA DEVICE PM              :      108
| CUDA DEVICE CORE FREQ(GHZ)  :     1.41
| CUDA DEVICE MEMORY SIZE (MB):    81251
| SUPPORTING CUDA VERSION     :      8.0
|--------------------------------------------

 @ Read Job And Atom

  KEYWORD=HF  BASIS=6-31G* CUTOFF=1.0E-9 DENSERMS=1.0E-6  ZMAKE ENERGY DIPOLE CHARGE=0                                                                                                                            
 ============== JOB CARD =============
 METHOD = HATREE FOCK
 DIRECT SCF 
 SAD INITAL GUESS 
 USE DIIS SCF
 PRINT ENERGY EVERY CYCLE
 READ SAD GUESS FROM FILE
 Z-MATRIX CONSTRUCTION
 DIPOLE
 MAX SCF CYCLES =    200
 MAX DIIS CYCLES =   10
 DELTA DENSITY START CYCLE = 1000
 COMPUTATIONAL CUTOFF: 
      TWO-e INTEGRAL   =  0.100E-08
      BASIS SET PRIME  =  0.100E-19
      MATRIX ELEMENTS  =  0.100E-09
      BASIS FUNCTION   =  0.100E-09
 DENSITY MATRIX MAXIMUM RMS FOR CONVERGENCE  =  0.100E-05
 BASIS SET = 6-31G*,  TYPE = CARTESIAN
| BASIS FILE = /mnt/gs18/scratch/users/manathun/saved-test-update/install/basis/6-31GD.BAS

 @ Finish reading job


 @ Begin SAD initial guess

 For Atom Kind =    1
 ELEMENT = C 
 BASIS FUNCTIONS =   15
 For Atom Kind =    2
 ELEMENT = H 
 BASIS FUNCTIONS =    2

 @ Finish SAD initial guess


 @ Begin Reading Molecular Information


 =========== Molecule Input ==========
 TOTAL MOLECULAR CHARGE  =    0    MULTIPLICITY                =    1
 TOTAL ATOM NUMBER       =    5    NUMBER OF ATOM TYPES        =    2
 NUMBER OF HYDROGEN ATOM =    4    NUMBER OF NON-HYDROGEN ATOM =    1
 NUMBER OF ELECTRONS     =   10

 -- INPUT GEOMETRY -- :
    C          -0.0048      -0.0024      -0.0748
    H          -0.9064       0.5182      -0.4497
    H           0.8980       0.5198      -0.4449
    H          -0.0029      -1.0436      -0.4494
    H          -0.0077      -0.0039       1.0341

 -- DISTANCE MATRIX -- :
              1           2           3           4           5
      1     0.00000
      2     2.09110     0.00000
      3     2.09111     3.40972     0.00000
      4     2.09111     3.40972     3.40973     0.00000
      5     2.09545     3.42332     3.42332     3.42332     0.00000

============== BASIS INFOS ==============
 BASIS FUNCTIONS =   23
 NSHELL =   12 NPRIM  =   44
 JSHELL =   12 JBASIS =   27


 @ End Reading Molecular Information 


 @ Begin Energy Calculation

                                         SCF ENERGY
| ------------------------------------------------------------------------------------------------------------------------
| NCYC       ENERGY         DELTA_E      SCF_TIME  DII_CYC   DII_TIME   O_TIME  DIAG_TIME    MAX_ERR    RMS_CHG    MAX_CHG
| ------------------------------------------------------------------------------------------------------------------------
|  1    -40.253072963      ------         0.016     1        0.01      0.01      0.01    0.2014E+01  0.6760E-01  0.4584E+00
|  2    -40.168071136  -.850018E-01       0.011     2        0.01      0.00      0.01    0.7767E-01  0.1121E-01  0.6281E-01
|  3    -40.191455885  0.233847E-01       0.012     3        0.01      0.00      0.01    0.3204E-01  0.3537E-02  0.3205E-01
|  4    -40.193474773  0.201889E-02       0.012     4        0.01      0.00      0.01    0.7813E-02  0.1277E-02  0.7933E-02
|  5    -40.193675429  0.200656E-03       0.013     5        0.01      0.00      0.01    0.2740E-02  0.3055E-03  0.2775E-02
|  6    -40.193687023  0.115935E-04       0.009     6        0.01      0.00      0.01    0.3147E-03  0.7302E-04  0.4142E-03
|  7    -40.193687510  0.486959E-06       0.009     7        0.01      0.00      0.01    0.2976E-04  0.7461E-05  0.4163E-04
|  8    -40.193687515  0.507350E-08       0.010     8        0.01      0.00      0.01    0.3005E-05  0.1324E-05  0.8751E-05
|  9    -40.193687515  0.587974E-10       0.009     9        0.01      0.00      0.01    0.3858E-06  0.1504E-06  0.5984E-06
| ------------------------------------------------------------------------------------------------------------------------
| REACH CONVERGENCE AFTER   9 CYCLES
| MAX ERROR = 0.385765E-06   RMS CHANGE = 0.150437E-06   MAX CHANGE = 0.598414E-06
| -----------------------------------------------
 ELECTRONIC ENERGY    =   -53.421093894
 CORE_CORE REPULSION  =    13.227406379
 TOTAL ENERGY         =   -40.193687515

 @ End Energy calculation


 @ Begin Zmake conversion

  
 Z-MATRIX:

   ATOM  ELEMENTAL  BOND LENGTH    BOND ANGLE    DIHEDRAL ANGLE
  NUMBER  SYMBOL    (ANGSTROMS)    (DEGREES)       (DEGREES)
     I                 I-NA         I-NA-NB        I-NA-NB-NC      NA   NB   NC

     1      C        0.00000  0     0.00000  0      0.00000  0      0    0    0
     2      H        1.10656  1     0.00000  0      0.00000  0      1    0    0
     3      H        1.10657  1   109.23234  1      0.00000  0      1    2    0
     4      H        1.10657  1   109.23222  1   -119.41952  1      1    2    3
     5      H        1.10887  1   109.70930  1    120.29025  1      1    2    3

 @ End Zmake conversion


 @ Begin Charge and Dipole Calculation

    ATOMIC CHARGES
   ATOM          MULLIKEN            LOWDIN
   C             -0.6536            -0.6150
   H              0.1634             0.1548
   H              0.1634             0.1547
   H              0.1634             0.1532
   H              0.1633             0.1523
   TOTAL         0.0000             0.0000

    DIPOLE (DEBYE)
      X         Y         Z        TOTAL
    0.0000    0.0000   -0.0054    0.0054

 @ End Charge and Dipole Calculation


 @ Output Timing Information

------------- TIMING ---------------
| INITIAL GUESS TIME  =     0.412042000( 14.26%)
| TOTAL SCF TIME      =     0.102378000(  3.54%)
|       TOTAL OP TIME      =     0.029616000(  1.02%)
|             TOTAL 1e TIME      =     0.000909000(  0.03%)
|             TOTAL 2e TIME      =     0.027351000(  0.95%)
|       TOTAL DII TIME      =     0.072724000(  2.52%)
|             TOTAL DIAG TIME    =     0.067248000(  2.33%)
| TOTAL TIME          =     2.889910000
------------------------------------
| Job cpu time:  0 days  0 hours  0 minutes  2.9 seconds.

 @ Finish Output Timing Information

| Normal Termination. Task Finished on: Mon Mar 14 23:18:42 2022
