  *********************************************************************************************************
  **                                                                                                     **
  **           888888888888                                                                              **
  **         8888888888888888                                                                            **
  **      888888888888888888                                                                             **
  **     888888888888888888                                                                              **
  **    888888888888888                                                                                  **
  **   88888888888888888888                               88888                       8888:              **
  **   8888888888888888888888Z                            88888                       8888:              **
  **   888888888888888888888888?                          88888                       8888:              **
  **   8888888888888      8888888                                        888888       8888:              **
  **    88888888888         888888     8888:     88888    88888        888888888I     8888:    888888    **
  **    8888888888           88888:    8888:     88888    88888      $888888888888    8888:   888888     **
  **    I8Z 88888             88888    8888:     88888    88888    .888888     8888   8888: 888888       **
  **    .8Z 88888             88888    8888:     88888    88888    $88888             8888:88888         **
  **     8I 88888      .=88. .88888    8888:     88888    88888    88888              8888888888         **
  **    :8  88888      888888$8888$    8888:     88888    88888    8888O              88888888888        **
  **   ,7   +88888.     8888888888.    8888:     88888    88888    888888             88888O888888       **
  **         $888888:.   .8888888      88888....888888    88888     888888     8888   8888:  888888      **
  **          I8888888888888888888     888888888888888    88888     O888888888888O    8888:   888888     **
  **            O888888888888888888     88888888888888    88888       88888888888$    8888:    888888    **
  **               8888888Z     888      .8888I  88888    88888         8888888       8888:     888888   **
  **                                                                                                     **
  **                                                                                                     **
  **                                         Copyright (c) 2022                                          **
  **                          Regents of the University of California San Diego                          **
  **                                    & Michigan State University                                      **
  **                                        All Rights Reserved.                                         **
  **                                                                                                     **
  **             This software is subject to the terms of the Mozilla Public License, v. 2.0.            **
  **                                                                                                     **
  *********************************************************************************************************
                                                                                                           
  Cite this work as:                                                                                       
  Manathunga, M.; Shajan, A.; Giese, T. J.; Cruzeiro, V.W.D.; Smith, J.; Miao, Y.; He, X.; Ayers, K.;      
  Brothers, E.; Goetz, A.W.; Merz, K.M. QUICK-22.03                                                        
  University of California San Diego, CA and Michigan State University, East Lansing, MI, 2022             
                                                                                                           
  If you have any comments or queries, please send us an email for technical support:                      
  quick.merzlab@gmail.com                                                                                  
                                                                                                           
| TASK STARTS ON: Mon Mar 14 23:17:50 2022
| INPUT FILE :    ene_SiH4_rhf_321g.in
| OUTPUT FILE:    ene_SiH4_rhf_321g.out
| DATA FILE  :    ene_SiH4_rhf_321g.dat
| BASIS SET PATH: /mnt/gs18/scratch/users/manathun/saved-test-update/install/basis

|------------ GPU INFORMATION ---------------
| CUDA ENABLED DEVICE         :        4
| CUDA DEVICE IN USE          :        0
| CUDA DEVICE NAME            : NVIDIA A100-SXM-80GB
| CUDA DEVICE PM              :      108
| CUDA DEVICE CORE FREQ(GHZ)  :     1.41
| CUDA DEVICE MEMORY SIZE (MB):    81251
| SUPPORTING CUDA VERSION     :      8.0
|--------------------------------------------

 @ Read Job And Atom

  KEYWORD=HF  BASIS=3-21G CUTOFF=1.0E-9 DENSERMS=1.0E-6  ZMAKE ENERGY DIPOLE CHARGE=0                                                                                                                             
 ============== JOB CARD =============
 METHOD = HATREE FOCK
 DIRECT SCF 
 SAD INITAL GUESS 
 USE DIIS SCF
 PRINT ENERGY EVERY CYCLE
 READ SAD GUESS FROM FILE
 Z-MATRIX CONSTRUCTION
 DIPOLE
 MAX SCF CYCLES =    200
 MAX DIIS CYCLES =   10
 DELTA DENSITY START CYCLE = 1000
 COMPUTATIONAL CUTOFF: 
      TWO-e INTEGRAL   =  0.100E-08
      BASIS SET PRIME  =  0.100E-19
      MATRIX ELEMENTS  =  0.100E-09
      BASIS FUNCTION   =  0.100E-09
 DENSITY MATRIX MAXIMUM RMS FOR CONVERGENCE  =  0.100E-05
 BASIS SET = 3-21G,  TYPE = CARTESIAN
| BASIS FILE = /mnt/gs18/scratch/users/manathun/saved-test-update/install/basis/3-21G.BAS

 @ Finish reading job


 @ Begin SAD initial guess

 For Atom Kind =    1
 ELEMENT = SI
 BASIS FUNCTIONS =   13
 For Atom Kind =    2
 ELEMENT = H 
 BASIS FUNCTIONS =    2

 @ Finish SAD initial guess


 @ Begin Reading Molecular Information


 =========== Molecule Input ==========
 TOTAL MOLECULAR CHARGE  =    0    MULTIPLICITY                =    1
 TOTAL ATOM NUMBER       =    5    NUMBER OF ATOM TYPES        =    2
 NUMBER OF HYDROGEN ATOM =    4    NUMBER OF NON-HYDROGEN ATOM =    1
 NUMBER OF ELECTRONS     =   18

 -- INPUT GEOMETRY -- :
    SI         -1.7719      -1.4158       0.0226
    H          -0.6719      -1.4158       0.0226
    H          -2.1386      -0.9311      -0.8942
    H          -2.1386      -0.8640       0.9008
    H          -2.1386      -2.4521       0.0614

 -- DISTANCE MATRIX -- :
              1           2           3           4           5
      1     0.00000
      2     2.07870     0.00000
      3     2.07869     3.39450     0.00000
      4     2.07871     3.39451     3.39450     0.00000
      5     2.07869     3.39450     3.39449     3.39450     0.00000

============== BASIS INFOS ==============
 BASIS FUNCTIONS =   21
 NSHELL =   12 NPRIM  =   39
 JSHELL =   12 JBASIS =   21


 @ End Reading Molecular Information 


 @ Begin Energy Calculation

                                         SCF ENERGY
| ------------------------------------------------------------------------------------------------------------------------
| NCYC       ENERGY         DELTA_E      SCF_TIME  DII_CYC   DII_TIME   O_TIME  DIAG_TIME    MAX_ERR    RMS_CHG    MAX_CHG
| ------------------------------------------------------------------------------------------------------------------------
|  1   -290.348574529      ------         0.013     1        0.01      0.01      0.01    0.3426E+01  0.9107E-01  0.7003E+00
|  2   -289.276925164  -.107165E+01       0.009     2        0.01      0.00      0.01    0.5914E-01  0.1633E-01  0.8456E-01
|  3   -289.291557836  0.146327E-01       0.009     3        0.01      0.00      0.01    0.8802E-02  0.6173E-02  0.3808E-01
|  4   -289.292446518  0.888682E-03       0.010     4        0.01      0.00      0.01    0.1785E-02  0.1511E-02  0.9059E-02
|  5   -289.292482032  0.355143E-04       0.009     5        0.01      0.00      0.01    0.1620E-03  0.1903E-03  0.1188E-02
|  6   -289.292482566  0.534034E-06       0.010     6        0.01      0.00      0.01    0.1759E-04  0.1498E-04  0.1135E-03
|  7   -289.292482571  0.453896E-08       0.008     7        0.01      0.00      0.01    0.2217E-05  0.1853E-05  0.1126E-04
|  8   -289.292482571  0.459401E-10       0.008     8        0.01      0.00      0.01    0.2435E-06  0.2385E-06  0.1179E-05
| ------------------------------------------------------------------------------------------------------------------------
| REACH CONVERGENCE AFTER   8 CYCLES
| MAX ERROR = 0.243520E-06   RMS CHANGE = 0.238456E-06   MAX CHANGE = 0.117873E-05
| -----------------------------------------------
 ELECTRONIC ENERGY    =  -317.999979872
 CORE_CORE REPULSION  =    28.707497301
 TOTAL ENERGY         =  -289.292482571

 @ End Energy calculation


 @ Begin Zmake conversion

  
 Z-MATRIX:

   ATOM  ELEMENTAL  BOND LENGTH    BOND ANGLE    DIHEDRAL ANGLE
  NUMBER  SYMBOL    (ANGSTROMS)    (DEGREES)       (DEGREES)
     I                 I-NA         I-NA-NB        I-NA-NB-NC      NA   NB   NC

     1      SI       0.00000  0     0.00000  0      0.00000  0      0    0    0
     2      H        1.10000  1     0.00000  0      0.00000  0      1    0    0
     3      H        1.10000  1   109.47147  1      0.00000  0      1    2    0
     4      H        1.10001  1   109.47126  1   -119.99987  1      1    2    3
     5      H        1.10000  1   109.47149  1    120.00059  1      1    2    3

 @ End Zmake conversion


 @ Begin Charge and Dipole Calculation

    ATOMIC CHARGES
   ATOM          MULLIKEN            LOWDIN
   SI             0.9467             0.5813
   H             -0.2367            -0.1453
   H             -0.2367            -0.1453
   H             -0.2367            -0.1453
   H             -0.2367            -0.1453
   TOTAL        -0.0000            -0.0000

    DIPOLE (DEBYE)
      X         Y         Z        TOTAL
    0.0000   -0.0000   -0.0000    0.0000

 @ End Charge and Dipole Calculation


 @ Output Timing Information

------------- TIMING ---------------
| INITIAL GUESS TIME  =     0.102971000(  3.98%)
| TOTAL SCF TIME      =     0.077947000(  3.01%)
|       TOTAL OP TIME      =     0.012747000(  0.49%)
|             TOTAL 1e TIME      =     0.000633000(  0.02%)
|             TOTAL 2e TIME      =     0.011093000(  0.43%)
|       TOTAL DII TIME      =     0.065167000(  2.52%)
|             TOTAL DIAG TIME    =     0.060389000(  2.33%)
| TOTAL TIME          =     2.588994000
------------------------------------
| Job cpu time:  0 days  0 hours  0 minutes  2.6 seconds.

 @ Finish Output Timing Information

| Normal Termination. Task Finished on: Mon Mar 14 23:17:52 2022
