  *********************************************************************************************************
  **                                                                                                     **
  **           888888888888                                                                              **
  **         8888888888888888                                                                            **
  **      888888888888888888                                                                             **
  **     888888888888888888                                                                              **
  **    888888888888888                                                                                  **
  **   88888888888888888888                               88888                       8888:              **
  **   8888888888888888888888Z                            88888                       8888:              **
  **   888888888888888888888888?                          88888                       8888:              **
  **   8888888888888      8888888                                        888888       8888:              **
  **    88888888888         888888     8888:     88888    88888        888888888I     8888:    888888    **
  **    8888888888           88888:    8888:     88888    88888      $888888888888    8888:   888888     **
  **    I8Z 88888             88888    8888:     88888    88888    .888888     8888   8888: 888888       **
  **    .8Z 88888             88888    8888:     88888    88888    $88888             8888:88888         **
  **     8I 88888      .=88. .88888    8888:     88888    88888    88888              8888888888         **
  **    :8  88888      888888$8888$    8888:     88888    88888    8888O              88888888888        **
  **   ,7   +88888.     8888888888.    8888:     88888    88888    888888             88888O888888       **
  **         $888888:.   .8888888      88888....888888    88888     888888     8888   8888:  888888      **
  **          I8888888888888888888     888888888888888    88888     O888888888888O    8888:   888888     **
  **            O888888888888888888     88888888888888    88888       88888888888$    8888:    888888    **
  **               8888888Z     888      .8888I  88888    88888         8888888       8888:     888888   **
  **                                                                                                     **
  **                                                                                                     **
  **                                         Copyright (c) 2022                                          **
  **                          Regents of the University of California San Diego                          **
  **                                    & Michigan State University                                      **
  **                                        All Rights Reserved.                                         **
  **                                                                                                     **
  **             This software is subject to the terms of the Mozilla Public License, v. 2.0.            **
  **                                                                                                     **
  *********************************************************************************************************
                                                                                                           
  Cite this work as:                                                                                       
  Manathunga, M.; Shajan, A.; Giese, T. J.; Cruzeiro, V.W.D.; Smith, J.; Miao, Y.; He, X.; Ayers, K.;      
  Brothers, E.; Goetz, A.W.; Merz, K.M. QUICK-22.03                                                        
  University of California San Diego, CA and Michigan State University, East Lansing, MI, 2022             
                                                                                                           
  If you have any comments or queries, please send us an email for technical support:                      
  quick.merzlab@gmail.com                                                                                  
                                                                                                           
| TASK STARTS ON: Tue Mar 15 14:21:17 2022
| INPUT FILE :    ene_PO4_3_rhf_631g.in
| OUTPUT FILE:    ene_PO4_3_rhf_631g.out
| DATA FILE  :    ene_PO4_3_rhf_631g.dat
| BASIS SET PATH: /home/madu/saved-test-update/install/basis

|------------ GPU INFORMATION ---------------
| CUDA ENABLED DEVICE         :        3
| CUDA DEVICE IN USE          :        0
| CUDA DEVICE NAME            : NVIDIA TITAN V
| CUDA DEVICE PM              :       80
| CUDA DEVICE CORE FREQ(GHZ)  :     1.46
| CUDA DEVICE MEMORY SIZE (MB):    12066
| SUPPORTING CUDA VERSION     :      7.0
|--------------------------------------------

 @ Read Job And Atom

  KEYWORD=HF  BASIS=6-31G CUTOFF=1.0E-9 DENSERMS=1.0E-6  ZMAKE ENERGY DIPOLE CHARGE=-3                                                                                                                            
 ============== JOB CARD =============
 METHOD = HATREE FOCK
 DIRECT SCF 
 SAD INITAL GUESS 
 USE DIIS SCF
 PRINT ENERGY EVERY CYCLE
 READ SAD GUESS FROM FILE
 Z-MATRIX CONSTRUCTION
 DIPOLE
 MAX SCF CYCLES =    200
 MAX DIIS CYCLES =   10
 DELTA DENSITY START CYCLE = 1000
 COMPUTATIONAL CUTOFF: 
      TWO-e INTEGRAL   =  0.100E-08
      BASIS SET PRIME  =  0.100E-19
      MATRIX ELEMENTS  =  0.100E-09
      BASIS FUNCTION   =  0.100E-09
 DENSITY MATRIX MAXIMUM RMS FOR CONVERGENCE  =  0.100E-05
 BASIS SET = 6-31G,  TYPE = CARTESIAN
| BASIS FILE = /home/madu/saved-test-update/install/basis/6-31G.BAS

 @ Finish reading job


 @ Begin SAD initial guess

 For Atom Kind =    1
 ELEMENT = P 
 BASIS FUNCTIONS =   13
 For Atom Kind =    2
 ELEMENT = O 
 BASIS FUNCTIONS =    9

 @ Finish SAD initial guess


 @ Begin Reading Molecular Information


 =========== Molecule Input ==========
 TOTAL MOLECULAR CHARGE  =   -3    MULTIPLICITY                =    1
 TOTAL ATOM NUMBER       =    5    NUMBER OF ATOM TYPES        =    2
 NUMBER OF HYDROGEN ATOM =    0    NUMBER OF NON-HYDROGEN ATOM =    5
 NUMBER OF ELECTRONS     =   50

 -- INPUT GEOMETRY -- :
    P           0.0000      -0.0001       0.0000
    O           1.5234      -0.0688      -0.1977
    O          -0.6406       0.7180      -1.1991
    O          -0.5679      -1.4248       0.1073
    O          -0.3149       0.7757       1.2895

 -- DISTANCE MATRIX -- :
              1           2           3           4           5
      1     0.00000
      2     2.90585     0.00000
      3     2.90544     4.74496     0.00000
      4     2.90538     4.74517     4.74451     0.00000
      5     2.90541     4.74479     4.74413     4.74461     0.00000

============== BASIS INFOS ==============
 BASIS FUNCTIONS =   49
 NSHELL =   16 NPRIM  =  134
 JSHELL =   16 JBASIS =   56


 @ End Reading Molecular Information 


 @ Begin Energy Calculation

                                         SCF ENERGY
| ------------------------------------------------------------------------------------------------------------------------
| NCYC       ENERGY         DELTA_E      SCF_TIME  DII_CYC   DII_TIME   O_TIME  DIAG_TIME    MAX_ERR    RMS_CHG    MAX_CHG
| ------------------------------------------------------------------------------------------------------------------------
|  1   -641.016741616      ------         0.037     1        0.00      0.03      0.00    0.1875E+01  0.5977E-01  0.4742E+00
|  2   -639.170482443  -.184626E+01       0.028     2        0.00      0.02      0.00    0.2620E+00  0.3110E-01  0.2648E+00
|  3   -639.373775303  0.203293E+00       0.026     3        0.00      0.02      0.00    0.1387E+00  0.9762E-02  0.1006E+00
|  4   -639.440503905  0.667286E-01       0.026     4        0.00      0.02      0.00    0.1214E-01  0.3752E-02  0.4271E-01
|  5   -639.443023151  0.251925E-02       0.026     5        0.00      0.02      0.00    0.2461E-02  0.6871E-03  0.3354E-02
|  6   -639.443119393  0.962420E-04       0.026     6        0.00      0.02      0.00    0.1200E-02  0.1479E-03  0.1168E-02
|  7   -639.443124401  0.500821E-05       0.026     7        0.00      0.02      0.00    0.5372E-03  0.6432E-04  0.5407E-03
|  8   -639.443125325  0.923951E-06       0.025     8        0.00      0.02      0.00    0.4006E-04  0.1496E-04  0.1387E-03
|  9   -639.443125356  0.309427E-07       0.024     9        0.00      0.02      0.00    0.8057E-05  0.2246E-05  0.1146E-04
| 10   -639.443125357  0.959801E-09       0.024    10        0.00      0.02      0.00    0.1876E-05  0.6265E-06  0.6722E-05
| ------------------------------------------------------------------------------------------------------------------------
| REACH CONVERGENCE AFTER  10 CYCLES
| MAX ERROR = 0.187566E-05   RMS CHANGE = 0.626476E-06   MAX CHANGE = 0.672175E-05
| -----------------------------------------------
 ELECTRONIC ENERGY    =   -885.578342327
 CORE_CORE REPULSION  =    246.135216970
 TOTAL ENERGY         =   -639.443125357

 @ End Energy calculation


 @ Begin Zmake conversion

  
 Z-MATRIX:

   ATOM  ELEMENTAL  BOND LENGTH    BOND ANGLE    DIHEDRAL ANGLE
  NUMBER  SYMBOL    (ANGSTROMS)    (DEGREES)       (DEGREES)
     I                 I-NA         I-NA-NB        I-NA-NB-NC      NA   NB   NC

     1      P        0.00000  0     0.00000  0      0.00000  0      0    0    0
     2      O        1.53771  1     0.00000  0      0.00000  0      1    0    0
     3      O        1.53749  1   109.47353  1      0.00000  0      1    2    0
     4      O        1.53746  1   109.48195  1    120.00795  1      1    2    3
     5      O        1.53748  1   109.46827  1   -119.98261  1      1    2    3

 @ End Zmake conversion


 @ Begin Charge and Dipole Calculation

    ATOMIC CHARGES
   ATOM          MULLIKEN            LOWDIN
   P              1.5625             1.4354
   O             -1.1407            -1.1089
   O             -1.1406            -1.1088
   O             -1.1406            -1.1088
   O             -1.1406            -1.1088
   TOTAL        -3.0000            -3.0000

    DIPOLE (DEBYE)
      X         Y         Z        TOTAL
   -0.0003   -0.0017    0.0001    0.0018

 @ End Charge and Dipole Calculation


 @ Output Timing Information

------------- TIMING ---------------
| INITIAL GUESS TIME  =     0.227664000(  4.39%)
| TOTAL SCF TIME      =     0.273060000(  5.26%)
|       TOTAL OP TIME      =     0.243032000(  4.68%)
|             TOTAL 1e TIME      =     0.005921000(  0.11%)
|             TOTAL 2e TIME      =     0.230285000(  4.44%)
|       TOTAL DII TIME      =     0.029923000(  0.58%)
|             TOTAL DIAG TIME    =     0.021647000(  0.42%)
| TOTAL TIME          =     5.187795000
------------------------------------
| Job cpu time:  0 days  0 hours  0 minutes  5.2 seconds.

 @ Finish Output Timing Information

| Normal Termination. Task Finished on: Tue Mar 15 14:21:23 2022
