  *********************************************************************************************************
  **                                                                                                     **
  **           888888888888                                                                              **
  **         8888888888888888                                                                            **
  **      888888888888888888                                                                             **
  **     888888888888888888                                                                              **
  **    888888888888888                                                                                  **
  **   88888888888888888888                               88888                       8888:              **
  **   8888888888888888888888Z                            88888                       8888:              **
  **   888888888888888888888888?                          88888                       8888:              **
  **   8888888888888      8888888                                        888888       8888:              **
  **    88888888888         888888     8888:     88888    88888        888888888I     8888:    888888    **
  **    8888888888           88888:    8888:     88888    88888      $888888888888    8888:   888888     **
  **    I8Z 88888             88888    8888:     88888    88888    .888888     8888   8888: 888888       **
  **    .8Z 88888             88888    8888:     88888    88888    $88888             8888:88888         **
  **     8I 88888      .=88. .88888    8888:     88888    88888    88888              8888888888         **
  **    :8  88888      888888$8888$    8888:     88888    88888    8888O              88888888888        **
  **   ,7   +88888.     8888888888.    8888:     88888    88888    888888             88888O888888       **
  **         $888888:.   .8888888      88888....888888    88888     888888     8888   8888:  888888      **
  **          I8888888888888888888     888888888888888    88888     O888888888888O    8888:   888888     **
  **            O888888888888888888     88888888888888    88888       88888888888$    8888:    888888    **
  **               8888888Z     888      .8888I  88888    88888         8888888       8888:     888888   **
  **                                                                                                     **
  **                                                                                                     **
  **                                         Copyright (c) 2022                                          **
  **                          Regents of the University of California San Diego                          **
  **                                    & Michigan State University                                      **
  **                                        All Rights Reserved.                                         **
  **                                                                                                     **
  **             This software is subject to the terms of the Mozilla Public License, v. 2.0.            **
  **                                                                                                     **
  *********************************************************************************************************
                                                                                                           
  Cite this work as:                                                                                       
  Manathunga, M.; Shajan, A.; Giese, T. J.; Cruzeiro, V.W.D.; Smith, J.; Miao, Y.; He, X.; Ayers, K.;      
  Brothers, E.; Goetz, A.W.; Merz, K.M. QUICK-22.03                                                        
  University of California San Diego, CA and Michigan State University, East Lansing, MI, 2022             
                                                                                                           
  If you have any comments or queries, please send us an email for technical support:                      
  quick.merzlab@gmail.com                                                                                  
                                                                                                           
| TASK STARTS ON: Tue Mar 15 14:27:36 2022
| INPUT FILE :    grad_SiH4_b3lyp_def2sv_p.in
| OUTPUT FILE:    grad_SiH4_b3lyp_def2sv_p.out
| DATA FILE  :    grad_SiH4_b3lyp_def2sv_p.dat
| BASIS SET PATH: /home/madu/saved-test-update/install/basis

|------------ GPU INFORMATION ---------------
| CUDA ENABLED DEVICE         :        3
| CUDA DEVICE IN USE          :        0
| CUDA DEVICE NAME            : NVIDIA TITAN V
| CUDA DEVICE PM              :       80
| CUDA DEVICE CORE FREQ(GHZ)  :     1.46
| CUDA DEVICE MEMORY SIZE (MB):    12066
| SUPPORTING CUDA VERSION     :      7.0
|--------------------------------------------

 @ Read Job And Atom

  KEYWORD=B3LYP  BASIS=DEF2-SV(P) CUTOFF=1.0E-9 DENSERMS=1.0E-6  ZMAKE GRADIENT DIPOLE CHARGE=0                                                                                                                   
 ============== JOB CARD =============
 METHOD = DENSITY FUNCTIONAL THEORY
 DENSITY FUNCTIONAL = B3LYP
 DIRECT SCF 
 SAD INITAL GUESS 
 USE DIIS SCF
 PRINT ENERGY EVERY CYCLE
 READ SAD GUESS FROM FILE
 Z-MATRIX CONSTRUCTION
 DIPOLE
 STANDARD GRID = SG1
 GRADIENT CALCULATION
 MAX SCF CYCLES =    200
 MAX DIIS CYCLES =   10
 DELTA DENSITY START CYCLE = 1000
 COMPUTATIONAL CUTOFF: 
      TWO-e INTEGRAL   =  0.100E-08
      BASIS SET PRIME  =  0.100E-19
      MATRIX ELEMENTS  =  0.100E-09
      BASIS FUNCTION   =  0.100E-09
      GRADIENT CUTOFF  =  0.100E-08
 DENSITY MATRIX MAXIMUM RMS FOR CONVERGENCE  =  0.100E-05
 BASIS SET = DEF2-SV(P),  TYPE = CARTESIAN
| BASIS FILE = /home/madu/saved-test-update/install/basis/DEF2-SV_P.BAS

 @ Finish reading job


 @ Begin SAD initial guess

 For Atom Kind =    1
 ELEMENT = SI
 BASIS FUNCTIONS =   19
 For Atom Kind =    2
 ELEMENT = H 
 BASIS FUNCTIONS =    2

 @ Finish SAD initial guess


 @ Begin Reading Molecular Information


 =========== Molecule Input ==========
 TOTAL MOLECULAR CHARGE  =    0    MULTIPLICITY                =    1
 TOTAL ATOM NUMBER       =    5    NUMBER OF ATOM TYPES        =    2
 NUMBER OF HYDROGEN ATOM =    4    NUMBER OF NON-HYDROGEN ATOM =    1
 NUMBER OF ELECTRONS     =   18

 -- INPUT GEOMETRY -- :
    SI         -1.7719      -1.4158       0.0226
    H          -0.6719      -1.4158       0.0226
    H          -2.1386      -0.9311      -0.8942
    H          -2.1386      -0.8640       0.9008
    H          -2.1386      -2.4521       0.0614

 -- DISTANCE MATRIX -- :
              1           2           3           4           5
      1     0.00000
      2     2.07870     0.00000
      3     2.07869     3.39450     0.00000
      4     2.07871     3.39451     3.39450     0.00000
      5     2.07869     3.39450     3.39449     3.39450     0.00000

============== BASIS INFOS ==============
 BASIS FUNCTIONS =   27
 NSHELL =   16 NPRIM  =   53
 JSHELL =   16 JBASIS =   34


 @ End Reading Molecular Information 


 @ Begin XC Quadrature Formation

 OCTAGO: OCTree Algorithm for Grid Operations 
   PRUNING CUTOFF       = 0.100E-09
   INITIAL GRID POINTS  =       18768
|   FINAL GRID POINTS    =       12446
|   SIGNIFICANT NUMBER OF BASIS FUNCTIONS     =        5092
|   SIGNIFICANT NUMBER OF PRIMITIVE FUNCTIONS =        6215

 @ End XC Quadrature Formation


 @ Begin Energy Calculation

                                         SCF ENERGY
| ------------------------------------------------------------------------------------------------------------------------
| NCYC       ENERGY         DELTA_E      SCF_TIME  DII_CYC   DII_TIME   O_TIME  DIAG_TIME    MAX_ERR    RMS_CHG    MAX_CHG
| ------------------------------------------------------------------------------------------------------------------------
|  1   -292.116544581      ------         0.040     1        0.00      0.04      0.00    0.3405E+01  0.8540E-01  0.3493E+00
|  2   -291.387146173  -.729398E+00       0.015     2        0.00      0.01      0.00    0.5902E-01  0.2623E-01  0.2953E+00
|  3   -291.402517884  0.153717E-01       0.015     3        0.00      0.01      0.00    0.2256E-01  0.7733E-02  0.9662E-01
|  4   -291.405446827  0.292894E-02       0.014     4        0.00      0.01      0.00    0.1030E-02  0.4651E-03  0.5464E-02
|  5   -291.405456335  0.950737E-05       0.014     5        0.00      0.01      0.00    0.8794E-04  0.4335E-04  0.2671E-03
|  6   -291.405456387  0.521392E-07       0.014     6        0.00      0.01      0.00    0.3252E-04  0.6053E-05  0.3957E-04
| -------------- 2E-INT CUTOFF CHANGE TO 0.1000E-08 ------------
|  7   -291.405456961  0.574255E-06       0.013     7        0.00      0.01      0.00    0.4050E-05  0.9638E-06  0.8209E-05
| ------------------------------------------------------------------------------------------------------------------------
| REACH CONVERGENCE AFTER   7 CYCLES
| MAX ERROR = 0.405043E-05   RMS CHANGE = 0.963801E-06   MAX CHANGE = 0.820883E-05
| -----------------------------------------------
 ALPHA ELECTRON DENSITY    =     8.9999561742
 BETA ELECTRON DENSITY     =     8.9999561742
 ELECTRONIC ENERGY    =   -320.112954262
 CORE_CORE REPULSION  =     28.707497301
 TOTAL ENERGY         =   -291.405456961

 @ End Energy calculation


 @ Begin Gradient Calculation

 ANALYTICAL GRADIENT: 
----------------------------------------
 COORDINATE    XYZ            GRADIENT
----------------------------------------
    1X    -1.7718901353     0.0011062639
    1Y    -1.4157601081    -0.0015227408
    1Z     0.0226300017    -0.0002792126
    2X    -0.6718900513    -0.3630755946
    2Y    -1.4157601081    -0.0000061991
    2Z     0.0226300017     0.0000042350
    3X    -2.1385601633     0.1207863356
    3Y    -0.9311200711    -0.1600308277
    3Z    -0.8942500683     0.3026805096
    4X    -2.1385601633     0.1206730798
    4Y    -0.8640300660    -0.1819788563
    4Z     0.9007900688    -0.2894039585
    5X    -2.1385601633     0.1212540863
    5Y    -2.4521201873     0.3429609148
    5Z     0.0613700047    -0.0130276480
----------------------------------------

 @ End Gradient Calculation


 @ Begin Zmake conversion

  
 Z-MATRIX:

   ATOM  ELEMENTAL  BOND LENGTH    BOND ANGLE    DIHEDRAL ANGLE
  NUMBER  SYMBOL    (ANGSTROMS)    (DEGREES)       (DEGREES)
     I                 I-NA         I-NA-NB        I-NA-NB-NC      NA   NB   NC

     1      SI       0.00000  0     0.00000  0      0.00000  0      0    0    0
     2      H        1.10000  1     0.00000  0      0.00000  0      1    0    0
     3      H        1.10000  1   109.47147  1      0.00000  0      1    2    0
     4      H        1.10001  1   109.47126  1   -119.99987  1      1    2    3
     5      H        1.10000  1   109.47149  1    120.00059  1      1    2    3

 @ End Zmake conversion


 @ Begin Charge and Dipole Calculation

    ATOMIC CHARGES
   ATOM          MULLIKEN            LOWDIN
   SI            -0.3993            -0.0888
   H              0.0998             0.0148
   H              0.0999             0.0265
   H              0.1001             0.0278
   H              0.0996             0.0197
   TOTAL        -0.0000             0.0000

    DIPOLE (DEBYE)
      X         Y         Z        TOTAL
   -0.0000    0.0002    0.0002    0.0003

 @ End Charge and Dipole Calculation


 @ Output Timing Information

------------- TIMING ---------------
| INITIAL GUESS TIME  =     0.218180000(  3.97%)
| DFT GRID OPERATIONS =     0.017785000(  0.32%)
| TOTAL SCF TIME      =     0.126879000(  2.31%)
|       TOTAL OP TIME      =     0.103755000(  1.89%)
|             TOTAL 1e TIME      =     0.001364000(  0.02%)
|             TOTAL 2e TIME      =     0.060105000(  1.09%)
|             TOTAL EXC TIME     =     0.040341000(  0.73%)
|       TOTAL DII TIME      =     0.023057000(  0.42%)
|             TOTAL DIAG TIME    =     0.016718000(  0.30%)
| TOTAL GRADIENT TIME      =     0.093993000(  1.71%)
|       TOTAL 1e GRADIENT TIME      =     0.004683000( 0.10%)
|       TOTAL 2e GRADIENT TIME      =     0.072738000( 1.33%)
|       TOTAL EXC GRADIENT TIME     =     0.015729000(  0.29%)
| TOTAL TIME          =     5.489306000
------------------------------------
| Job cpu time:  0 days  0 hours  0 minutes  5.5 seconds.

 @ Finish Output Timing Information

| Normal Termination. Task Finished on: Tue Mar 15 14:27:42 2022
