  *********************************************************************************************************
  **                                                                                                     **
  **           888888888888                                                                              **
  **         8888888888888888                                                                            **
  **      888888888888888888                                                                             **
  **     888888888888888888                                                                              **
  **    888888888888888                                                                                  **
  **   88888888888888888888                               88888                       8888:              **
  **   8888888888888888888888Z                            88888                       8888:              **
  **   888888888888888888888888?                          88888                       8888:              **
  **   8888888888888      8888888                                        888888       8888:              **
  **    88888888888         888888     8888:     88888    88888        888888888I     8888:    888888    **
  **    8888888888           88888:    8888:     88888    88888      $888888888888    8888:   888888     **
  **    I8Z 88888             88888    8888:     88888    88888    .888888     8888   8888: 888888       **
  **    .8Z 88888             88888    8888:     88888    88888    $88888             8888:88888         **
  **     8I 88888      .=88. .88888    8888:     88888    88888    88888              8888888888         **
  **    :8  88888      888888$8888$    8888:     88888    88888    8888O              88888888888        **
  **   ,7   +88888.     8888888888.    8888:     88888    88888    888888             88888O888888       **
  **         $888888:.   .8888888      88888....888888    88888     888888     8888   8888:  888888      **
  **          I8888888888888888888     888888888888888    88888     O888888888888O    8888:   888888     **
  **            O888888888888888888     88888888888888    88888       88888888888$    8888:    888888    **
  **               8888888Z     888      .8888I  88888    88888         8888888       8888:     888888   **
  **                                                                                                     **
  **                                                                                                     **
  **                                         Copyright (c) 2022                                          **
  **                          Regents of the University of California San Diego                          **
  **                                    & Michigan State University                                      **
  **                                        All Rights Reserved.                                         **
  **                                                                                                     **
  **             This software is subject to the terms of the Mozilla Public License, v. 2.0.            **
  **                                                                                                     **
  *********************************************************************************************************
                                                                                                           
  Cite this work as:                                                                                       
  Manathunga, M.; Shajan, A.; Giese, T. J.; Cruzeiro, V.W.D.; Smith, J.; Miao, Y.; He, X.; Ayers, K.;      
  Brothers, E.; Goetz, A.W.; Merz, K.M. QUICK-22.03                                                        
  University of California San Diego, CA and Michigan State University, East Lansing, MI, 2022             
                                                                                                           
  If you have any comments or queries, please send us an email for technical support:                      
  quick.merzlab@gmail.com                                                                                  
                                                                                                           
| TASK STARTS ON: Tue Mar 15 14:31:28 2022
| INPUT FILE :    grad_ch5nos_b3lyp_6311g.in
| OUTPUT FILE:    grad_ch5nos_b3lyp_6311g.out
| DATA FILE  :    grad_ch5nos_b3lyp_6311g.dat
| BASIS SET PATH: /home/madu/saved-test-update/install/basis

|------------ GPU INFORMATION ---------------
| CUDA ENABLED DEVICE         :        3
| CUDA DEVICE IN USE          :        0
| CUDA DEVICE NAME            : NVIDIA TITAN V
| CUDA DEVICE PM              :       80
| CUDA DEVICE CORE FREQ(GHZ)  :     1.46
| CUDA DEVICE MEMORY SIZE (MB):    12066
| SUPPORTING CUDA VERSION     :      7.0
|--------------------------------------------

 @ Read Job And Atom

  KEYWORD=DFT B3LYP BASIS=6-311G CUTOFF=1.0E-9 DENSERMS=1.0E-6  ZMAKE GRADIENT DIPOLE                                                                                                                             
 ============== JOB CARD =============
 METHOD = DENSITY FUNCTIONAL THEORY
 DENSITY FUNCTIONAL = B3LYP
 DIRECT SCF 
 SAD INITAL GUESS 
 USE DIIS SCF
 PRINT ENERGY EVERY CYCLE
 READ SAD GUESS FROM FILE
 Z-MATRIX CONSTRUCTION
 DIPOLE
 STANDARD GRID = SG1
 GRADIENT CALCULATION
 MAX SCF CYCLES =    200
 MAX DIIS CYCLES =   10
 DELTA DENSITY START CYCLE = 1000
 COMPUTATIONAL CUTOFF: 
      TWO-e INTEGRAL   =  0.100E-08
      BASIS SET PRIME  =  0.100E-19
      MATRIX ELEMENTS  =  0.100E-09
      BASIS FUNCTION   =  0.100E-09
      GRADIENT CUTOFF  =  0.100E-08
 DENSITY MATRIX MAXIMUM RMS FOR CONVERGENCE  =  0.100E-05
 BASIS SET = 6-311G,  TYPE = CARTESIAN
| BASIS FILE = /home/madu/saved-test-update/install/basis/6-311G.BAS

 @ Finish reading job


 @ Begin SAD initial guess

 For Atom Kind =    1
 ELEMENT = C 
 BASIS FUNCTIONS =   13
 For Atom Kind =    2
 ELEMENT = O 
 BASIS FUNCTIONS =   13
 For Atom Kind =    3
 ELEMENT = N 
 BASIS FUNCTIONS =   13
 For Atom Kind =    4
 ELEMENT = H 
 BASIS FUNCTIONS =    3
 For Atom Kind =    5
 ELEMENT = S 
 BASIS FUNCTIONS =   21

 @ Finish SAD initial guess


 @ Begin Reading Molecular Information


 =========== Molecule Input ==========
 TOTAL MOLECULAR CHARGE  =    0    MULTIPLICITY                =    1
 TOTAL ATOM NUMBER       =    9    NUMBER OF ATOM TYPES        =    5
 NUMBER OF HYDROGEN ATOM =    5    NUMBER OF NON-HYDROGEN ATOM =    4
 NUMBER OF ELECTRONS     =   42

 -- INPUT GEOMETRY -- :
    C          -1.3709       0.2881      -0.2373
    O           0.0012       0.1311      -0.4531
    N          -1.7503      -0.7127       0.7167
    H          -1.8997       0.1549      -1.1853
    S          -1.7415       1.9080       0.4275
    H           0.3414      -0.0348       0.4408
    H          -1.6363      -1.6188       0.2661
    H          -2.7490      -0.6078       0.8861
    H          -1.0357       1.7471       1.5528

 -- DISTANCE MATRIX -- :
              1           2           3           4           5
      1     0.00000
      2     2.64149     0.00000
      3     2.70947     4.28781     0.00000
      4     2.06675     3.84976     3.96068     0.00000
      5     3.38226     4.98903     4.98250     4.51155     0.00000
      6     3.53334     1.83439     4.18776     5.24471     5.38266
      7     3.76053     4.72845     1.92434     4.35946     6.67455
      8     3.76245     5.94694     1.92451     4.46955     5.19404
      9     4.40981     5.24731     5.09191     6.20423     2.52847
              6           7           8           9
      6     0.00000
      7     4.79962     0.00000
      8     5.99894     3.07312     0.00000
      9     4.74631     6.90345     5.64567     0.00000

============== BASIS INFOS ==============
 BASIS FUNCTIONS =   75
 NSHELL =   38 NPRIM  =  143
 JSHELL =   38 JBASIS =   80


 @ End Reading Molecular Information 


 @ Begin XC Quadrature Formation

 OCTAGO: OCTree Algorithm for Grid Operations 
   PRUNING CUTOFF       = 0.100E-09
   INITIAL GRID POINTS  =       33968
|   FINAL GRID POINTS    =       22952
|   SIGNIFICANT NUMBER OF BASIS FUNCTIONS     =       17548
|   SIGNIFICANT NUMBER OF PRIMITIVE FUNCTIONS =       19398

 @ End XC Quadrature Formation


 @ Begin Energy Calculation

                                         SCF ENERGY
| ------------------------------------------------------------------------------------------------------------------------
| NCYC       ENERGY         DELTA_E      SCF_TIME  DII_CYC   DII_TIME   O_TIME  DIAG_TIME    MAX_ERR    RMS_CHG    MAX_CHG
| ------------------------------------------------------------------------------------------------------------------------
|  1   -570.145143984      ------         0.059     1        0.01      0.05      0.00    0.2136E+01  0.3432E-01  0.3273E+00
|  2   -569.151628479  -.993516E+00       0.030     2        0.01      0.02      0.00    0.2417E+00  0.1695E-01  0.2625E+00
|  3   -569.076526995  -.751015E-01       0.028     3        0.01      0.02      0.00    0.3500E+00  0.9503E-02  0.1453E+00
|  4   -569.240965116  0.164438E+00       0.027     4        0.00      0.02      0.00    0.2457E-01  0.1701E-02  0.2950E-01
|  5   -569.241946997  0.981881E-03       0.026     5        0.00      0.02      0.00    0.1234E-01  0.5030E-03  0.7064E-02
|  6   -569.242326715  0.379719E-03       0.026     6        0.00      0.02      0.00    0.2300E-02  0.1575E-03  0.2604E-02
|  7   -569.242341406  0.146913E-04       0.026     7        0.00      0.02      0.00    0.5127E-03  0.3073E-04  0.7650E-03
|  8   -569.242342744  0.133802E-05       0.026     8        0.00      0.02      0.00    0.7123E-04  0.7966E-05  0.7256E-04
| -------------- 2E-INT CUTOFF CHANGE TO 0.1000E-08 ------------
|  9   -569.242342292  -.452222E-06       0.028     9        0.00      0.02      0.00    0.4799E-04  0.3319E-05  0.5925E-04
| 10   -569.242342300  0.772877E-08       0.028    10        0.00      0.02      0.00    0.5385E-05  0.1680E-05  0.2853E-04
| 11   -569.242342300  0.321847E-09       0.028     1        0.00      0.02      0.00    0.7394E-05  0.9425E-06  0.1694E-04
| ------------------------------------------------------------------------------------------------------------------------
| REACH CONVERGENCE AFTER  11 CYCLES
| MAX ERROR = 0.739448E-05   RMS CHANGE = 0.942528E-06   MAX CHANGE = 0.169358E-04
| -----------------------------------------------
 ALPHA ELECTRON DENSITY    =    20.9998475782
 BETA ELECTRON DENSITY     =    20.9998475782
 ELECTRONIC ENERGY    =   -745.097801873
 CORE_CORE REPULSION  =    175.855459573
 TOTAL ENERGY         =   -569.242342300

 @ End Energy calculation


 @ Begin Gradient Calculation

 ANALYTICAL GRADIENT: 
----------------------------------------
 COORDINATE    XYZ            GRADIENT
----------------------------------------
    1X    -1.3708901047     0.0012150867
    1Y     0.2881200220     0.0202879400
    1Z    -0.2373200181     0.0200171586
    2X     0.0012200001    -0.0180422997
    2Y     0.1311300100     0.0065394451
    2Z    -0.4531100346     0.0113340391
    3X    -1.7503301337     0.0243816315
    3Y    -0.7127100544     0.0168500935
    3Z     0.7166800547     0.0010134902
    4X    -1.8996901451    -0.0059921908
    4Y     0.1549200118    -0.0105852006
    4Z    -1.1853500905     0.0013847810
    5X    -1.7415401330     0.0292545366
    5Y     1.9080001457    -0.0485251476
    5Z     0.4275400326     0.0069362604
    6X     0.3413900261    -0.0138893740
    6Y    -0.0348100027     0.0026552013
    6Z     0.4407800337    -0.0033375424
    7X    -1.6363401250    -0.0057539949
    7Y    -1.6187601236     0.0063824489
    7Z     0.2660700203    -0.0060689045
    8X    -2.7490502099    -0.0005661818
    8Y    -0.6078000464     0.0022362607
    8Z     0.8861100677    -0.0134508544
    9X    -1.0357400791    -0.0102452126
    9Y     1.7471101334     0.0042109384
    9Z     1.5528101186    -0.0171316065
----------------------------------------

 @ End Gradient Calculation


 @ Begin Zmake conversion

  
 Z-MATRIX:

   ATOM  ELEMENTAL  BOND LENGTH    BOND ANGLE    DIHEDRAL ANGLE
  NUMBER  SYMBOL    (ANGSTROMS)    (DEGREES)       (DEGREES)
     I                 I-NA         I-NA-NB        I-NA-NB-NC      NA   NB   NC

     1      C        0.00000  0     0.00000  0      0.00000  0      0    0    0
     2      O        1.39782  1     0.00000  0      0.00000  0      1    0    0
     3      N        1.43379  1   106.50476  1      0.00000  0      1    2    0
     4      H        1.09368  1   109.09390  1   -120.27054  1      1    2    3
     5      S        1.78981  1   111.23987  1    118.95972  1      1    2    3
     6      H        1.86976  1    30.41941  1     41.33759  1      1    2    3
     7      H        1.98999  1    93.57588  1    -26.71589  1      1    2    3
     8      H        1.99100  1   135.72786  1      0.13364  1      1    2    3
     9      H        2.33357  1    92.73200  1     88.65691  1      1    2    3

 @ End Zmake conversion


 @ Begin Charge and Dipole Calculation

    ATOMIC CHARGES
   ATOM          MULLIKEN            LOWDIN
   C             -0.1499            -0.0517
   O             -0.5090            -0.3372
   N             -0.6787            -0.3900
   H              0.2280             0.0742
   S              0.0449             0.0911
   H              0.3581             0.2420
   H              0.2947             0.1772
   H              0.3144             0.1813
   H              0.0975             0.0131
   TOTAL        -0.0000            -0.0000

    DIPOLE (DEBYE)
      X         Y         Z        TOTAL
   -1.2057   -2.2062    0.9081    2.6731

 @ End Charge and Dipole Calculation


 @ Output Timing Information

------------- TIMING ---------------
| INITIAL GUESS TIME  =     0.430659000(  6.98%)
| DFT GRID OPERATIONS =     0.037129000(  0.60%)
| TOTAL SCF TIME      =     0.338540000(  5.48%)
|       TOTAL OP TIME      =     0.290401000(  4.70%)
|             TOTAL 1e TIME      =     0.006570000(  0.11%)
|             TOTAL 2e TIME      =     0.100466000(  1.63%)
|             TOTAL EXC TIME     =     0.175397000(  2.84%)
|       TOTAL DII TIME      =     0.047880000(  0.78%)
|             TOTAL DIAG TIME    =     0.034420000(  0.56%)
| TOTAL GRADIENT TIME      =     0.281838000(  4.57%)
|       TOTAL 1e GRADIENT TIME      =     0.080674000( 1.32%)
|       TOTAL 2e GRADIENT TIME      =     0.123368000( 2.00%)
|       TOTAL EXC GRADIENT TIME     =     0.077045000(  1.25%)
| TOTAL TIME          =     6.172801000
------------------------------------
| Job cpu time:  0 days  0 hours  0 minutes  6.2 seconds.

 @ Finish Output Timing Information

| Normal Termination. Task Finished on: Tue Mar 15 14:31:35 2022
