  *********************************************************************************************************
  **                                                                                                     **
  **           888888888888                                                                              **
  **         8888888888888888                                                                            **
  **      888888888888888888                                                                             **
  **     888888888888888888                                                                              **
  **    888888888888888                                                                                  **
  **   88888888888888888888                               88888                       8888:              **
  **   8888888888888888888888Z                            88888                       8888:              **
  **   888888888888888888888888?                          88888                       8888:              **
  **   8888888888888      8888888                                        888888       8888:              **
  **    88888888888         888888     8888:     88888    88888        888888888I     8888:    888888    **
  **    8888888888           88888:    8888:     88888    88888      $888888888888    8888:   888888     **
  **    I8Z 88888             88888    8888:     88888    88888    .888888     8888   8888: 888888       **
  **    .8Z 88888             88888    8888:     88888    88888    $88888             8888:88888         **
  **     8I 88888      .=88. .88888    8888:     88888    88888    88888              8888888888         **
  **    :8  88888      888888$8888$    8888:     88888    88888    8888O              88888888888        **
  **   ,7   +88888.     8888888888.    8888:     88888    88888    888888             88888O888888       **
  **         $888888:.   .8888888      88888....888888    88888     888888     8888   8888:  888888      **
  **          I8888888888888888888     888888888888888    88888     O888888888888O    8888:   888888     **
  **            O888888888888888888     88888888888888    88888       88888888888$    8888:    888888    **
  **               8888888Z     888      .8888I  88888    88888         8888888       8888:     888888   **
  **                                                                                                     **
  **                                                                                                     **
  **                                         Copyright (c) 2022                                          **
  **                          Regents of the University of California San Diego                          **
  **                                    & Michigan State University                                      **
  **                                        All Rights Reserved.                                         **
  **                                                                                                     **
  **             This software is subject to the terms of the Mozilla Public License, v. 2.0.            **
  **                                                                                                     **
  *********************************************************************************************************
                                                                                                           
  Cite this work as:                                                                                       
  Manathunga, M.; Shajan, A.; Giese, T. J.; Cruzeiro, V.W.D.; Smith, J.; Miao, Y.; He, X.; Ayers, K.;      
  Brothers, E.; Goetz, A.W.; Merz, K.M. QUICK-22.03                                                        
  University of California San Diego, CA and Michigan State University, East Lansing, MI, 2022             
                                                                                                           
  If you have any comments or queries, please send us an email for technical support:                      
  quick.merzlab@gmail.com                                                                                  
                                                                                                           
| TASK STARTS ON: Tue Mar 15 14:32:55 2022
| INPUT FILE :    grad_ch5nos_b97-gga1_631g.in
| OUTPUT FILE:    grad_ch5nos_b97-gga1_631g.out
| DATA FILE  :    grad_ch5nos_b97-gga1_631g.dat
| BASIS SET PATH: /home/madu/saved-test-update/install/basis

|------------ GPU INFORMATION ---------------
| CUDA ENABLED DEVICE         :        3
| CUDA DEVICE IN USE          :        0
| CUDA DEVICE NAME            : NVIDIA TITAN V
| CUDA DEVICE PM              :       80
| CUDA DEVICE CORE FREQ(GHZ)  :     1.46
| CUDA DEVICE MEMORY SIZE (MB):    12066
| SUPPORTING CUDA VERSION     :      7.0
|--------------------------------------------

 @ Read Job And Atom

  KEYWORD=DFT B97-GGA1 BASIS=6-31G CUTOFF=1.0E-9 DENSERMS=1.0E-6  ZMAKE GRADIENT DIPOLE                                                                                                                           
 ============== JOB CARD =============
 METHOD = DENSITY FUNCTIONAL THEORY
 USING LIBXC VERSION: 4.3.4
 FUNCTIONAL INFORMATION:
 NAME = Becke 97 GGA-1 FAMILY = GGA KIND = EXCHANGE CORRELATION
 DIRECT SCF 
 SAD INITAL GUESS 
 USE DIIS SCF
 PRINT ENERGY EVERY CYCLE
 READ SAD GUESS FROM FILE
 Z-MATRIX CONSTRUCTION
 DIPOLE
 STANDARD GRID = SG1
 GRADIENT CALCULATION
 MAX SCF CYCLES =    200
 MAX DIIS CYCLES =   10
 DELTA DENSITY START CYCLE = 1000
 COMPUTATIONAL CUTOFF: 
      TWO-e INTEGRAL   =  0.100E-08
      BASIS SET PRIME  =  0.100E-19
      MATRIX ELEMENTS  =  0.100E-09
      BASIS FUNCTION   =  0.100E-09
      GRADIENT CUTOFF  =  0.100E-08
 DENSITY MATRIX MAXIMUM RMS FOR CONVERGENCE  =  0.100E-05
 BASIS SET = 6-31G,  TYPE = CARTESIAN
| BASIS FILE = /home/madu/saved-test-update/install/basis/6-31G.BAS

 @ Finish reading job


 @ Begin SAD initial guess

 For Atom Kind =    1
 ELEMENT = C 
 BASIS FUNCTIONS =    9
 For Atom Kind =    2
 ELEMENT = O 
 BASIS FUNCTIONS =    9
 For Atom Kind =    3
 ELEMENT = N 
 BASIS FUNCTIONS =    9
 For Atom Kind =    4
 ELEMENT = H 
 BASIS FUNCTIONS =    2
 For Atom Kind =    5
 ELEMENT = S 
 BASIS FUNCTIONS =   13

 @ Finish SAD initial guess


 @ Begin Reading Molecular Information


 =========== Molecule Input ==========
 TOTAL MOLECULAR CHARGE  =    0    MULTIPLICITY                =    1
 TOTAL ATOM NUMBER       =    9    NUMBER OF ATOM TYPES        =    5
 NUMBER OF HYDROGEN ATOM =    5    NUMBER OF NON-HYDROGEN ATOM =    4
 NUMBER OF ELECTRONS     =   42

 -- INPUT GEOMETRY -- :
    C          -1.3709       0.2881      -0.2373
    O           0.0012       0.1311      -0.4531
    N          -1.7503      -0.7127       0.7167
    H          -1.8997       0.1549      -1.1853
    S          -1.7415       1.9080       0.4275
    H           0.3414      -0.0348       0.4408
    H          -1.6363      -1.6188       0.2661
    H          -2.7490      -0.6078       0.8861
    H          -1.0357       1.7471       1.5528

 -- DISTANCE MATRIX -- :
              1           2           3           4           5
      1     0.00000
      2     2.64149     0.00000
      3     2.70947     4.28781     0.00000
      4     2.06675     3.84976     3.96068     0.00000
      5     3.38226     4.98903     4.98250     4.51155     0.00000
      6     3.53334     1.83439     4.18776     5.24471     5.38266
      7     3.76053     4.72845     1.92434     4.35946     6.67455
      8     3.76245     5.94694     1.92451     4.46955     5.19404
      9     4.40981     5.24731     5.09191     6.20423     2.52847
              6           7           8           9
      6     0.00000
      7     4.79962     0.00000
      8     5.99894     3.07312     0.00000
      9     4.74631     6.90345     5.64567     0.00000

============== BASIS INFOS ==============
 BASIS FUNCTIONS =   50
 NSHELL =   23 NPRIM  =  132
 JSHELL =   23 JBASIS =   66


 @ End Reading Molecular Information 


 @ Begin XC Quadrature Formation

 OCTAGO: OCTree Algorithm for Grid Operations 
   PRUNING CUTOFF       = 0.100E-09
   INITIAL GRID POINTS  =       33968
|   FINAL GRID POINTS    =       22628
|   SIGNIFICANT NUMBER OF BASIS FUNCTIONS     =       13521
|   SIGNIFICANT NUMBER OF PRIMITIVE FUNCTIONS =       17964

 @ End XC Quadrature Formation


 @ Begin Energy Calculation

                                         SCF ENERGY
| ------------------------------------------------------------------------------------------------------------------------
| NCYC       ENERGY         DELTA_E      SCF_TIME  DII_CYC   DII_TIME   O_TIME  DIAG_TIME    MAX_ERR    RMS_CHG    MAX_CHG
| ------------------------------------------------------------------------------------------------------------------------
|  1   -569.780009731      ------         0.061     1        0.01      0.06      0.00    0.1990E+01  0.6414E-01  0.4513E+00
|  2   -569.024786425  -.755223E+00       0.032     2        0.00      0.03      0.00    0.2719E+00  0.4235E-01  0.4023E+00
|  3   -568.811370998  -.213415E+00       0.029     3        0.00      0.03      0.00    0.4405E+00  0.2937E-01  0.2782E+00
|  4   -569.164218461  0.352847E+00       0.028     4        0.00      0.03      0.00    0.5410E-01  0.5543E-02  0.5865E-01
|  5   -569.170426298  0.620784E-02       0.028     5        0.00      0.02      0.00    0.1545E-01  0.1236E-02  0.1341E-01
|  6   -569.170927602  0.501304E-03       0.028     6        0.00      0.03      0.00    0.5616E-02  0.5919E-03  0.6502E-02
|  7   -569.171022488  0.948859E-04       0.028     7        0.00      0.03      0.00    0.9533E-03  0.1346E-03  0.1376E-02
|  8   -569.171025615  0.312691E-05       0.028     8        0.00      0.03      0.00    0.1085E-03  0.1849E-04  0.1882E-03
|  9   -569.171025657  0.414213E-07       0.028     9        0.00      0.02      0.00    0.6160E-04  0.7310E-05  0.7534E-04
| -------------- 2E-INT CUTOFF CHANGE TO 0.1000E-08 ------------
| 10   -569.171023483  -.217387E-05       0.029    10        0.00      0.03      0.00    0.1114E-04  0.1151E-05  0.1071E-04
| 11   -569.171023483  0.527280E-09       0.029     1        0.00      0.03      0.00    0.6069E-05  0.9279E-06  0.9542E-05
| ------------------------------------------------------------------------------------------------------------------------
| REACH CONVERGENCE AFTER  11 CYCLES
| MAX ERROR = 0.606945E-05   RMS CHANGE = 0.927901E-06   MAX CHANGE = 0.954239E-05
| -----------------------------------------------
 ALPHA ELECTRON DENSITY    =    20.9998440387
 BETA ELECTRON DENSITY     =    20.9998440387
 ELECTRONIC ENERGY    =   -745.026483056
 CORE_CORE REPULSION  =    175.855459573
 TOTAL ENERGY         =   -569.171023483

 @ End Energy calculation


 @ Begin Gradient Calculation

 ANALYTICAL GRADIENT: 
----------------------------------------
 COORDINATE    XYZ            GRADIENT
----------------------------------------
    1X    -1.3708901047    -0.0026059763
    1Y     0.2881200220     0.0203293271
    1Z    -0.2373200181     0.0138183228
    2X     0.0012200001    -0.0171271971
    2Y     0.1311300100     0.0059677645
    2Z    -0.4531100346     0.0188538392
    3X    -1.7503301337     0.0219892308
    3Y    -0.7127100544     0.0152650113
    3Z     0.7166800547    -0.0021453983
    4X    -1.8996901451    -0.0045849931
    4Y     0.1549200118    -0.0111521116
    4Z    -1.1853500905     0.0062982280
    5X    -1.7415401330     0.0281986400
    5Y     1.9080001457    -0.0484742191
    5Z     0.4275400326     0.0044746184
    6X     0.3413900261    -0.0137358933
    6Y    -0.0348100027     0.0033789466
    6Z     0.4407800337    -0.0079651454
    7X    -1.6363401250    -0.0060087198
    7Y    -1.6187601236     0.0088483330
    7Z     0.2660700203    -0.0041069573
    8X    -2.7490502099     0.0022739274
    8Y    -0.6078000464     0.0013965445
    8Z     0.8861100677    -0.0138912377
    9X    -1.0357400791    -0.0076148755
    9Y     1.7471101334     0.0035337250
    9Z     1.5528101186    -0.0138961719
----------------------------------------

 @ End Gradient Calculation


 @ Begin Zmake conversion

  
 Z-MATRIX:

   ATOM  ELEMENTAL  BOND LENGTH    BOND ANGLE    DIHEDRAL ANGLE
  NUMBER  SYMBOL    (ANGSTROMS)    (DEGREES)       (DEGREES)
     I                 I-NA         I-NA-NB        I-NA-NB-NC      NA   NB   NC

     1      C        0.00000  0     0.00000  0      0.00000  0      0    0    0
     2      O        1.39782  1     0.00000  0      0.00000  0      1    0    0
     3      N        1.43379  1   106.50476  1      0.00000  0      1    2    0
     4      H        1.09368  1   109.09390  1   -120.27054  1      1    2    3
     5      S        1.78981  1   111.23987  1    118.95972  1      1    2    3
     6      H        1.86976  1    30.41941  1     41.33759  1      1    2    3
     7      H        1.98999  1    93.57588  1    -26.71589  1      1    2    3
     8      H        1.99100  1   135.72786  1      0.13364  1      1    2    3
     9      H        2.33357  1    92.73200  1     88.65691  1      1    2    3

 @ End Zmake conversion


 @ Begin Charge and Dipole Calculation

    ATOMIC CHARGES
   ATOM          MULLIKEN            LOWDIN
   C             -0.1689            -0.0634
   O             -0.5408            -0.3898
   N             -0.6773            -0.4629
   H              0.2245             0.1220
   S              0.1027            -0.0089
   H              0.3711             0.2845
   H              0.3076             0.2141
   H              0.3123             0.2192
   H              0.0688             0.0852
   TOTAL         0.0000             0.0000

    DIPOLE (DEBYE)
      X         Y         Z        TOTAL
   -1.1079   -2.2491    0.8530    2.6483

 @ End Charge and Dipole Calculation


 @ Output Timing Information

------------- TIMING ---------------
| INITIAL GUESS TIME  =     0.442297000(  7.35%)
| DFT GRID OPERATIONS =     0.036323000(  0.60%)
| TOTAL SCF TIME      =     0.355043000(  5.90%)
|       TOTAL OP TIME      =     0.317870000(  5.28%)
|             TOTAL 1e TIME      =     0.005702000(  0.09%)
|             TOTAL 2e TIME      =     0.180105000(  2.99%)
|             TOTAL EXC TIME     =     0.125456000(  2.08%)
|       TOTAL DII TIME      =     0.037045000(  0.62%)
|             TOTAL DIAG TIME    =     0.026897000(  0.45%)
| TOTAL GRADIENT TIME      =     0.256695000(  4.26%)
|       TOTAL 1e GRADIENT TIME      =     0.037303000( 0.63%)
|       TOTAL 2e GRADIENT TIME      =     0.174135000( 2.89%)
|       TOTAL EXC GRADIENT TIME     =     0.044476000(  0.74%)
| TOTAL TIME          =     6.019625000
------------------------------------
| Job cpu time:  0 days  0 hours  0 minutes  6.0 seconds.

 @ Finish Output Timing Information

| Normal Termination. Task Finished on: Tue Mar 15 14:33:01 2022
