  *********************************************************************************************************
  **                                                                                                     **
  **           888888888888                                                                              **
  **         8888888888888888                                                                            **
  **      888888888888888888                                                                             **
  **     888888888888888888                                                                              **
  **    888888888888888                                                                                  **
  **   88888888888888888888                               88888                       8888:              **
  **   8888888888888888888888Z                            88888                       8888:              **
  **   888888888888888888888888?                          88888                       8888:              **
  **   8888888888888      8888888                                        888888       8888:              **
  **    88888888888         888888     8888:     88888    88888        888888888I     8888:    888888    **
  **    8888888888           88888:    8888:     88888    88888      $888888888888    8888:   888888     **
  **    I8Z 88888             88888    8888:     88888    88888    .888888     8888   8888: 888888       **
  **    .8Z 88888             88888    8888:     88888    88888    $88888             8888:88888         **
  **     8I 88888      .=88. .88888    8888:     88888    88888    88888              8888888888         **
  **    :8  88888      888888$8888$    8888:     88888    88888    8888O              88888888888        **
  **   ,7   +88888.     8888888888.    8888:     88888    88888    888888             88888O888888       **
  **         $888888:.   .8888888      88888....888888    88888     888888     8888   8888:  888888      **
  **          I8888888888888888888     888888888888888    88888     O888888888888O    8888:   888888     **
  **            O888888888888888888     88888888888888    88888       88888888888$    8888:    888888    **
  **               8888888Z     888      .8888I  88888    88888         8888888       8888:     888888   **
  **                                                                                                     **
  **                                                                                                     **
  **                                         Copyright (c) 2022                                          **
  **                          Regents of the University of California San Diego                          **
  **                                    & Michigan State University                                      **
  **                                        All Rights Reserved.                                         **
  **                                                                                                     **
  **             This software is subject to the terms of the Mozilla Public License, v. 2.0.            **
  **                                                                                                     **
  *********************************************************************************************************
                                                                                                           
  Cite this work as:                                                                                       
  Manathunga, M.; Shajan, A.; Giese, T. J.; Cruzeiro, V.W.D.; Smith, J.; Miao, Y.; He, X.; Ayers, K.;      
  Brothers, E.; Goetz, A.W.; Merz, K.M. QUICK-22.03                                                        
  University of California San Diego, CA and Michigan State University, East Lansing, MI, 2022             
                                                                                                           
  If you have any comments or queries, please send us an email for technical support:                      
  quick.merzlab@gmail.com                                                                                  
                                                                                                           
| TASK STARTS ON: Tue Mar 15 14:33:37 2022
| INPUT FILE :    grad_ch5nos_pw91_631g.in
| OUTPUT FILE:    grad_ch5nos_pw91_631g.out
| DATA FILE  :    grad_ch5nos_pw91_631g.dat
| BASIS SET PATH: /home/madu/saved-test-update/install/basis

|------------ GPU INFORMATION ---------------
| CUDA ENABLED DEVICE         :        3
| CUDA DEVICE IN USE          :        0
| CUDA DEVICE NAME            : NVIDIA TITAN V
| CUDA DEVICE PM              :       80
| CUDA DEVICE CORE FREQ(GHZ)  :     1.46
| CUDA DEVICE MEMORY SIZE (MB):    12066
| SUPPORTING CUDA VERSION     :      7.0
|--------------------------------------------

 @ Read Job And Atom

  KEYWORD=DFT PW91 BASIS=6-31G CUTOFF=1.0E-9 DENSERMS=1.0E-6  ZMAKE GRADIENT DIPOLE                                                                                                                               
 ============== JOB CARD =============
 METHOD = DENSITY FUNCTIONAL THEORY
 USING LIBXC VERSION: 4.3.4
 FUNCTIONAL INFORMATION:
 NAME = Perdew & Wang 91 FAMILY = GGA KIND = EXCHANGE
 NAME = Perdew & Wang 91 FAMILY = GGA KIND = CORRELATION
 DIRECT SCF 
 SAD INITAL GUESS 
 USE DIIS SCF
 PRINT ENERGY EVERY CYCLE
 READ SAD GUESS FROM FILE
 Z-MATRIX CONSTRUCTION
 DIPOLE
 STANDARD GRID = SG1
 GRADIENT CALCULATION
 MAX SCF CYCLES =    200
 MAX DIIS CYCLES =   10
 DELTA DENSITY START CYCLE = 1000
 COMPUTATIONAL CUTOFF: 
      TWO-e INTEGRAL   =  0.100E-08
      BASIS SET PRIME  =  0.100E-19
      MATRIX ELEMENTS  =  0.100E-09
      BASIS FUNCTION   =  0.100E-09
      GRADIENT CUTOFF  =  0.100E-08
 DENSITY MATRIX MAXIMUM RMS FOR CONVERGENCE  =  0.100E-05
 BASIS SET = 6-31G,  TYPE = CARTESIAN
| BASIS FILE = /home/madu/saved-test-update/install/basis/6-31G.BAS

 @ Finish reading job


 @ Begin SAD initial guess

 For Atom Kind =    1
 ELEMENT = C 
 BASIS FUNCTIONS =    9
 For Atom Kind =    2
 ELEMENT = O 
 BASIS FUNCTIONS =    9
 For Atom Kind =    3
 ELEMENT = N 
 BASIS FUNCTIONS =    9
 For Atom Kind =    4
 ELEMENT = H 
 BASIS FUNCTIONS =    2
 For Atom Kind =    5
 ELEMENT = S 
 BASIS FUNCTIONS =   13

 @ Finish SAD initial guess


 @ Begin Reading Molecular Information


 =========== Molecule Input ==========
 TOTAL MOLECULAR CHARGE  =    0    MULTIPLICITY                =    1
 TOTAL ATOM NUMBER       =    9    NUMBER OF ATOM TYPES        =    5
 NUMBER OF HYDROGEN ATOM =    5    NUMBER OF NON-HYDROGEN ATOM =    4
 NUMBER OF ELECTRONS     =   42

 -- INPUT GEOMETRY -- :
    C          -1.3709       0.2881      -0.2373
    O           0.0012       0.1311      -0.4531
    N          -1.7503      -0.7127       0.7167
    H          -1.8997       0.1549      -1.1853
    S          -1.7415       1.9080       0.4275
    H           0.3414      -0.0348       0.4408
    H          -1.6363      -1.6188       0.2661
    H          -2.7490      -0.6078       0.8861
    H          -1.0357       1.7471       1.5528

 -- DISTANCE MATRIX -- :
              1           2           3           4           5
      1     0.00000
      2     2.64149     0.00000
      3     2.70947     4.28781     0.00000
      4     2.06675     3.84976     3.96068     0.00000
      5     3.38226     4.98903     4.98250     4.51155     0.00000
      6     3.53334     1.83439     4.18776     5.24471     5.38266
      7     3.76053     4.72845     1.92434     4.35946     6.67455
      8     3.76245     5.94694     1.92451     4.46955     5.19404
      9     4.40981     5.24731     5.09191     6.20423     2.52847
              6           7           8           9
      6     0.00000
      7     4.79962     0.00000
      8     5.99894     3.07312     0.00000
      9     4.74631     6.90345     5.64567     0.00000

============== BASIS INFOS ==============
 BASIS FUNCTIONS =   50
 NSHELL =   23 NPRIM  =  132
 JSHELL =   23 JBASIS =   66


 @ End Reading Molecular Information 


 @ Begin XC Quadrature Formation

 OCTAGO: OCTree Algorithm for Grid Operations 
   PRUNING CUTOFF       = 0.100E-09
   INITIAL GRID POINTS  =       33968
|   FINAL GRID POINTS    =       22628
|   SIGNIFICANT NUMBER OF BASIS FUNCTIONS     =       13521
|   SIGNIFICANT NUMBER OF PRIMITIVE FUNCTIONS =       17964

 @ End XC Quadrature Formation


 @ Begin Energy Calculation

                                         SCF ENERGY
| ------------------------------------------------------------------------------------------------------------------------
| NCYC       ENERGY         DELTA_E      SCF_TIME  DII_CYC   DII_TIME   O_TIME  DIAG_TIME    MAX_ERR    RMS_CHG    MAX_CHG
| ------------------------------------------------------------------------------------------------------------------------
|  1   -569.696999551      ------         0.061     1        0.01      0.06      0.00    0.2005E+01  0.6416E-01  0.4185E+00
|  2   -568.921669949  -.775330E+00       0.030     2        0.00      0.03      0.00    0.2767E+00  0.4659E-01  0.4226E+00
|  3   -568.647648540  -.274021E+00       0.029     3        0.00      0.02      0.00    0.4759E+00  0.3334E-01  0.2993E+00
|  4   -569.066465855  0.418817E+00       0.028     4        0.00      0.02      0.00    0.5985E-01  0.6091E-02  0.6424E-01
|  5   -569.073439602  0.697375E-02       0.028     5        0.00      0.03      0.00    0.1896E-01  0.1575E-02  0.1611E-01
|  6   -569.074167201  0.727600E-03       0.028     6        0.00      0.02      0.00    0.7057E-02  0.7452E-03  0.8362E-02
|  7   -569.074313680  0.146479E-03       0.028     7        0.00      0.02      0.00    0.1127E-02  0.1805E-03  0.1754E-02
|  8   -569.074318886  0.520570E-05       0.028     8        0.00      0.02      0.00    0.1202E-03  0.2104E-04  0.1806E-03
|  9   -569.074318940  0.539635E-07       0.029     9        0.00      0.03      0.00    0.5387E-04  0.6465E-05  0.7076E-04
| -------------- 2E-INT CUTOFF CHANGE TO 0.1000E-08 ------------
| 10   -569.074316748  -.219205E-05       0.031    10        0.00      0.03      0.00    0.1634E-04  0.1510E-05  0.1536E-04
| 11   -569.074316749  0.106297E-08       0.030     1        0.00      0.03      0.00    0.6193E-05  0.1030E-05  0.1097E-04
| 12   -569.074316749  0.185310E-10       0.030     2        0.00      0.03      0.00    0.4680E-05  0.6626E-06  0.6243E-05
| ------------------------------------------------------------------------------------------------------------------------
| REACH CONVERGENCE AFTER  12 CYCLES
| MAX ERROR = 0.468015E-05   RMS CHANGE = 0.662567E-06   MAX CHANGE = 0.624286E-05
| -----------------------------------------------
 ALPHA ELECTRON DENSITY    =    20.9998438614
 BETA ELECTRON DENSITY     =    20.9998438614
 ELECTRONIC ENERGY    =   -744.929776322
 CORE_CORE REPULSION  =    175.855459573
 TOTAL ENERGY         =   -569.074316749

 @ End Energy calculation


 @ Begin Gradient Calculation

 ANALYTICAL GRADIENT: 
----------------------------------------
 COORDINATE    XYZ            GRADIENT
----------------------------------------
    1X    -1.3708901047    -0.0029485518
    1Y     0.2881200220     0.0206260885
    1Z    -0.2373200181     0.0136394432
    2X     0.0012200001    -0.0178977271
    2Y     0.1311300100     0.0048108338
    2Z    -0.4531100346     0.0275294873
    3X    -1.7503301337     0.0177166948
    3Y    -0.7127100544     0.0126500793
    3Z     0.7166800547    -0.0056568679
    4X    -1.8996901451    -0.0024408501
    4Y     0.1549200118    -0.0107861959
    4Z    -1.1853500905     0.0096817783
    5X    -1.7415401330     0.0318970162
    5Y     1.9080001457    -0.0512385046
    5Z     0.4275400326     0.0080320505
    6X     0.3413900261    -0.0159053263
    6Y    -0.0348100027     0.0045915598
    6Z     0.4407800337    -0.0164296119
    7X    -1.6363401250    -0.0071592714
    7Y    -1.6187601236     0.0141892895
    7Z     0.2660700203    -0.0015525380
    8X    -2.7490502099     0.0082036055
    8Y    -0.6078000464     0.0002672000
    8Z     0.8861100677    -0.0153235343
    9X    -1.0357400791    -0.0111418514
    9Y     1.7471101334     0.0051031954
    9Z     1.5528101186    -0.0191316592
----------------------------------------

 @ End Gradient Calculation


 @ Begin Zmake conversion

  
 Z-MATRIX:

   ATOM  ELEMENTAL  BOND LENGTH    BOND ANGLE    DIHEDRAL ANGLE
  NUMBER  SYMBOL    (ANGSTROMS)    (DEGREES)       (DEGREES)
     I                 I-NA         I-NA-NB        I-NA-NB-NC      NA   NB   NC

     1      C        0.00000  0     0.00000  0      0.00000  0      0    0    0
     2      O        1.39782  1     0.00000  0      0.00000  0      1    0    0
     3      N        1.43379  1   106.50476  1      0.00000  0      1    2    0
     4      H        1.09368  1   109.09390  1   -120.27054  1      1    2    3
     5      S        1.78981  1   111.23987  1    118.95972  1      1    2    3
     6      H        1.86976  1    30.41941  1     41.33759  1      1    2    3
     7      H        1.98999  1    93.57588  1    -26.71589  1      1    2    3
     8      H        1.99100  1   135.72786  1      0.13364  1      1    2    3
     9      H        2.33357  1    92.73200  1     88.65691  1      1    2    3

 @ End Zmake conversion


 @ Begin Charge and Dipole Calculation

    ATOMIC CHARGES
   ATOM          MULLIKEN            LOWDIN
   C             -0.1730            -0.0743
   O             -0.5022            -0.3726
   N             -0.6265            -0.4476
   H              0.2050             0.1189
   S              0.0966            -0.0081
   H              0.3521             0.2763
   H              0.2898             0.2091
   H              0.2941             0.2142
   H              0.0643             0.0840
   TOTAL         0.0000             0.0000

    DIPOLE (DEBYE)
      X         Y         Z        TOTAL
   -1.0678   -2.2543    0.8440    2.6333

 @ End Charge and Dipole Calculation


 @ Output Timing Information

------------- TIMING ---------------
| INITIAL GUESS TIME  =     0.442313000(  7.24%)
| DFT GRID OPERATIONS =     0.035134000(  0.57%)
| TOTAL SCF TIME      =     0.384860000(  6.30%)
|       TOTAL OP TIME      =     0.338902000(  5.54%)
|             TOTAL 1e TIME      =     0.005713000(  0.09%)
|             TOTAL 2e TIME      =     0.195124000(  3.19%)
|             TOTAL EXC TIME     =     0.131119000(  2.14%)
|       TOTAL DII TIME      =     0.045762000(  0.75%)
|             TOTAL DIAG TIME    =     0.032988000(  0.54%)
| TOTAL GRADIENT TIME      =     0.272988000(  4.47%)
|       TOTAL 1e GRADIENT TIME      =     0.053375000( 0.89%)
|       TOTAL 2e GRADIENT TIME      =     0.173855000( 2.84%)
|       TOTAL EXC GRADIENT TIME     =     0.044908000(  0.73%)
| TOTAL TIME          =     6.112933000
------------------------------------
| Job cpu time:  0 days  0 hours  0 minutes  6.1 seconds.

 @ Finish Output Timing Information

| Normal Termination. Task Finished on: Tue Mar 15 14:33:43 2022
