  *********************************************************************************************************
  **                                                                                                     **
  **           888888888888                                                                              **
  **         8888888888888888                                                                            **
  **      888888888888888888                                                                             **
  **     888888888888888888                                                                              **
  **    888888888888888                                                                                  **
  **   88888888888888888888                               88888                       8888:              **
  **   8888888888888888888888Z                            88888                       8888:              **
  **   888888888888888888888888?                          88888                       8888:              **
  **   8888888888888      8888888                                        888888       8888:              **
  **    88888888888         888888     8888:     88888    88888        888888888I     8888:    888888    **
  **    8888888888           88888:    8888:     88888    88888      $888888888888    8888:   888888     **
  **    I8Z 88888             88888    8888:     88888    88888    .888888     8888   8888: 888888       **
  **    .8Z 88888             88888    8888:     88888    88888    $88888             8888:88888         **
  **     8I 88888      .=88. .88888    8888:     88888    88888    88888              8888888888         **
  **    :8  88888      888888$8888$    8888:     88888    88888    8888O              88888888888        **
  **   ,7   +88888.     8888888888.    8888:     88888    88888    888888             88888O888888       **
  **         $888888:.   .8888888      88888....888888    88888     888888     8888   8888:  888888      **
  **          I8888888888888888888     888888888888888    88888     O888888888888O    8888:   888888     **
  **            O888888888888888888     88888888888888    88888       88888888888$    8888:    888888    **
  **               8888888Z     888      .8888I  88888    88888         8888888       8888:     888888   **
  **                                                                                                     **
  **                                                                                                     **
  **                                         Copyright (c) 2022                                          **
  **                          Regents of the University of California San Diego                          **
  **                                    & Michigan State University                                      **
  **                                        All Rights Reserved.                                         **
  **                                                                                                     **
  **             This software is subject to the terms of the Mozilla Public License, v. 2.0.            **
  **                                                                                                     **
  *********************************************************************************************************
                                                                                                           
  Cite this work as:                                                                                       
  Manathunga, M.; Shajan, A.; Giese, T. J.; Cruzeiro, V.W.D.; Smith, J.; Miao, Y.; He, X.; Ayers, K.;      
  Brothers, E.; Goetz, A.W.; Merz, K.M. QUICK-22.03                                                        
  University of California San Diego, CA and Michigan State University, East Lansing, MI, 2022             
                                                                                                           
  If you have any comments or queries, please send us an email for technical support:                      
  quick.merzlab@gmail.com                                                                                  
                                                                                                           
| TASK STARTS ON: Mon Mar 14 23:24:29 2022
| INPUT FILE :    grad_wat_b3lyp_ccpvdz.in
| OUTPUT FILE:    grad_wat_b3lyp_ccpvdz.out
| DATA FILE  :    grad_wat_b3lyp_ccpvdz.dat
| BASIS SET PATH: /mnt/gs18/scratch/users/manathun/saved-test-update/install/basis

|------------ GPU INFORMATION ---------------
| CUDA ENABLED DEVICE         :        4
| CUDA DEVICE IN USE          :        0
| CUDA DEVICE NAME            : NVIDIA A100-SXM-80GB
| CUDA DEVICE PM              :      108
| CUDA DEVICE CORE FREQ(GHZ)  :     1.41
| CUDA DEVICE MEMORY SIZE (MB):    81251
| SUPPORTING CUDA VERSION     :      8.0
|--------------------------------------------

 @ Read Job And Atom

  KEYWORD=DFT B3LYP BASIS=CC-PVDZ CUTOFF=1.0E-9 DENSERMS=1.0E-6 GRADIENT DIPOLE EXTCHARGES                                                                                                                        
 ============== JOB CARD =============
 METHOD = DENSITY FUNCTIONAL THEORY
 DENSITY FUNCTIONAL = B3LYP
 DIRECT SCF 
 SAD INITAL GUESS 
 USE DIIS SCF
 PRINT ENERGY EVERY CYCLE
 READ SAD GUESS FROM FILE
 DIPOLE
 EXTERNAL CHARGES
 STANDARD GRID = SG1
 GRADIENT CALCULATION
 MAX SCF CYCLES =    200
 MAX DIIS CYCLES =   10
 DELTA DENSITY START CYCLE = 1000
 COMPUTATIONAL CUTOFF: 
      TWO-e INTEGRAL   =  0.100E-08
      BASIS SET PRIME  =  0.100E-19
      MATRIX ELEMENTS  =  0.100E-09
      BASIS FUNCTION   =  0.100E-09
      GRADIENT CUTOFF  =  0.100E-08
 DENSITY MATRIX MAXIMUM RMS FOR CONVERGENCE  =  0.100E-05
 BASIS SET = CC-PVDZ,  TYPE = CARTESIAN
| BASIS FILE = /mnt/gs18/scratch/users/manathun/saved-test-update/install/basis/CC-PVDZ.BAS

 @ Finish reading job


 @ Begin SAD initial guess

 For Atom Kind =    1
 ELEMENT = O 
 BASIS FUNCTIONS =   15
 For Atom Kind =    2
 ELEMENT = H 
 BASIS FUNCTIONS =    5

 @ Finish SAD initial guess


 @ Begin Reading Molecular Information


 =========== Molecule Input ==========
 TOTAL MOLECULAR CHARGE  =    0    MULTIPLICITY                =    1
 TOTAL ATOM NUMBER       =    3    NUMBER OF ATOM TYPES        =    2
 NUMBER OF HYDROGEN ATOM =    2    NUMBER OF NON-HYDROGEN ATOM =    1
 NUMBER OF EXTERNAL POINT CHARGES =    3
 NUMBER OF ELECTRONS     =   10

 -- INPUT GEOMETRY -- :
    O          -0.7415       1.7521       2.8963
    H          -1.1112       0.9798       3.3523
    H          -0.9205       2.0364       1.9840

 -- EXTERNAL POINT CHARGES: (X,Y,Z,Q) -- 
        1.6492     0.0000    -2.3560    -0.8340
        0.5448     0.0000    -3.8000     0.4170
        0.5448     0.0000    -0.9121     0.4170

 -- DISTANCE MATRIX -- :
              1           2           3
      1     0.00000
      2     1.83324     0.00000
      3     1.83707     3.28673     0.00000

============== BASIS INFOS ==============
 BASIS FUNCTIONS =   25
 NSHELL =   12 NPRIM  =   56
 JSHELL =   12 JBASIS =   37


 @ End Reading Molecular Information 


 @ Begin XC Quadrature Formation

 OCTAGO: OCTree Algorithm for Grid Operations 
   PRUNING CUTOFF       = 0.100E-09
   INITIAL GRID POINTS  =       11320
|   FINAL GRID POINTS    =        8001
|   SIGNIFICANT NUMBER OF BASIS FUNCTIONS     =        4269
|   SIGNIFICANT NUMBER OF PRIMITIVE FUNCTIONS =        6264

 @ End XC Quadrature Formation


 @ Begin Energy Calculation

                                         SCF ENERGY
| ------------------------------------------------------------------------------------------------------------------------
| NCYC       ENERGY         DELTA_E      SCF_TIME  DII_CYC   DII_TIME   O_TIME  DIAG_TIME    MAX_ERR    RMS_CHG    MAX_CHG
| ------------------------------------------------------------------------------------------------------------------------
|  1    -76.450660605      ------         0.039     1        0.01      0.03      0.01    0.1587E+01  0.1114E+00  0.9207E+00
|  2    -76.334039674  -.116621E+00       0.029     2        0.01      0.02      0.01    0.1842E+00  0.6299E-01  0.6109E+00
|  3    -76.308974836  -.250648E-01       0.026     3        0.01      0.02      0.01    0.2203E+00  0.3392E-01  0.3405E+00
|  4    -76.407960648  0.989858E-01       0.026     4        0.01      0.02      0.01    0.6050E-02  0.1135E-02  0.9995E-02
|  5    -76.408022134  0.614861E-04       0.024     5        0.01      0.02      0.01    0.1249E-02  0.1997E-03  0.1743E-02
|  6    -76.408024829  0.269497E-05       0.021     6        0.01      0.01      0.01    0.1312E-03  0.3257E-04  0.2820E-03
|  7    -76.408024872  0.425975E-07       0.021     7        0.01      0.01      0.01    0.4375E-04  0.7054E-05  0.7281E-04
| -------------- 2E-INT CUTOFF CHANGE TO 0.1000E-08 ------------
|  8    -76.408024764  -.107911E-06       0.022     8        0.01      0.02      0.01    0.3475E-05  0.1046E-05  0.1018E-04
|  9    -76.408024764  0.820233E-10       0.022     9        0.01      0.02      0.01    0.5672E-06  0.1264E-06  0.1316E-05
| ------------------------------------------------------------------------------------------------------------------------
| REACH CONVERGENCE AFTER   9 CYCLES
| MAX ERROR = 0.567245E-06   RMS CHANGE = 0.126353E-06   MAX CHANGE = 0.131621E-05
| -----------------------------------------------
 ALPHA ELECTRON DENSITY    =    5.0000014696
 BETA ELECTRON DENSITY     =    5.0000014696
 ELECTRONIC ENERGY    =   -85.518435234
 CORE_CORE REPULSION  =     9.110410470
 EXT CHARGE REPULSION =    -0.170609996
 TOTAL ENERGY         =   -76.408024764

 @ End Energy calculation


 @ Begin Gradient Calculation

 ANALYTICAL GRADIENT: 
----------------------------------------
 COORDINATE    XYZ            GRADIENT
----------------------------------------
    1X    -0.7415300566    -0.0252561794
    1Y     1.7521301338    -0.0225985365
    1Z     2.8962802212    -0.0181903660
    2X    -1.1111510849     0.0102139393
    2Y     0.9797690748    -0.0035234180
    2Z     3.3522902560     0.0292526122
    3X    -0.9205000703     0.0152460664
    3Y     2.0364501555     0.0259265016
    3Z     1.9840401515    -0.0111575311
----------------------------------------

 POINT CHARGE GRADIENT: 
----------------------------------------
 COORDINATE    XYZ            GRADIENT
----------------------------------------
    1X     1.6492001259     0.0004021706
    1Y     0.0000000000    -0.0000672819
    1Z    -2.3560001799    -0.0000224242
    2X     0.5448000416    -0.0001121166
    2Y     0.0000000000     0.0000330095
    2Z    -3.8000002902     0.0000942207
    3X     0.5448000416    -0.0005052397
    3Y     0.0000000000     0.0002206276
    3Z    -0.9121000697     0.0000410721
----------------------------------------

 @ End Gradient Calculation


 @ Begin Charge and Dipole Calculation

    ATOMIC CHARGES
   ATOM          MULLIKEN            LOWDIN
   O             -0.3213            -0.5886
   H              0.1625             0.2962
   H              0.1589             0.2924
   TOTAL         0.0000            -0.0000

    DIPOLE (DEBYE)
      X         Y         Z        TOTAL
   -0.9811   -0.8720   -0.7887    1.5314

 @ End Charge and Dipole Calculation


 @ Output Timing Information

------------- TIMING ---------------
| INITIAL GUESS TIME  =     0.473546000( 15.03%)
| DFT GRID OPERATIONS =     0.009255000(  0.29%)
| TOTAL SCF TIME      =     0.232522000(  7.38%)
|       TOTAL OP TIME      =     0.153160000(  4.86%)
|             TOTAL 1e TIME      =     0.001478000(  0.05%)
|             TOTAL 2e TIME      =     0.121471000(  3.86%)
|             TOTAL EXC TIME     =     0.028275000(  0.90%)
|       TOTAL DII TIME      =     0.079316000(  2.52%)
|             TOTAL DIAG TIME    =     0.072446000(  2.30%)
| TOTAL GRADIENT TIME      =     0.071965000(  2.28%)
|       TOTAL 1e GRADIENT TIME      =     0.004427000( 0.17%)
|       TOTAL 2e GRADIENT TIME      =     0.053049000( 1.68%)
|       TOTAL EXC GRADIENT TIME     =     0.013513000(  0.43%)
| TOTAL TIME          =     3.149907000
------------------------------------
| Job cpu time:  0 days  0 hours  0 minutes  3.1 seconds.

 @ Finish Output Timing Information

| Normal Termination. Task Finished on: Mon Mar 14 23:24:32 2022
