  *********************************************************************************************************
  **                                                                                                     **
  **           888888888888                                                                              **
  **         8888888888888888                                                                            **
  **      888888888888888888                                                                             **
  **     888888888888888888                                                                              **
  **    888888888888888                                                                                  **
  **   88888888888888888888                               88888                       8888:              **
  **   8888888888888888888888Z                            88888                       8888:              **
  **   888888888888888888888888?                          88888                       8888:              **
  **   8888888888888      8888888                                        888888       8888:              **
  **    88888888888         888888     8888:     88888    88888        888888888I     8888:    888888    **
  **    8888888888           88888:    8888:     88888    88888      $888888888888    8888:   888888     **
  **    I8Z 88888             88888    8888:     88888    88888    .888888     8888   8888: 888888       **
  **    .8Z 88888             88888    8888:     88888    88888    $88888             8888:88888         **
  **     8I 88888      .=88. .88888    8888:     88888    88888    88888              8888888888         **
  **    :8  88888      888888$8888$    8888:     88888    88888    8888O              88888888888        **
  **   ,7   +88888.     8888888888.    8888:     88888    88888    888888             88888O888888       **
  **         $888888:.   .8888888      88888....888888    88888     888888     8888   8888:  888888      **
  **          I8888888888888888888     888888888888888    88888     O888888888888O    8888:   888888     **
  **            O888888888888888888     88888888888888    88888       88888888888$    8888:    888888    **
  **               8888888Z     888      .8888I  88888    88888         8888888       8888:     888888   **
  **                                                                                                     **
  **                                                                                                     **
  **                                         Copyright (c) 2022                                          **
  **                          Regents of the University of California San Diego                          **
  **                                    & Michigan State University                                      **
  **                                        All Rights Reserved.                                         **
  **                                                                                                     **
  **             This software is subject to the terms of the Mozilla Public License, v. 2.0.            **
  **                                                                                                     **
  *********************************************************************************************************
                                                                                                           
  Cite this work as:                                                                                       
  Manathunga, M.; Shajan, A.; Giese, T. J.; Cruzeiro, V.W.D.; Smith, J.; Miao, Y.; He, X.; Ayers, K.;      
  Brothers, E.; Goetz, A.W.; Merz, K.M. QUICK-22.03                                                        
  University of California San Diego, CA and Michigan State University, East Lansing, MI, 2022             
                                                                                                           
  If you have any comments or queries, please send us an email for technical support:                      
  quick.merzlab@gmail.com                                                                                  
                                                                                                           
| TASK STARTS ON: Tue Mar 15 14:27:57 2022
| INPUT FILE :    grad_BeH2_b3lyp_def2svp.in
| OUTPUT FILE:    grad_BeH2_b3lyp_def2svp.out
| DATA FILE  :    grad_BeH2_b3lyp_def2svp.dat
| BASIS SET PATH: /home/madu/saved-test-update/install/basis

|------------ GPU INFORMATION ---------------
| CUDA ENABLED DEVICE         :        3
| CUDA DEVICE IN USE          :        0
| CUDA DEVICE NAME            : NVIDIA TITAN V
| CUDA DEVICE PM              :       80
| CUDA DEVICE CORE FREQ(GHZ)  :     1.46
| CUDA DEVICE MEMORY SIZE (MB):    12066
| SUPPORTING CUDA VERSION     :      7.0
|--------------------------------------------

 @ Read Job And Atom

  KEYWORD=B3LYP  BASIS=DEF2-SVP CUTOFF=1.0E-9 DENSERMS=1.0E-6  ZMAKE GRADIENT DIPOLE CHARGE=0                                                                                                                     
 ============== JOB CARD =============
 METHOD = DENSITY FUNCTIONAL THEORY
 DENSITY FUNCTIONAL = B3LYP
 DIRECT SCF 
 SAD INITAL GUESS 
 USE DIIS SCF
 PRINT ENERGY EVERY CYCLE
 READ SAD GUESS FROM FILE
 Z-MATRIX CONSTRUCTION
 DIPOLE
 STANDARD GRID = SG1
 GRADIENT CALCULATION
 MAX SCF CYCLES =    200
 MAX DIIS CYCLES =   10
 DELTA DENSITY START CYCLE = 1000
 COMPUTATIONAL CUTOFF: 
      TWO-e INTEGRAL   =  0.100E-08
      BASIS SET PRIME  =  0.100E-19
      MATRIX ELEMENTS  =  0.100E-09
      BASIS FUNCTION   =  0.100E-09
      GRADIENT CUTOFF  =  0.100E-08
 DENSITY MATRIX MAXIMUM RMS FOR CONVERGENCE  =  0.100E-05
 BASIS SET = DEF2-SVP,  TYPE = CARTESIAN
| BASIS FILE = /home/madu/saved-test-update/install/basis/DEF2-SVP.BAS

 @ Finish reading job


 @ Begin SAD initial guess

 For Atom Kind =    1
 ELEMENT = BE
 BASIS FUNCTIONS =    9
 For Atom Kind =    2
 ELEMENT = H 
 BASIS FUNCTIONS =    5

 @ Finish SAD initial guess


 @ Begin Reading Molecular Information


 =========== Molecule Input ==========
 TOTAL MOLECULAR CHARGE  =    0    MULTIPLICITY                =    1
 TOTAL ATOM NUMBER       =    3    NUMBER OF ATOM TYPES        =    2
 NUMBER OF HYDROGEN ATOM =    2    NUMBER OF NON-HYDROGEN ATOM =    1
 NUMBER OF ELECTRONS     =    6

 -- INPUT GEOMETRY -- :
    BE         -2.7429       0.3216      -1.3318
    H          -1.6429       0.3216      -1.3318
    H          -3.8429       0.3216      -1.3318

 -- DISTANCE MATRIX -- :
              1           2           3
      1     0.00000
      2     2.07870     0.00000
      3     2.07870     4.15740     0.00000

============== BASIS INFOS ==============
 BASIS FUNCTIONS =   19
 NSHELL =   11 NPRIM  =   33
 JSHELL =   11 JBASIS =   21


 @ End Reading Molecular Information 


 @ Begin XC Quadrature Formation

 OCTAGO: OCTree Algorithm for Grid Operations 
   PRUNING CUTOFF       = 0.100E-09
   INITIAL GRID POINTS  =       11320
|   FINAL GRID POINTS    =        7971
|   SIGNIFICANT NUMBER OF BASIS FUNCTIONS     =        3348
|   SIGNIFICANT NUMBER OF PRIMITIVE FUNCTIONS =        4235

 @ End XC Quadrature Formation


 @ Begin Energy Calculation

                                         SCF ENERGY
| ------------------------------------------------------------------------------------------------------------------------
| NCYC       ENERGY         DELTA_E      SCF_TIME  DII_CYC   DII_TIME   O_TIME  DIAG_TIME    MAX_ERR    RMS_CHG    MAX_CHG
| ------------------------------------------------------------------------------------------------------------------------
|  1    -15.791568863      ------         0.030     1        0.00      0.03      0.00    0.6729E+00  0.8903E-01  0.6422E+00
|  2    -15.846431370  0.548625E-01       0.007     2        0.00      0.00      0.00    0.7552E-01  0.1781E-01  0.1623E+00
|  3    -15.859895900  0.134645E-01       0.007     3        0.00      0.00      0.00    0.1413E-01  0.2780E-02  0.2120E-01
|  4    -15.860403350  0.507450E-03       0.007     4        0.00      0.00      0.00    0.4926E-03  0.2661E-03  0.2774E-02
|  5    -15.860404254  0.904171E-06       0.007     5        0.00      0.00      0.00    0.1357E-03  0.2792E-04  0.2491E-03
|  6    -15.860404278  0.237426E-07       0.007     6        0.00      0.00      0.00    0.3209E-05  0.8376E-06  0.4559E-05
| ------------------------------------------------------------------------------------------------------------------------
| REACH CONVERGENCE AFTER   6 CYCLES
| MAX ERROR = 0.320923E-05   RMS CHANGE = 0.837612E-06   MAX CHANGE = 0.455943E-05
| -----------------------------------------------
 ALPHA ELECTRON DENSITY    =     3.0000311505
 BETA ELECTRON DENSITY     =     3.0000311505
 ELECTRONIC ENERGY    =    -19.949500889
 CORE_CORE REPULSION  =      4.089096612
 TOTAL ENERGY         =    -15.860404278

 @ End Energy calculation


 @ Begin Gradient Calculation

 ANALYTICAL GRADIENT: 
----------------------------------------
 COORDINATE    XYZ            GRADIENT
----------------------------------------
    1X    -2.7428602095    -0.0000000000
    1Y     0.3216200246     0.0000000000
    1Z    -1.3318101017     0.0000000000
    2X    -1.6428601255    -0.1186430031
    2Y     0.3216200246    -0.0000000000
    2Z    -1.3318101017    -0.0000000000
    3X    -3.8428602935     0.1186430031
    3Y     0.3216200246     0.0000000000
    3Z    -1.3318101017     0.0000000000
----------------------------------------

 @ End Gradient Calculation


 @ Begin Zmake conversion

  
 Z-MATRIX:

   ATOM  ELEMENTAL  BOND LENGTH    BOND ANGLE    DIHEDRAL ANGLE
  NUMBER  SYMBOL    (ANGSTROMS)    (DEGREES)       (DEGREES)
     I                 I-NA         I-NA-NB        I-NA-NB-NC      NA   NB   NC

     1      BE       0.00000  0     0.00000  0      0.00000  0      0    0    0
     2      H        1.10000  1     0.00000  0      0.00000  0      1    0    0
     3      H        1.10000  1   180.00000  1      0.00000  0      1    2    0

 @ End Zmake conversion


 @ Begin Charge and Dipole Calculation

    ATOMIC CHARGES
   ATOM          MULLIKEN            LOWDIN
   BE             0.1047             0.3363
   H             -0.0523            -0.1682
   H             -0.0523            -0.1682
   TOTAL         0.0000            -0.0000

    DIPOLE (DEBYE)
      X         Y         Z        TOTAL
    0.0000    0.0000    0.0000    0.0000

 @ End Charge and Dipole Calculation


 @ Output Timing Information

------------- TIMING ---------------
| INITIAL GUESS TIME  =     0.912774000( 15.66%)
| DFT GRID OPERATIONS =     0.012237000(  0.21%)
| TOTAL SCF TIME      =     0.065060000(  1.12%)
|       TOTAL OP TIME      =     0.043284000(  0.74%)
|             TOTAL 1e TIME      =     0.000712000(  0.01%)
|             TOTAL 2e TIME      =     0.013304000(  0.23%)
|             TOTAL EXC TIME     =     0.028021000(  0.48%)
|       TOTAL DII TIME      =     0.021715000(  0.37%)
|             TOTAL DIAG TIME    =     0.015898000(  0.27%)
| TOTAL GRADIENT TIME      =     0.018612000(  0.32%)
|       TOTAL 1e GRADIENT TIME      =     0.004731000( 0.09%)
|       TOTAL 2e GRADIENT TIME      =     0.007892000( 0.14%)
|       TOTAL EXC GRADIENT TIME     =     0.005506000(  0.09%)
| TOTAL TIME          =     5.829120000
------------------------------------
| Job cpu time:  0 days  0 hours  0 minutes  5.8 seconds.

 @ Finish Output Timing Information

| Normal Termination. Task Finished on: Tue Mar 15 14:28:03 2022
