  *********************************************************************************************************
  **                                                                                                     **
  **           888888888888                                                                              **
  **         8888888888888888                                                                            **
  **      888888888888888888                                                                             **
  **     888888888888888888                                                                              **
  **    888888888888888                                                                                  **
  **   88888888888888888888                               88888                       8888:              **
  **   8888888888888888888888Z                            88888                       8888:              **
  **   888888888888888888888888?                          88888                       8888:              **
  **   8888888888888      8888888                                        888888       8888:              **
  **    88888888888         888888     8888:     88888    88888        888888888I     8888:    888888    **
  **    8888888888           88888:    8888:     88888    88888      $888888888888    8888:   888888     **
  **    I8Z 88888             88888    8888:     88888    88888    .888888     8888   8888: 888888       **
  **    .8Z 88888             88888    8888:     88888    88888    $88888             8888:88888         **
  **     8I 88888      .=88. .88888    8888:     88888    88888    88888              8888888888         **
  **    :8  88888      888888$8888$    8888:     88888    88888    8888O              88888888888        **
  **   ,7   +88888.     8888888888.    8888:     88888    88888    888888             88888O888888       **
  **         $888888:.   .8888888      88888....888888    88888     888888     8888   8888:  888888      **
  **          I8888888888888888888     888888888888888    88888     O888888888888O    8888:   888888     **
  **            O888888888888888888     88888888888888    88888       88888888888$    8888:    888888    **
  **               8888888Z     888      .8888I  88888    88888         8888888       8888:     888888   **
  **                                                                                                     **
  **                                                                                                     **
  **                                         Copyright (c) 2022                                          **
  **                          Regents of the University of California San Diego                          **
  **                                    & Michigan State University                                      **
  **                                        All Rights Reserved.                                         **
  **                                                                                                     **
  **             This software is subject to the terms of the Mozilla Public License, v. 2.0.            **
  **                                                                                                     **
  *********************************************************************************************************
                                                                                                           
  Cite this work as:                                                                                       
  Manathunga, M.; Shajan, A.; Giese, T. J.; Cruzeiro, V.W.D.; Smith, J.; Miao, Y.; He, X.; Ayers, K.;      
  Brothers, E.; Goetz, A.W.; Merz, K.M. QUICK-22.03                                                        
  University of California San Diego, CA and Michigan State University, East Lansing, MI, 2022             
                                                                                                           
  If you have any comments or queries, please send us an email for technical support:                      
  quick.merzlab@gmail.com                                                                                  
                                                                                                           
| TASK STARTS ON: Tue Mar 15 14:29:17 2022
| INPUT FILE :    grad_SiH4_b3lyp_def2svp.in
| OUTPUT FILE:    grad_SiH4_b3lyp_def2svp.out
| DATA FILE  :    grad_SiH4_b3lyp_def2svp.dat
| BASIS SET PATH: /home/madu/saved-test-update/install/basis

|------------ GPU INFORMATION ---------------
| CUDA ENABLED DEVICE         :        3
| CUDA DEVICE IN USE          :        0
| CUDA DEVICE NAME            : NVIDIA TITAN V
| CUDA DEVICE PM              :       80
| CUDA DEVICE CORE FREQ(GHZ)  :     1.46
| CUDA DEVICE MEMORY SIZE (MB):    12066
| SUPPORTING CUDA VERSION     :      7.0
|--------------------------------------------

 @ Read Job And Atom

  KEYWORD=B3LYP  BASIS=DEF2-SVP CUTOFF=1.0E-9 DENSERMS=1.0E-6  ZMAKE GRADIENT DIPOLE CHARGE=0                                                                                                                     
 ============== JOB CARD =============
 METHOD = DENSITY FUNCTIONAL THEORY
 DENSITY FUNCTIONAL = B3LYP
 DIRECT SCF 
 SAD INITAL GUESS 
 USE DIIS SCF
 PRINT ENERGY EVERY CYCLE
 READ SAD GUESS FROM FILE
 Z-MATRIX CONSTRUCTION
 DIPOLE
 STANDARD GRID = SG1
 GRADIENT CALCULATION
 MAX SCF CYCLES =    200
 MAX DIIS CYCLES =   10
 DELTA DENSITY START CYCLE = 1000
 COMPUTATIONAL CUTOFF: 
      TWO-e INTEGRAL   =  0.100E-08
      BASIS SET PRIME  =  0.100E-19
      MATRIX ELEMENTS  =  0.100E-09
      BASIS FUNCTION   =  0.100E-09
      GRADIENT CUTOFF  =  0.100E-08
 DENSITY MATRIX MAXIMUM RMS FOR CONVERGENCE  =  0.100E-05
 BASIS SET = DEF2-SVP,  TYPE = CARTESIAN
| BASIS FILE = /home/madu/saved-test-update/install/basis/DEF2-SVP.BAS

 @ Finish reading job


 @ Begin SAD initial guess

 For Atom Kind =    1
 ELEMENT = SI
 BASIS FUNCTIONS =   19
 For Atom Kind =    2
 ELEMENT = H 
 BASIS FUNCTIONS =    5

 @ Finish SAD initial guess


 @ Begin Reading Molecular Information


 =========== Molecule Input ==========
 TOTAL MOLECULAR CHARGE  =    0    MULTIPLICITY                =    1
 TOTAL ATOM NUMBER       =    5    NUMBER OF ATOM TYPES        =    2
 NUMBER OF HYDROGEN ATOM =    4    NUMBER OF NON-HYDROGEN ATOM =    1
 NUMBER OF ELECTRONS     =   18

 -- INPUT GEOMETRY -- :
    SI         -1.7719      -1.4158       0.0226
    H          -0.6719      -1.4158       0.0226
    H          -2.1386      -0.9311      -0.8942
    H          -2.1386      -0.8640       0.9008
    H          -2.1386      -2.4521       0.0614

 -- DISTANCE MATRIX -- :
              1           2           3           4           5
      1     0.00000
      2     2.07870     0.00000
      3     2.07869     3.39450     0.00000
      4     2.07871     3.39451     3.39450     0.00000
      5     2.07869     3.39450     3.39449     3.39450     0.00000

============== BASIS INFOS ==============
 BASIS FUNCTIONS =   39
 NSHELL =   20 NPRIM  =   65
 JSHELL =   20 JBASIS =   38


 @ End Reading Molecular Information 


 @ Begin XC Quadrature Formation

 OCTAGO: OCTree Algorithm for Grid Operations 
   PRUNING CUTOFF       = 0.100E-09
   INITIAL GRID POINTS  =       18768
|   FINAL GRID POINTS    =       12446
|   SIGNIFICANT NUMBER OF BASIS FUNCTIONS     =        7111
|   SIGNIFICANT NUMBER OF PRIMITIVE FUNCTIONS =        8234

 @ End XC Quadrature Formation


 @ Begin Energy Calculation

                                         SCF ENERGY
| ------------------------------------------------------------------------------------------------------------------------
| NCYC       ENERGY         DELTA_E      SCF_TIME  DII_CYC   DII_TIME   O_TIME  DIAG_TIME    MAX_ERR    RMS_CHG    MAX_CHG
| ------------------------------------------------------------------------------------------------------------------------
|  1   -292.116544581      ------         0.042     1        0.00      0.04      0.00    0.3405E+01  0.5589E-01  0.4398E+00
|  2   -291.409231502  -.707313E+00       0.018     2        0.00      0.01      0.00    0.6664E-01  0.1740E-01  0.2046E+00
|  3   -291.430000766  0.207693E-01       0.016     3        0.00      0.01      0.00    0.3469E-01  0.5168E-02  0.6988E-01
|  4   -291.435192615  0.519185E-02       0.016     4        0.00      0.01      0.00    0.1600E-02  0.3973E-03  0.5645E-02
|  5   -291.435207989  0.153742E-04       0.016     5        0.00      0.01      0.00    0.9160E-04  0.3563E-04  0.2534E-03
|  6   -291.435208057  0.681192E-07       0.016     6        0.00      0.01      0.00    0.3558E-04  0.4400E-05  0.3463E-04
| -------------- 2E-INT CUTOFF CHANGE TO 0.1000E-08 ------------
|  7   -291.435208627  0.570238E-06       0.016     7        0.00      0.01      0.00    0.7710E-05  0.8942E-06  0.8380E-05
| ------------------------------------------------------------------------------------------------------------------------
| REACH CONVERGENCE AFTER   7 CYCLES
| MAX ERROR = 0.771043E-05   RMS CHANGE = 0.894161E-06   MAX CHANGE = 0.837997E-05
| -----------------------------------------------
 ALPHA ELECTRON DENSITY    =     8.9999942336
 BETA ELECTRON DENSITY     =     8.9999942336
 ELECTRONIC ENERGY    =   -320.142705928
 CORE_CORE REPULSION  =     28.707497301
 TOTAL ENERGY         =   -291.435208627

 @ End Energy calculation


 @ Begin Gradient Calculation

 ANALYTICAL GRADIENT: 
----------------------------------------
 COORDINATE    XYZ            GRADIENT
----------------------------------------
    1X    -1.7718901353     0.0011652457
    1Y    -1.4157601081    -0.0014677346
    1Z     0.0226300017    -0.0002617076
    2X    -0.6718900513    -0.3434405763
    2Y    -1.4157601081     0.0000185815
    2Z     0.0226300017     0.0000044073
    3X    -2.1385601633     0.1142374433
    3Y    -0.9311200711    -0.1513578166
    3Z    -0.8942500683     0.2863279742
    4X    -2.1385601633     0.1141305964
    4Y    -0.8640300660    -0.1721225417
    4Z     0.9007900688    -0.2737537442
    5X    -2.1385601633     0.1147006341
    5Y    -2.4521201873     0.3244151255
    5Z     0.0613700047    -0.0123086826
----------------------------------------

 @ End Gradient Calculation


 @ Begin Zmake conversion

  
 Z-MATRIX:

   ATOM  ELEMENTAL  BOND LENGTH    BOND ANGLE    DIHEDRAL ANGLE
  NUMBER  SYMBOL    (ANGSTROMS)    (DEGREES)       (DEGREES)
     I                 I-NA         I-NA-NB        I-NA-NB-NC      NA   NB   NC

     1      SI       0.00000  0     0.00000  0      0.00000  0      0    0    0
     2      H        1.10000  1     0.00000  0      0.00000  0      1    0    0
     3      H        1.10000  1   109.47147  1      0.00000  0      1    2    0
     4      H        1.10001  1   109.47126  1   -119.99987  1      1    2    3
     5      H        1.10000  1   109.47149  1    120.00059  1      1    2    3

 @ End Zmake conversion


 @ Begin Charge and Dipole Calculation

    ATOMIC CHARGES
   ATOM          MULLIKEN            LOWDIN
   SI             0.7651             0.3057
   H             -0.1913            -0.0861
   H             -0.1912            -0.0708
   H             -0.1909            -0.0691
   H             -0.1917            -0.0796
   TOTAL        -0.0000            -0.0000

    DIPOLE (DEBYE)
      X         Y         Z        TOTAL
    0.0000    0.0005    0.0003    0.0005

 @ End Charge and Dipole Calculation


 @ Output Timing Information

------------- TIMING ---------------
| INITIAL GUESS TIME  =     0.919415000( 15.23%)
| DFT GRID OPERATIONS =     0.018857000(  0.31%)
| TOTAL SCF TIME      =     0.140392000(  2.33%)
|       TOTAL OP TIME      =     0.112419000(  1.86%)
|             TOTAL 1e TIME      =     0.002039000(  0.03%)
|             TOTAL 2e TIME      =     0.049752000(  0.82%)
|             TOTAL EXC TIME     =     0.057909000(  0.96%)
|       TOTAL DII TIME      =     0.027884000(  0.46%)
|             TOTAL DIAG TIME    =     0.020683000(  0.34%)
| TOTAL GRADIENT TIME      =     0.133964000(  2.22%)
|       TOTAL 1e GRADIENT TIME      =     0.016494000( 0.28%)
|       TOTAL 2e GRADIENT TIME      =     0.085676000( 1.42%)
|       TOTAL EXC GRADIENT TIME     =     0.031127000(  0.52%)
| TOTAL TIME          =     6.035272000
------------------------------------
| Job cpu time:  0 days  0 hours  0 minutes  6.0 seconds.

 @ Finish Output Timing Information

| Normal Termination. Task Finished on: Tue Mar 15 14:29:24 2022
