  *********************************************************************************************************
  **                                                                                                     **
  **           888888888888                                                                              **
  **         8888888888888888                                                                            **
  **      888888888888888888                                                                             **
  **     888888888888888888                                                                              **
  **    888888888888888                                                                                  **
  **   88888888888888888888                               88888                       8888:              **
  **   8888888888888888888888Z                            88888                       8888:              **
  **   888888888888888888888888?                          88888                       8888:              **
  **   8888888888888      8888888                                        888888       8888:              **
  **    88888888888         888888     8888:     88888    88888        888888888I     8888:    888888    **
  **    8888888888           88888:    8888:     88888    88888      $888888888888    8888:   888888     **
  **    I8Z 88888             88888    8888:     88888    88888    .888888     8888   8888: 888888       **
  **    .8Z 88888             88888    8888:     88888    88888    $88888             8888:88888         **
  **     8I 88888      .=88. .88888    8888:     88888    88888    88888              8888888888         **
  **    :8  88888      888888$8888$    8888:     88888    88888    8888O              88888888888        **
  **   ,7   +88888.     8888888888.    8888:     88888    88888    888888             88888O888888       **
  **         $888888:.   .8888888      88888....888888    88888     888888     8888   8888:  888888      **
  **          I8888888888888888888     888888888888888    88888     O888888888888O    8888:   888888     **
  **            O888888888888888888     88888888888888    88888       88888888888$    8888:    888888    **
  **               8888888Z     888      .8888I  88888    88888         8888888       8888:     888888   **
  **                                                                                                     **
  **                                                                                                     **
  **                                         Copyright (c) 2022                                          **
  **                          Regents of the University of California San Diego                          **
  **                                    & Michigan State University                                      **
  **                                        All Rights Reserved.                                         **
  **                                                                                                     **
  **             This software is subject to the terms of the Mozilla Public License, v. 2.0.            **
  **                                                                                                     **
  *********************************************************************************************************
                                                                                                           
  Cite this work as:                                                                                       
  Manathunga, M.; Shajan, A.; Giese, T. J.; Cruzeiro, V.W.D.; Smith, J.; Miao, Y.; He, X.; Ayers, K.;      
  Brothers, E.; Goetz, A.W.; Merz, K.M. QUICK-22.03                                                        
  University of California San Diego, CA and Michigan State University, East Lansing, MI, 2022             
                                                                                                           
  If you have any comments or queries, please send us an email for technical support:                      
  quick.merzlab@gmail.com                                                                                  
                                                                                                           
| TASK STARTS ON: Tue Mar 15 14:32:09 2022
| INPUT FILE :    grad_ch5nos_b3lyp_6311plg2dp.in
| OUTPUT FILE:    grad_ch5nos_b3lyp_6311plg2dp.out
| DATA FILE  :    grad_ch5nos_b3lyp_6311plg2dp.dat
| BASIS SET PATH: /home/madu/saved-test-update/install/basis

|------------ GPU INFORMATION ---------------
| CUDA ENABLED DEVICE         :        3
| CUDA DEVICE IN USE          :        0
| CUDA DEVICE NAME            : NVIDIA TITAN V
| CUDA DEVICE PM              :       80
| CUDA DEVICE CORE FREQ(GHZ)  :     1.46
| CUDA DEVICE MEMORY SIZE (MB):    12066
| SUPPORTING CUDA VERSION     :      7.0
|--------------------------------------------

 @ Read Job And Atom

  KEYWORD=DFT B3LYP BASIS=6-311+G(2D,P) CUTOFF=1.0E-9 DENSERMS=1.0E-6  ZMAKE GRADIENT DIPOLE                                                                                                                      
 ============== JOB CARD =============
 METHOD = DENSITY FUNCTIONAL THEORY
 DENSITY FUNCTIONAL = B3LYP
 DIRECT SCF 
 SAD INITAL GUESS 
 USE DIIS SCF
 PRINT ENERGY EVERY CYCLE
 READ SAD GUESS FROM FILE
 Z-MATRIX CONSTRUCTION
 DIPOLE
 STANDARD GRID = SG1
 GRADIENT CALCULATION
 MAX SCF CYCLES =    200
 MAX DIIS CYCLES =   10
 DELTA DENSITY START CYCLE = 1000
 COMPUTATIONAL CUTOFF: 
      TWO-e INTEGRAL   =  0.100E-08
      BASIS SET PRIME  =  0.100E-19
      MATRIX ELEMENTS  =  0.100E-09
      BASIS FUNCTION   =  0.100E-09
      GRADIENT CUTOFF  =  0.100E-08
 DENSITY MATRIX MAXIMUM RMS FOR CONVERGENCE  =  0.100E-05
 BASIS SET = 6-311+G(2D,P),  TYPE = CARTESIAN
| BASIS FILE = /home/madu/saved-test-update/install/basis/6-311PLG2DP.BAS

 @ Finish reading job


 @ Begin SAD initial guess

 For Atom Kind =    1
 ELEMENT = C 
 BASIS FUNCTIONS =   29
 For Atom Kind =    2
 ELEMENT = O 
 BASIS FUNCTIONS =   29
 For Atom Kind =    3
 ELEMENT = N 
 BASIS FUNCTIONS =   29
 For Atom Kind =    4
 ELEMENT = H 
 BASIS FUNCTIONS =    6
 For Atom Kind =    5
 ELEMENT = S 
 BASIS FUNCTIONS =   37

 @ Finish SAD initial guess


 @ Begin Reading Molecular Information


 =========== Molecule Input ==========
 TOTAL MOLECULAR CHARGE  =    0    MULTIPLICITY                =    1
 TOTAL ATOM NUMBER       =    9    NUMBER OF ATOM TYPES        =    5
 NUMBER OF HYDROGEN ATOM =    5    NUMBER OF NON-HYDROGEN ATOM =    4
 NUMBER OF ELECTRONS     =   42

 -- INPUT GEOMETRY -- :
    C          -1.3709       0.2881      -0.2373
    O           0.0012       0.1311      -0.4531
    N          -1.7503      -0.7127       0.7167
    H          -1.8997       0.1549      -1.1853
    S          -1.7415       1.9080       0.4275
    H           0.3414      -0.0348       0.4408
    H          -1.6363      -1.6188       0.2661
    H          -2.7490      -0.6078       0.8861
    H          -1.0357       1.7471       1.5528

 -- DISTANCE MATRIX -- :
              1           2           3           4           5
      1     0.00000
      2     2.64149     0.00000
      3     2.70947     4.28781     0.00000
      4     2.06675     3.84976     3.96068     0.00000
      5     3.38226     4.98903     4.98250     4.51155     0.00000
      6     3.53334     1.83439     4.18776     5.24471     5.38266
      7     3.76053     4.72845     1.92434     4.35946     6.67455
      8     3.76245     5.94694     1.92451     4.46955     5.19404
      9     4.40981     5.24731     5.09191     6.20423     2.52847
              6           7           8           9
      6     0.00000
      7     4.79962     0.00000
      8     5.99894     3.07312     0.00000
      9     4.74631     6.90345     5.64567     0.00000

============== BASIS INFOS ==============
 BASIS FUNCTIONS =  154
 NSHELL =   55 NPRIM  =  222
 JSHELL =   55 JBASIS =   97


 @ End Reading Molecular Information 


 @ Begin XC Quadrature Formation

 OCTAGO: OCTree Algorithm for Grid Operations 
   PRUNING CUTOFF       = 0.100E-09
   INITIAL GRID POINTS  =       33968
|   FINAL GRID POINTS    =       23420
|   SIGNIFICANT NUMBER OF BASIS FUNCTIONS     =       38713
|   SIGNIFICANT NUMBER OF PRIMITIVE FUNCTIONS =       40539

 @ End XC Quadrature Formation


 @ Begin Energy Calculation

                                         SCF ENERGY
| ------------------------------------------------------------------------------------------------------------------------
| NCYC       ENERGY         DELTA_E      SCF_TIME  DII_CYC   DII_TIME   O_TIME  DIAG_TIME    MAX_ERR    RMS_CHG    MAX_CHG
| ------------------------------------------------------------------------------------------------------------------------
|  1   -570.049776192      ------         0.187     1        0.01      0.18      0.00    0.2176E+01  0.1570E-01  0.3644E+00
|  2   -569.236785181  -.812991E+00       0.145     2        0.01      0.14      0.00    0.2916E+00  0.9662E-02  0.2434E+00
|  3   -569.070411384  -.166374E+00       0.144     3        0.01      0.14      0.00    0.5030E+00  0.6391E-02  0.1570E+00
|  4   -569.359075290  0.288664E+00       0.144     4        0.01      0.14      0.00    0.3109E-01  0.9102E-03  0.2674E-01
|  5   -569.361400247  0.232496E-02       0.144     5        0.01      0.14      0.00    0.1635E-01  0.2774E-03  0.9580E-02
|  6   -569.361942594  0.542346E-03       0.143     6        0.01      0.14      0.00    0.4403E-02  0.1017E-03  0.2987E-02
|  7   -569.361985401  0.428078E-04       0.145     7        0.01      0.14      0.00    0.8268E-03  0.2730E-04  0.7092E-03
|  8   -569.361987915  0.251364E-05       0.143     8        0.01      0.14      0.00    0.1534E-03  0.5670E-05  0.1857E-03
| -------------- 2E-INT CUTOFF CHANGE TO 0.1000E-08 ------------
|  9   -569.361987689  -.226322E-06       0.155     9        0.01      0.15      0.00    0.8585E-04  0.2697E-04  0.1121E-02
| 10   -569.361987725  0.358710E-07       0.154    10        0.01      0.15      0.00    0.1279E-04  0.2473E-04  0.1031E-02
| 11   -569.361987727  0.215130E-08       0.154     1        0.01      0.15      0.00    0.2305E-04  0.1590E-04  0.6561E-03
| 12   -569.361987729  0.254840E-08       0.154     2        0.01      0.15      0.00    0.3936E-05  0.3017E-05  0.1256E-03
| 13   -569.361987729  0.114369E-09       0.154     3        0.01      0.15      0.00    0.2584E-06  0.3838E-06  0.1603E-04
| ------------------------------------------------------------------------------------------------------------------------
| REACH CONVERGENCE AFTER  13 CYCLES
| MAX ERROR = 0.258396E-06   RMS CHANGE = 0.383820E-06   MAX CHANGE = 0.160345E-04
| -----------------------------------------------
 ALPHA ELECTRON DENSITY    =    20.9998089115
 BETA ELECTRON DENSITY     =    20.9998089115
 ELECTRONIC ENERGY    =   -745.217447302
 CORE_CORE REPULSION  =    175.855459573
 TOTAL ENERGY         =   -569.361987729

 @ End Energy calculation


 @ Begin Gradient Calculation

 ANALYTICAL GRADIENT: 
----------------------------------------
 COORDINATE    XYZ            GRADIENT
----------------------------------------
    1X    -1.3708901047    -0.0119865623
    1Y     0.2881200220     0.0111981684
    1Z    -0.2373200181     0.0019428012
    2X     0.0012200001    -0.0051577948
    2Y     0.1311300100     0.0041457318
    2Z    -0.4531100346     0.0048742525
    3X    -1.7503301337     0.0162920625
    3Y    -0.7127100544     0.0123846329
    3Z     0.7166800547    -0.0048390607
    4X    -1.8996901451    -0.0045544136
    4Y     0.1549200118    -0.0094737284
    4Z    -1.1853500905     0.0038708531
    5X    -1.7415401330     0.0142165744
    5Y     1.9080001457    -0.0264262819
    5Z     0.4275400326     0.0015100183
    6X     0.3413900261    -0.0054309347
    6Y    -0.0348100027     0.0004125271
    6Z     0.4407800337     0.0047936393
    7X    -1.6363401250    -0.0014558344
    7Y    -1.6187601236     0.0030587404
    7Z     0.2660700203    -0.0024214279
    8X    -2.7490502099    -0.0013173408
    8Y    -0.6078000464     0.0023031219
    8Z     0.8861100677    -0.0066146947
    9X    -1.0357400791    -0.0005570194
    9Y     1.7471101334     0.0023082670
    9Z     1.5528101186    -0.0021100143
----------------------------------------

 @ End Gradient Calculation


 @ Begin Zmake conversion

  
 Z-MATRIX:

   ATOM  ELEMENTAL  BOND LENGTH    BOND ANGLE    DIHEDRAL ANGLE
  NUMBER  SYMBOL    (ANGSTROMS)    (DEGREES)       (DEGREES)
     I                 I-NA         I-NA-NB        I-NA-NB-NC      NA   NB   NC

     1      C        0.00000  0     0.00000  0      0.00000  0      0    0    0
     2      O        1.39782  1     0.00000  0      0.00000  0      1    0    0
     3      N        1.43379  1   106.50476  1      0.00000  0      1    2    0
     4      H        1.09368  1   109.09390  1   -120.27054  1      1    2    3
     5      S        1.78981  1   111.23987  1    118.95972  1      1    2    3
     6      H        1.86976  1    30.41941  1     41.33759  1      1    2    3
     7      H        1.98999  1    93.57588  1    -26.71589  1      1    2    3
     8      H        1.99100  1   135.72786  1      0.13364  1      1    2    3
     9      H        2.33357  1    92.73200  1     88.65691  1      1    2    3

 @ End Zmake conversion


 @ Begin Charge and Dipole Calculation

    ATOMIC CHARGES
   ATOM          MULLIKEN            LOWDIN
   C              0.1180            -0.5119
   O             -0.3990            -0.2112
   N             -0.5456            -0.3279
   H              0.1067             0.1649
   S             -0.1017             0.2013
   H              0.2741             0.2260
   H              0.2284             0.1925
   H              0.2385             0.1937
   H              0.0805             0.0727
   TOTAL        -0.0000            -0.0000

    DIPOLE (DEBYE)
      X         Y         Z        TOTAL
   -1.0037   -1.7267    0.6342    2.0955

 @ End Charge and Dipole Calculation


 @ Output Timing Information

------------- TIMING ---------------
| INITIAL GUESS TIME  =     0.440719000(  4.73%)
| DFT GRID OPERATIONS =     0.039771000(  0.43%)
| TOTAL SCF TIME      =     1.989258000( 21.37%)
|       TOTAL OP TIME      =     1.888867000( 20.29%)
|             TOTAL 1e TIME      =     0.023012000(  0.25%)
|             TOTAL 2e TIME      =     0.869833000(  9.34%)
|             TOTAL EXC TIME     =     0.967617000( 10.39%)
|       TOTAL DII TIME      =     0.099294000(  1.07%)
|             TOTAL DIAG TIME    =     0.052395000(  0.56%)
| TOTAL GRADIENT TIME      =     1.764856000( 18.96%)
|       TOTAL 1e GRADIENT TIME      =     0.187447000( 2.02%)
|       TOTAL 2e GRADIENT TIME      =     1.243197000(13.35%)
|       TOTAL EXC GRADIENT TIME     =     0.333253000(  3.58%)
| TOTAL TIME          =     9.309762000
------------------------------------
| Job cpu time:  0 days  0 hours  0 minutes  9.3 seconds.

 @ Finish Output Timing Information

| Normal Termination. Task Finished on: Tue Mar 15 14:32:19 2022
