  *********************************************************************************************************
  **                                                                                                     **
  **           888888888888                                                                              **
  **         8888888888888888                                                                            **
  **      888888888888888888                                                                             **
  **     888888888888888888                                                                              **
  **    888888888888888                                                                                  **
  **   88888888888888888888                               88888                       8888:              **
  **   8888888888888888888888Z                            88888                       8888:              **
  **   888888888888888888888888?                          88888                       8888:              **
  **   8888888888888      8888888                                        888888       8888:              **
  **    88888888888         888888     8888:     88888    88888        888888888I     8888:    888888    **
  **    8888888888           88888:    8888:     88888    88888      $888888888888    8888:   888888     **
  **    I8Z 88888             88888    8888:     88888    88888    .888888     8888   8888: 888888       **
  **    .8Z 88888             88888    8888:     88888    88888    $88888             8888:88888         **
  **     8I 88888      .=88. .88888    8888:     88888    88888    88888              8888888888         **
  **    :8  88888      888888$8888$    8888:     88888    88888    8888O              88888888888        **
  **   ,7   +88888.     8888888888.    8888:     88888    88888    888888             88888O888888       **
  **         $888888:.   .8888888      88888....888888    88888     888888     8888   8888:  888888      **
  **          I8888888888888888888     888888888888888    88888     O888888888888O    8888:   888888     **
  **            O888888888888888888     88888888888888    88888       88888888888$    8888:    888888    **
  **               8888888Z     888      .8888I  88888    88888         8888888       8888:     888888   **
  **                                                                                                     **
  **                                                                                                     **
  **                                         Copyright (c) 2022                                          **
  **                          Regents of the University of California San Diego                          **
  **                                    & Michigan State University                                      **
  **                                        All Rights Reserved.                                         **
  **                                                                                                     **
  **             This software is subject to the terms of the Mozilla Public License, v. 2.0.            **
  **                                                                                                     **
  *********************************************************************************************************
                                                                                                           
  Cite this work as:                                                                                       
  Manathunga, M.; Shajan, A.; Giese, T. J.; Cruzeiro, V.W.D.; Smith, J.; Miao, Y.; He, X.; Ayers, K.;      
  Brothers, E.; Goetz, A.W.; Merz, K.M. QUICK-22.03                                                        
  University of California San Diego, CA and Michigan State University, East Lansing, MI, 2022             
                                                                                                           
  If you have any comments or queries, please send us an email for technical support:                      
  quick.merzlab@gmail.com                                                                                  
                                                                                                           
| TASK STARTS ON: Mon Mar 14 23:21:43 2022
| INPUT FILE :    grad_H2O_b3lyp_def2svp.in
| OUTPUT FILE:    grad_H2O_b3lyp_def2svp.out
| DATA FILE  :    grad_H2O_b3lyp_def2svp.dat
| BASIS SET PATH: /mnt/gs18/scratch/users/manathun/saved-test-update/install/basis

|------------ GPU INFORMATION ---------------
| CUDA ENABLED DEVICE         :        4
| CUDA DEVICE IN USE          :        0
| CUDA DEVICE NAME            : NVIDIA A100-SXM-80GB
| CUDA DEVICE PM              :      108
| CUDA DEVICE CORE FREQ(GHZ)  :     1.41
| CUDA DEVICE MEMORY SIZE (MB):    81251
| SUPPORTING CUDA VERSION     :      8.0
|--------------------------------------------

 @ Read Job And Atom

  KEYWORD=B3LYP  BASIS=DEF2-SVP CUTOFF=1.0E-9 DENSERMS=1.0E-6  ZMAKE GRADIENT DIPOLE CHARGE=0                                                                                                                     
 ============== JOB CARD =============
 METHOD = DENSITY FUNCTIONAL THEORY
 DENSITY FUNCTIONAL = B3LYP
 DIRECT SCF 
 SAD INITAL GUESS 
 USE DIIS SCF
 PRINT ENERGY EVERY CYCLE
 READ SAD GUESS FROM FILE
 Z-MATRIX CONSTRUCTION
 DIPOLE
 STANDARD GRID = SG1
 GRADIENT CALCULATION
 MAX SCF CYCLES =    200
 MAX DIIS CYCLES =   10
 DELTA DENSITY START CYCLE = 1000
 COMPUTATIONAL CUTOFF: 
      TWO-e INTEGRAL   =  0.100E-08
      BASIS SET PRIME  =  0.100E-19
      MATRIX ELEMENTS  =  0.100E-09
      BASIS FUNCTION   =  0.100E-09
      GRADIENT CUTOFF  =  0.100E-08
 DENSITY MATRIX MAXIMUM RMS FOR CONVERGENCE  =  0.100E-05
 BASIS SET = DEF2-SVP,  TYPE = CARTESIAN
| BASIS FILE = /mnt/gs18/scratch/users/manathun/saved-test-update/install/basis/DEF2-SVP.BAS

 @ Finish reading job


 @ Begin SAD initial guess

 For Atom Kind =    1
 ELEMENT = O 
 BASIS FUNCTIONS =   15
 For Atom Kind =    2
 ELEMENT = H 
 BASIS FUNCTIONS =    5

 @ Finish SAD initial guess


 @ Begin Reading Molecular Information


 =========== Molecule Input ==========
 TOTAL MOLECULAR CHARGE  =    0    MULTIPLICITY                =    1
 TOTAL ATOM NUMBER       =    3    NUMBER OF ATOM TYPES        =    2
 NUMBER OF HYDROGEN ATOM =    2    NUMBER OF NON-HYDROGEN ATOM =    1
 NUMBER OF ELECTRONS     =   10

 -- INPUT GEOMETRY -- :
    O          -0.3384       0.0038       0.2392
    H          -0.3351      -0.0019      -0.8328
    H           0.6735      -0.0019       0.5935

 -- DISTANCE MATRIX -- :
              1           2           3
      1     0.00000
      2     2.02582     0.00000
      3     2.02607     3.30113     0.00000

============== BASIS INFOS ==============
 BASIS FUNCTIONS =   25
 NSHELL =   12 NPRIM  =   39
 JSHELL =   12 JBASIS =   22


 @ End Reading Molecular Information 


 @ Begin XC Quadrature Formation

 OCTAGO: OCTree Algorithm for Grid Operations 
   PRUNING CUTOFF       = 0.100E-09
   INITIAL GRID POINTS  =       11320
|   FINAL GRID POINTS    =        8045
|   SIGNIFICANT NUMBER OF BASIS FUNCTIONS     =        3822
|   SIGNIFICANT NUMBER OF PRIMITIVE FUNCTIONS =        4486

 @ End XC Quadrature Formation


 @ Begin Energy Calculation

                                         SCF ENERGY
| ------------------------------------------------------------------------------------------------------------------------
| NCYC       ENERGY         DELTA_E      SCF_TIME  DII_CYC   DII_TIME   O_TIME  DIAG_TIME    MAX_ERR    RMS_CHG    MAX_CHG
| ------------------------------------------------------------------------------------------------------------------------
|  1    -76.219507765      ------         0.028     1        0.01      0.02      0.01    0.1285E+01  0.5672E-01  0.3740E+00
|  2    -76.272132765  0.526250E-01       0.016     2        0.01      0.01      0.01    0.2610E+00  0.3707E-01  0.3106E+00
|  3    -76.222576075  -.495567E-01       0.016     3        0.01      0.01      0.01    0.3457E+00  0.2138E-01  0.1978E+00
|  4    -76.341669852  0.119094E+00       0.017     4        0.01      0.01      0.01    0.7685E-02  0.5030E-03  0.2944E-02
|  5    -76.341738813  0.689607E-04       0.016     5        0.01      0.01      0.01    0.1805E-02  0.9937E-04  0.1026E-02
|  6    -76.341742462  0.364868E-05       0.016     6        0.01      0.01      0.01    0.2910E-03  0.1762E-04  0.1580E-03
|  7    -76.341742542  0.802876E-07       0.017     7        0.01      0.01      0.01    0.2058E-04  0.2734E-05  0.1780E-04
| -------------- 2E-INT CUTOFF CHANGE TO 0.1000E-08 ------------
|  8    -76.341742540  -.209428E-08       0.013     8        0.01      0.01      0.01    0.4990E-05  0.6828E-06  0.3988E-05
| ------------------------------------------------------------------------------------------------------------------------
| REACH CONVERGENCE AFTER   8 CYCLES
| MAX ERROR = 0.499044E-05   RMS CHANGE = 0.682779E-06   MAX CHANGE = 0.398756E-05
| -----------------------------------------------
 ALPHA ELECTRON DENSITY    =    4.9999894138
 BETA ELECTRON DENSITY     =    4.9999894138
 ELECTRONIC ENERGY    =   -84.542214269
 CORE_CORE REPULSION  =     8.200471729
 TOTAL ENERGY         =   -76.341742540

 @ End Energy calculation


 @ Begin Gradient Calculation

 ANALYTICAL GRADIENT: 
----------------------------------------
 COORDINATE    XYZ            GRADIENT
----------------------------------------
    1X    -0.3384000258    -0.0540479691
    1Y     0.0038000003     0.0005956594
    1Z     0.2392300183     0.0377747639
    2X    -0.3351000256    -0.0122724038
    2Y    -0.0019000001    -0.0002996705
    2Z    -0.8327700636    -0.0742248876
    3X     0.6735000514     0.0662847961
    3Y    -0.0019000001    -0.0003003759
    3Z     0.5935300453     0.0364555867
----------------------------------------

 @ End Gradient Calculation


 @ Begin Zmake conversion

  
 Z-MATRIX:

   ATOM  ELEMENTAL  BOND LENGTH    BOND ANGLE    DIHEDRAL ANGLE
  NUMBER  SYMBOL    (ANGSTROMS)    (DEGREES)       (DEGREES)
     I                 I-NA         I-NA-NB        I-NA-NB-NC      NA   NB   NC

     1      O        0.00000  0     0.00000  0      0.00000  0      0    0    0
     2      H        1.07202  1     0.00000  0      0.00000  0      1    0    0
     3      H        1.07215  1   109.11820  1      0.00000  0      1    2    0

 @ End Zmake conversion


 @ Begin Charge and Dipole Calculation

    ATOMIC CHARGES
   ATOM          MULLIKEN            LOWDIN
   O             -0.3863            -0.3332
   H              0.1931             0.1664
   H              0.1932             0.1668
   TOTAL         0.0000             0.0000

    DIPOLE (DEBYE)
      X         Y         Z        TOTAL
    1.5959   -0.0179   -1.1284    1.9546

 @ End Charge and Dipole Calculation


 @ Output Timing Information

------------- TIMING ---------------
| INITIAL GUESS TIME  =     0.439677000( 14.42%)
| DFT GRID OPERATIONS =     0.008677000(  0.28%)
| TOTAL SCF TIME      =     0.137441000(  4.51%)
|       TOTAL OP TIME      =     0.058095000(  1.91%)
|             TOTAL 1e TIME      =     0.000797000(  0.03%)
|             TOTAL 2e TIME      =     0.028220000(  0.93%)
|             TOTAL EXC TIME     =     0.027882000(  0.91%)
|       TOTAL DII TIME      =     0.079306000(  2.60%)
|             TOTAL DIAG TIME    =     0.074680000(  2.45%)
| TOTAL GRADIENT TIME      =     0.055016000(  1.80%)
|       TOTAL 1e GRADIENT TIME      =     0.002792000( 0.11%)
|       TOTAL 2e GRADIENT TIME      =     0.037338000( 1.22%)
|       TOTAL EXC GRADIENT TIME     =     0.014301000(  0.47%)
| TOTAL TIME          =     3.049217000
------------------------------------
| Job cpu time:  0 days  0 hours  0 minutes  3.0 seconds.

 @ Finish Output Timing Information

| Normal Termination. Task Finished on: Mon Mar 14 23:21:46 2022
