  *********************************************************************************************************
  **                                                                                                     **
  **           888888888888                                                                              **
  **         8888888888888888                                                                            **
  **      888888888888888888                                                                             **
  **     888888888888888888                                                                              **
  **    888888888888888                                                                                  **
  **   88888888888888888888                               88888                       8888:              **
  **   8888888888888888888888Z                            88888                       8888:              **
  **   888888888888888888888888?                          88888                       8888:              **
  **   8888888888888      8888888                                        888888       8888:              **
  **    88888888888         888888     8888:     88888    88888        888888888I     8888:    888888    **
  **    8888888888           88888:    8888:     88888    88888      $888888888888    8888:   888888     **
  **    I8Z 88888             88888    8888:     88888    88888    .888888     8888   8888: 888888       **
  **    .8Z 88888             88888    8888:     88888    88888    $88888             8888:88888         **
  **     8I 88888      .=88. .88888    8888:     88888    88888    88888              8888888888         **
  **    :8  88888      888888$8888$    8888:     88888    88888    8888O              88888888888        **
  **   ,7   +88888.     8888888888.    8888:     88888    88888    888888             88888O888888       **
  **         $888888:.   .8888888      88888....888888    88888     888888     8888   8888:  888888      **
  **          I8888888888888888888     888888888888888    88888     O888888888888O    8888:   888888     **
  **            O888888888888888888     88888888888888    88888       88888888888$    8888:    888888    **
  **               8888888Z     888      .8888I  88888    88888         8888888       8888:     888888   **
  **                                                                                                     **
  **                                                                                                     **
  **                                         Copyright (c) 2022                                          **
  **                          Regents of the University of California San Diego                          **
  **                                    & Michigan State University                                      **
  **                                        All Rights Reserved.                                         **
  **                                                                                                     **
  **             This software is subject to the terms of the Mozilla Public License, v. 2.0.            **
  **                                                                                                     **
  *********************************************************************************************************
                                                                                                           
  Cite this work as:                                                                                       
  Manathunga, M.; Shajan, A.; Giese, T. J.; Cruzeiro, V.W.D.; Smith, J.; Miao, Y.; He, X.; Ayers, K.;      
  Brothers, E.; Goetz, A.W.; Merz, K.M. QUICK-22.03                                                        
  University of California San Diego, CA and Michigan State University, East Lansing, MI, 2022             
                                                                                                           
  If you have any comments or queries, please send us an email for technical support:                      
  quick.merzlab@gmail.com                                                                                  
                                                                                                           
| TASK STARTS ON: Mon Mar 14 23:22:50 2022
| INPUT FILE :    grad_PH3_b3lyp_def2svpd.in
| OUTPUT FILE:    grad_PH3_b3lyp_def2svpd.out
| DATA FILE  :    grad_PH3_b3lyp_def2svpd.dat
| BASIS SET PATH: /mnt/gs18/scratch/users/manathun/saved-test-update/install/basis

|------------ GPU INFORMATION ---------------
| CUDA ENABLED DEVICE         :        4
| CUDA DEVICE IN USE          :        0
| CUDA DEVICE NAME            : NVIDIA A100-SXM-80GB
| CUDA DEVICE PM              :      108
| CUDA DEVICE CORE FREQ(GHZ)  :     1.41
| CUDA DEVICE MEMORY SIZE (MB):    81251
| SUPPORTING CUDA VERSION     :      8.0
|--------------------------------------------

 @ Read Job And Atom

  KEYWORD=B3LYP  BASIS=DEF2-SVPD CUTOFF=1.0E-9 DENSERMS=1.0E-6 ZMAKE GRADIENT DIPOLE CHARGE=0                                                                                                                     
 ============== JOB CARD =============
 METHOD = DENSITY FUNCTIONAL THEORY
 DENSITY FUNCTIONAL = B3LYP
 DIRECT SCF 
 SAD INITAL GUESS 
 USE DIIS SCF
 PRINT ENERGY EVERY CYCLE
 READ SAD GUESS FROM FILE
 Z-MATRIX CONSTRUCTION
 DIPOLE
 STANDARD GRID = SG1
 GRADIENT CALCULATION
 MAX SCF CYCLES =    200
 MAX DIIS CYCLES =   10
 DELTA DENSITY START CYCLE = 1000
 COMPUTATIONAL CUTOFF: 
      TWO-e INTEGRAL   =  0.100E-08
      BASIS SET PRIME  =  0.100E-19
      MATRIX ELEMENTS  =  0.100E-09
      BASIS FUNCTION   =  0.100E-09
      GRADIENT CUTOFF  =  0.100E-08
 DENSITY MATRIX MAXIMUM RMS FOR CONVERGENCE  =  0.100E-05
 BASIS SET = DEF2-SVPD,  TYPE = CARTESIAN
| BASIS FILE = /mnt/gs18/scratch/users/manathun/saved-test-update/install/basis/DEF2-SVPD.BAS

 @ Finish reading job


 @ Begin SAD initial guess

 For Atom Kind =    1
 ELEMENT = P 
 BASIS FUNCTIONS =   26
 For Atom Kind =    2
 ELEMENT = H 
 BASIS FUNCTIONS =    8

 @ Finish SAD initial guess


 @ Begin Reading Molecular Information


 =========== Molecule Input ==========
 TOTAL MOLECULAR CHARGE  =    0    MULTIPLICITY                =    1
 TOTAL ATOM NUMBER       =    4    NUMBER OF ATOM TYPES        =    2
 NUMBER OF HYDROGEN ATOM =    3    NUMBER OF NON-HYDROGEN ATOM =    1
 NUMBER OF ELECTRONS     =   18

 -- INPUT GEOMETRY -- :
    P          -1.3784      -0.6787      -0.6594
    H           0.0009      -0.4063      -0.7522
    H          -1.7025      -0.1727      -1.9338
    H          -1.7025       0.5002       0.0410

 -- DISTANCE MATRIX -- :
              1           2           3           4
      1     0.00000
      2     2.66261     0.00000
      3     2.66263     3.94247     0.00000
      4     2.66262     3.94245     3.94246     0.00000

============== BASIS INFOS ==============
 BASIS FUNCTIONS =   50
 NSHELL =   22 NPRIM  =   74
 JSHELL =   22 JBASIS =   38


 @ End Reading Molecular Information 


 @ Begin XC Quadrature Formation

 OCTAGO: OCTree Algorithm for Grid Operations 
   PRUNING CUTOFF       = 0.100E-09
   INITIAL GRID POINTS  =       15016
|   FINAL GRID POINTS    =       10534
|   SIGNIFICANT NUMBER OF BASIS FUNCTIONS     =        8254
|   SIGNIFICANT NUMBER OF PRIMITIVE FUNCTIONS =        8954

 @ End XC Quadrature Formation


 @ Begin Energy Calculation

                                         SCF ENERGY
| ------------------------------------------------------------------------------------------------------------------------
| NCYC       ENERGY         DELTA_E      SCF_TIME  DII_CYC   DII_TIME   O_TIME  DIAG_TIME    MAX_ERR    RMS_CHG    MAX_CHG
| ------------------------------------------------------------------------------------------------------------------------
|  1   -343.006147948      ------         0.041     1        0.01      0.03      0.01    0.1246E+01  0.4255E-01  0.3412E+00
|  2   -343.059467940  0.533200E-01       0.029     2        0.01      0.02      0.01    0.2644E-01  0.1185E-01  0.1534E+00
|  3   -343.061281671  0.181373E-02       0.028     3        0.01      0.02      0.01    0.1797E-01  0.2698E-02  0.6683E-01
|  4   -343.062618466  0.133679E-02       0.029     4        0.01      0.02      0.01    0.1599E-02  0.2621E-03  0.2885E-02
|  5   -343.062629515  0.110487E-04       0.024     5        0.01      0.02      0.01    0.7435E-03  0.9050E-04  0.1321E-02
|  6   -343.062631704  0.218989E-05       0.024     6        0.01      0.02      0.01    0.6851E-04  0.8111E-05  0.7524E-04
| -------------- 2E-INT CUTOFF CHANGE TO 0.1000E-08 ------------
|  7   -343.062632136  0.431903E-06       0.022     7        0.01      0.01      0.01    0.2044E-05  0.2902E-05  0.4715E-04
|  8   -343.062632136  0.269296E-11       0.022     8        0.01      0.01      0.01    0.5105E-06  0.1347E-05  0.2151E-04
|  9   -343.062632136  0.804548E-10       0.022     9        0.01      0.01      0.01    0.1894E-07  0.3628E-07  0.5851E-06
| ------------------------------------------------------------------------------------------------------------------------
| REACH CONVERGENCE AFTER   9 CYCLES
| MAX ERROR = 0.189396E-07   RMS CHANGE = 0.362812E-07   MAX CHANGE = 0.585129E-06
| -----------------------------------------------
 ALPHA ELECTRON DENSITY    =    8.9999746515
 BETA ELECTRON DENSITY     =    8.9999746515
 ELECTRONIC ENERGY    =  -360.724222148
 CORE_CORE REPULSION  =    17.661590012
 TOTAL ENERGY         =  -343.062632136

 @ End Energy calculation


 @ Begin Gradient Calculation

 ANALYTICAL GRADIENT: 
----------------------------------------
 COORDINATE    XYZ            GRADIENT
----------------------------------------
    1X    -1.3784101053     0.0069398053
    1Y    -0.6786700518     0.0174365654
    1Z    -0.6593600504    -0.0063434412
    2X     0.0008900001    -0.0078410815
    2Y    -0.4063000310    -0.0038915679
    2Z    -0.7521600574     0.0014312884
    3X    -1.7025301300     0.0007087189
    3Y    -0.1726700132    -0.0050521320
    3Z    -1.9338001477     0.0072183602
    4X    -1.7025301300     0.0005153751
    4Y     0.5002100382    -0.0083163031
    4Z     0.0409700031    -0.0024906717
----------------------------------------

 @ End Gradient Calculation


 @ Begin Zmake conversion

  
 Z-MATRIX:

   ATOM  ELEMENTAL  BOND LENGTH    BOND ANGLE    DIHEDRAL ANGLE
  NUMBER  SYMBOL    (ANGSTROMS)    (DEGREES)       (DEGREES)
     I                 I-NA         I-NA-NB        I-NA-NB-NC      NA   NB   NC

     1      P        0.00000  0     0.00000  0      0.00000  0      0    0    0
     2      H        1.40899  1     0.00000  0      0.00000  0      1    0    0
     3      H        1.40900  1    95.52004  1      0.00000  0      1    2    0
     4      H        1.40900  1    95.51966  1    -96.10933  1      1    2    3

 @ End Zmake conversion


 @ Begin Charge and Dipole Calculation

    ATOMIC CHARGES
   ATOM          MULLIKEN            LOWDIN
   P             -0.2717             0.5370
   H              0.0906            -0.1876
   H              0.0906            -0.1790
   H              0.0905            -0.1704
   TOTAL        -0.0000            -0.0000

    DIPOLE (DEBYE)
      X         Y         Z        TOTAL
    0.2170    0.5810   -0.1979    0.6510

 @ End Charge and Dipole Calculation


 @ Output Timing Information

------------- TIMING ---------------
| INITIAL GUESS TIME  =     0.442341000( 13.68%)
| DFT GRID OPERATIONS =     0.010745000(  0.33%)
| TOTAL SCF TIME      =     0.244623000(  7.56%)
|       TOTAL OP TIME      =     0.151693000(  4.69%)
|             TOTAL 1e TIME      =     0.002121000(  0.07%)
|             TOTAL 2e TIME      =     0.058398000(  1.81%)
|             TOTAL EXC TIME     =     0.088488000(  2.74%)
|       TOTAL DII TIME      =     0.092869000(  2.87%)
|             TOTAL DIAG TIME    =     0.086974000(  2.69%)
| TOTAL GRADIENT TIME      =     0.145924000(  4.51%)
|       TOTAL 1e GRADIENT TIME      =     0.011463000( 0.37%)
|       TOTAL 2e GRADIENT TIME      =     0.070585000( 2.18%)
|       TOTAL EXC GRADIENT TIME     =     0.063279000(  1.96%)
| TOTAL TIME          =     3.233808000
------------------------------------
| Job cpu time:  0 days  0 hours  0 minutes  3.2 seconds.

 @ Finish Output Timing Information

| Normal Termination. Task Finished on: Mon Mar 14 23:22:53 2022
