  *********************************************************************************************************
  **                                                                                                     **
  **           888888888888                                                                              **
  **         8888888888888888                                                                            **
  **      888888888888888888                                                                             **
  **     888888888888888888                                                                              **
  **    888888888888888                                                                                  **
  **   88888888888888888888                               88888                       8888:              **
  **   8888888888888888888888Z                            88888                       8888:              **
  **   888888888888888888888888?                          88888                       8888:              **
  **   8888888888888      8888888                                        888888       8888:              **
  **    88888888888         888888     8888:     88888    88888        888888888I     8888:    888888    **
  **    8888888888           88888:    8888:     88888    88888      $888888888888    8888:   888888     **
  **    I8Z 88888             88888    8888:     88888    88888    .888888     8888   8888: 888888       **
  **    .8Z 88888             88888    8888:     88888    88888    $88888             8888:88888         **
  **     8I 88888      .=88. .88888    8888:     88888    88888    88888              8888888888         **
  **    :8  88888      888888$8888$    8888:     88888    88888    8888O              88888888888        **
  **   ,7   +88888.     8888888888.    8888:     88888    88888    888888             88888O888888       **
  **         $888888:.   .8888888      88888....888888    88888     888888     8888   8888:  888888      **
  **          I8888888888888888888     888888888888888    88888     O888888888888O    8888:   888888     **
  **            O888888888888888888     88888888888888    88888       88888888888$    8888:    888888    **
  **               8888888Z     888      .8888I  88888    88888         8888888       8888:     888888   **
  **                                                                                                     **
  **                                                                                                     **
  **                                         Copyright (c) 2022                                          **
  **                          Regents of the University of California San Diego                          **
  **                                    & Michigan State University                                      **
  **                                        All Rights Reserved.                                         **
  **                                                                                                     **
  **             This software is subject to the terms of the Mozilla Public License, v. 2.0.            **
  **                                                                                                     **
  *********************************************************************************************************
                                                                                                           
  Cite this work as:                                                                                       
  Manathunga, M.; Shajan, A.; Giese, T. J.; Cruzeiro, V.W.D.; Smith, J.; Miao, Y.; He, X.; Ayers, K.;      
  Brothers, E.; Goetz, A.W.; Merz, K.M. QUICK-22.03                                                        
  University of California San Diego, CA and Michigan State University, East Lansing, MI, 2022             
                                                                                                           
  If you have any comments or queries, please send us an email for technical support:                      
  quick.merzlab@gmail.com                                                                                  
                                                                                                           
| TASK STARTS ON: Tue Mar 15 14:27:17 2022
| INPUT FILE :    grad_NaCl_b3lyp_def2sv_p.in
| OUTPUT FILE:    grad_NaCl_b3lyp_def2sv_p.out
| DATA FILE  :    grad_NaCl_b3lyp_def2sv_p.dat
| BASIS SET PATH: /home/madu/saved-test-update/install/basis

|------------ GPU INFORMATION ---------------
| CUDA ENABLED DEVICE         :        3
| CUDA DEVICE IN USE          :        0
| CUDA DEVICE NAME            : NVIDIA TITAN V
| CUDA DEVICE PM              :       80
| CUDA DEVICE CORE FREQ(GHZ)  :     1.46
| CUDA DEVICE MEMORY SIZE (MB):    12066
| SUPPORTING CUDA VERSION     :      7.0
|--------------------------------------------

 @ Read Job And Atom

  KEYWORD=B3LYP  BASIS=DEF2-SV(P) CUTOFF=1.0E-9 DENSERMS=1.0E-6  ZMAKE GRADIENT DIPOLE CHARGE=0                                                                                                                   
 ============== JOB CARD =============
 METHOD = DENSITY FUNCTIONAL THEORY
 DENSITY FUNCTIONAL = B3LYP
 DIRECT SCF 
 SAD INITAL GUESS 
 USE DIIS SCF
 PRINT ENERGY EVERY CYCLE
 READ SAD GUESS FROM FILE
 Z-MATRIX CONSTRUCTION
 DIPOLE
 STANDARD GRID = SG1
 GRADIENT CALCULATION
 MAX SCF CYCLES =    200
 MAX DIIS CYCLES =   10
 DELTA DENSITY START CYCLE = 1000
 COMPUTATIONAL CUTOFF: 
      TWO-e INTEGRAL   =  0.100E-08
      BASIS SET PRIME  =  0.100E-19
      MATRIX ELEMENTS  =  0.100E-09
      BASIS FUNCTION   =  0.100E-09
      GRADIENT CUTOFF  =  0.100E-08
 DENSITY MATRIX MAXIMUM RMS FOR CONVERGENCE  =  0.100E-05
 BASIS SET = DEF2-SV(P),  TYPE = CARTESIAN
| BASIS FILE = /home/madu/saved-test-update/install/basis/DEF2-SV_P.BAS

 @ Finish reading job


 @ Begin SAD initial guess

 For Atom Kind =    1
 ELEMENT = NA
 BASIS FUNCTIONS =   16
 For Atom Kind =    2
 ELEMENT = CL
 BASIS FUNCTIONS =   19

 @ Finish SAD initial guess


 @ Begin Reading Molecular Information


 =========== Molecule Input ==========
 TOTAL MOLECULAR CHARGE  =    0    MULTIPLICITY                =    1
 TOTAL ATOM NUMBER       =    2    NUMBER OF ATOM TYPES        =    2
 NUMBER OF HYDROGEN ATOM =    0    NUMBER OF NON-HYDROGEN ATOM =    2
 NUMBER OF ELECTRONS     =   28

 -- INPUT GEOMETRY -- :
    NA         -6.7130       1.5249       0.0000
    CL         -4.3156       1.5249       0.0000

 -- DISTANCE MATRIX -- :
              1           2
      1     0.00000
      2     4.53039     0.00000

============== BASIS INFOS ==============
 BASIS FUNCTIONS =   35
 NSHELL =   15 NPRIM  =   71
 JSHELL =   15 JBASIS =   35


 @ End Reading Molecular Information 


 @ Begin XC Quadrature Formation

 OCTAGO: OCTree Algorithm for Grid Operations 
   PRUNING CUTOFF       = 0.100E-09
   INITIAL GRID POINTS  =        7520
|   FINAL GRID POINTS    =        5281
|   SIGNIFICANT NUMBER OF BASIS FUNCTIONS     =        2954
|   SIGNIFICANT NUMBER OF PRIMITIVE FUNCTIONS =        3402

 @ End XC Quadrature Formation


 @ Begin Energy Calculation

                                         SCF ENERGY
| ------------------------------------------------------------------------------------------------------------------------
| NCYC       ENERGY         DELTA_E      SCF_TIME  DII_CYC   DII_TIME   O_TIME  DIAG_TIME    MAX_ERR    RMS_CHG    MAX_CHG
| ------------------------------------------------------------------------------------------------------------------------
|  1   -622.286556555      ------         0.044     1        0.00      0.04      0.00    0.6206E+00  0.3024E-01  0.3425E+00
|  2   -622.345370877  0.588143E-01       0.018     2        0.00      0.01      0.00    0.1168E+00  0.4017E-01  0.5547E+00
|  3   -622.345159475  -.211402E-03       0.018     3        0.00      0.01      0.00    0.1120E+00  0.1968E-01  0.3272E+00
|  4   -622.389812725  0.446533E-01       0.018     4        0.00      0.01      0.00    0.5063E-02  0.1404E-02  0.1985E-01
|  5   -622.389884994  0.722692E-04       0.016     5        0.00      0.01      0.00    0.2977E-02  0.3603E-03  0.4823E-02
|  6   -622.389902433  0.174386E-04       0.016     6        0.00      0.01      0.00    0.5127E-03  0.1068E-03  0.1675E-02
|  7   -622.389903235  0.801679E-06       0.015     7        0.00      0.01      0.00    0.1353E-04  0.3214E-05  0.3011E-04
| -------------- 2E-INT CUTOFF CHANGE TO 0.1000E-08 ------------
|  8   -622.389903171  -.638600E-07       0.016     8        0.00      0.01      0.00    0.7853E-05  0.4249E-06  0.4668E-05
| ------------------------------------------------------------------------------------------------------------------------
| REACH CONVERGENCE AFTER   8 CYCLES
| MAX ERROR = 0.785312E-05   RMS CHANGE = 0.424856E-06   MAX CHANGE = 0.466810E-05
| -----------------------------------------------
 ALPHA ELECTRON DENSITY    =    13.9999387906
 BETA ELECTRON DENSITY     =    13.9999387906
 ELECTRONIC ENERGY    =   -663.666687830
 CORE_CORE REPULSION  =     41.276784659
 TOTAL ENERGY         =   -622.389903171

 @ End Energy calculation


 @ Begin Gradient Calculation

 ANALYTICAL GRADIENT: 
----------------------------------------
 COORDINATE    XYZ            GRADIENT
----------------------------------------
    1X    -6.7129605126    -0.0078419113
    1Y     1.5248601164    -0.0000000326
    1Z     0.0000000000    -0.0000000092
    2X    -4.3155803296     0.0080533598
    2Y     1.5248601164     0.0000000328
    2Z     0.0000000000     0.0000000092
----------------------------------------

 @ End Gradient Calculation


 @ Begin Zmake conversion

  
 Z-MATRIX:

   ATOM  ELEMENTAL  BOND LENGTH    BOND ANGLE    DIHEDRAL ANGLE
  NUMBER  SYMBOL    (ANGSTROMS)    (DEGREES)       (DEGREES)
     I                 I-NA         I-NA-NB        I-NA-NB-NC      NA   NB   NC

     1      NA       0.00000  0     0.00000  0      0.00000  0      0    0    0
     2      CL       2.39738  1     0.00000  0      0.00000  0      1    0    0

 @ End Zmake conversion


 @ Begin Charge and Dipole Calculation

    ATOMIC CHARGES
   ATOM          MULLIKEN            LOWDIN
   NA             0.5087             0.2400
   CL            -0.5087            -0.2400
   TOTAL         0.0000             0.0000

    DIPOLE (DEBYE)
      X         Y         Z        TOTAL
   -8.1093   -0.0000   -0.0000    8.1093

 @ End Charge and Dipole Calculation


 @ Output Timing Information

------------- TIMING ---------------
| INITIAL GUESS TIME  =     0.216490000(  3.89%)
| DFT GRID OPERATIONS =     0.009530000(  0.17%)
| TOTAL SCF TIME      =     0.162150000(  2.91%)
|       TOTAL OP TIME      =     0.136312000(  2.45%)
|             TOTAL 1e TIME      =     0.002124000(  0.04%)
|             TOTAL 2e TIME      =     0.078246000(  1.41%)
|             TOTAL EXC TIME     =     0.053170000(  0.95%)
|       TOTAL DII TIME      =     0.025752000(  0.46%)
|             TOTAL DIAG TIME    =     0.018884000(  0.34%)
| TOTAL GRADIENT TIME      =     0.346246000(  6.22%)
|       TOTAL 1e GRADIENT TIME      =     0.009742000( 0.19%)
|       TOTAL 2e GRADIENT TIME      =     0.316355000( 5.68%)
|       TOTAL EXC GRADIENT TIME     =     0.019503000(  0.35%)
| TOTAL TIME          =     5.567896000
------------------------------------
| Job cpu time:  0 days  0 hours  0 minutes  5.6 seconds.

 @ Finish Output Timing Information

| Normal Termination. Task Finished on: Tue Mar 15 14:27:23 2022
