  *********************************************************************************************************
  **                                                                                                     **
  **           888888888888                                                                              **
  **         8888888888888888                                                                            **
  **      888888888888888888                                                                             **
  **     888888888888888888                                                                              **
  **    888888888888888                                                                                  **
  **   88888888888888888888                               88888                       8888:              **
  **   8888888888888888888888Z                            88888                       8888:              **
  **   888888888888888888888888?                          88888                       8888:              **
  **   8888888888888      8888888                                        888888       8888:              **
  **    88888888888         888888     8888:     88888    88888        888888888I     8888:    888888    **
  **    8888888888           88888:    8888:     88888    88888      $888888888888    8888:   888888     **
  **    I8Z 88888             88888    8888:     88888    88888    .888888     8888   8888: 888888       **
  **    .8Z 88888             88888    8888:     88888    88888    $88888             8888:88888         **
  **     8I 88888      .=88. .88888    8888:     88888    88888    88888              8888888888         **
  **    :8  88888      888888$8888$    8888:     88888    88888    8888O              88888888888        **
  **   ,7   +88888.     8888888888.    8888:     88888    88888    888888             88888O888888       **
  **         $888888:.   .8888888      88888....888888    88888     888888     8888   8888:  888888      **
  **          I8888888888888888888     888888888888888    88888     O888888888888O    8888:   888888     **
  **            O888888888888888888     88888888888888    88888       88888888888$    8888:    888888    **
  **               8888888Z     888      .8888I  88888    88888         8888888       8888:     888888   **
  **                                                                                                     **
  **                                                                                                     **
  **                                         Copyright (c) 2022                                          **
  **                          Regents of the University of California San Diego                          **
  **                                    & Michigan State University                                      **
  **                                        All Rights Reserved.                                         **
  **                                                                                                     **
  **             This software is subject to the terms of the Mozilla Public License, v. 2.0.            **
  **                                                                                                     **
  *********************************************************************************************************
                                                                                                           
  Cite this work as:                                                                                       
  Manathunga, M.; Shajan, A.; Giese, T. J.; Cruzeiro, V.W.D.; Smith, J.; Miao, Y.; He, X.; Ayers, K.;      
  Brothers, E.; Goetz, A.W.; Merz, K.M. QUICK-22.03                                                        
  University of California San Diego, CA and Michigan State University, East Lansing, MI, 2022             
                                                                                                           
  If you have any comments or queries, please send us an email for technical support:                      
  quick.merzlab@gmail.com                                                                                  
                                                                                                           
| TASK STARTS ON: Thu May 19 11:08:08 2022
| INPUT FILE :    grad_psb3_b3lyp_d3bj_def2svp.in
| OUTPUT FILE:    grad_psb3_b3lyp_d3bj_def2svp.out
| DATA FILE  :    grad_psb3_b3lyp_d3bj_def2svp.dat
| BASIS SET PATH: /home/madu/quick-dftd3/install/basis

|------------ GPU INFORMATION ---------------
| CUDA ENABLED DEVICE         :        3
| CUDA DEVICE IN USE          :        0
| CUDA DEVICE NAME            : NVIDIA TITAN V
| CUDA DEVICE PM              :       80
| CUDA DEVICE CORE FREQ(GHZ)  :     1.46
| CUDA DEVICE MEMORY SIZE (MB):    12066
| SUPPORTING CUDA VERSION     :      7.0
|--------------------------------------------

 @ Read Job And Atom

  KEYWORD=B3LYP D3BJ BASIS=DEF2-SVP CUTOFF=1.0E-9 DENSERMS=1.0E-6 CHARGE=+1 GRADIENT DIPOLE                                                                                                                       
 ============== JOB CARD =============
 METHOD = DENSITY FUNCTIONAL THEORY
 DENSITY FUNCTIONAL = B3LYP
 USING GRIMME DISPERSION CORRECTION: REPACKAGED DFT-D3 LIBRARY v0.9
   DISPERSION METHOD = D3, BJ DAMPING
 DIRECT SCF 
 SAD INITAL GUESS 
 USE DIIS SCF
 PRINT ENERGY EVERY CYCLE
 READ SAD GUESS FROM FILE
 DIPOLE
 STANDARD GRID = SG1
 GRADIENT CALCULATION
 MAX SCF CYCLES =    200
 MAX DIIS CYCLES =   10
 DELTA DENSITY START CYCLE = 1000
 COMPUTATIONAL CUTOFF: 
      TWO-e INTEGRAL   =  0.100E-08
      BASIS SET PRIME  =  0.100E-19
      MATRIX ELEMENTS  =  0.100E-09
      BASIS FUNCTION   =  0.100E-09
      GRADIENT CUTOFF  =  0.100E-08
 DENSITY MATRIX MAXIMUM RMS FOR CONVERGENCE  =  0.100E-05
 BASIS SET = DEF2-SVP,  TYPE = CARTESIAN
| BASIS FILE = /home/madu/quick-dftd3/install/basis/DEF2-SVP.BAS

 @ Finish reading job


 @ Begin SAD initial guess

 For Atom Kind =    1
 ELEMENT = C 
 BASIS FUNCTIONS =   15
 For Atom Kind =    2
 ELEMENT = N 
 BASIS FUNCTIONS =   15
 For Atom Kind =    3
 ELEMENT = H 
 BASIS FUNCTIONS =    5

 @ Finish SAD initial guess


 @ Begin Reading Molecular Information


 =========== Molecule Input ==========
 TOTAL MOLECULAR CHARGE  =    1    MULTIPLICITY                =    1
 TOTAL ATOM NUMBER       =   14    NUMBER OF ATOM TYPES        =    3
 NUMBER OF HYDROGEN ATOM =    8    NUMBER OF NON-HYDROGEN ATOM =    6
 NUMBER OF ELECTRONS     =   44

 -- INPUT GEOMETRY -- :
    C          -2.7472      -0.8366       0.8589
    C          -1.4569      -0.4717       0.9992
    C          -0.6277      -0.2215      -0.1532
    C           0.6894       0.1526      -0.2017
    C           1.4882       0.3645       0.9508
    N           2.7314       0.7179       0.9037
    H           1.1530       0.2966      -1.1612
    H          -1.1103      -0.3463      -1.1067
    H           1.0827       0.2367       1.9358
    H          -1.0483      -0.3680       1.9877
    H           3.2687       0.8596       1.7368
    H           3.2084       0.8645       0.0338
    H          -3.3689      -1.0241       1.7130
    H          -3.2011      -0.9533      -0.1081

 -- DISTANCE MATRIX -- :
              1           2           3           4           5
      1     0.00000
      2     2.54783     0.00000
      3     4.58824     2.72422     0.00000
      4     7.04901     4.79509     2.58914     0.00000
      5     8.32128     5.78618     4.64407     2.67996     0.00000
      6    10.76215     8.22979     6.88736     4.51608     2.44398
      7     8.57213     6.56504     3.98880     2.03203     4.04312
      8     4.92184     4.03998     2.03309     3.92175     6.40577
      9     7.78692     5.28737     5.17510     4.11025     2.02752
     10     3.95505     2.03091     4.13247     5.37308     5.36018
     11    11.92755     9.38174     8.43475     6.24179     3.79493
     12    11.80796     9.35025     7.54235     4.96652     3.80289
     13     2.02747     3.99549     6.44755     8.76653     9.65437
     14     2.03075     4.00891     5.05659     7.64543     9.41987
              6           7           8           9          10
      6     0.00000
      7     4.97571     0.00000
      8     8.43691     4.44738     0.00000
      9     3.78663     5.85521     7.17246     0.00000
     10     7.70867     7.36830     5.84893     4.18703     0.00000
     11     1.89227     6.86346    10.12627     4.31181     8.49450
     12     1.89512     4.61928     8.74549     5.51933     9.15220
     13    12.08582    10.42828     6.94621     8.75320     4.58667
     14    11.80313     8.78871     4.52637     9.24709     5.78457
             11          12          13          14
     11     0.00000
     12     3.22015     0.00000
     13    13.03851    13.31509     0.00000
     14    13.16700    12.59278     3.45864     0.00000

============== BASIS INFOS ==============
 BASIS FUNCTIONS =  130
 NSHELL =   60 NPRIM  =  206
 JSHELL =   60 JBASIS =  112


 @ End Reading Molecular Information 


 @ Begin XC Quadrature Formation

 OCTAGO: OCTree Algorithm for Grid Operations 
   PRUNING CUTOFF       = 0.100E-09
   INITIAL GRID POINTS  =       52912
|   FINAL GRID POINTS    =       35238
|   SIGNIFICANT NUMBER OF BASIS FUNCTIONS     =       43388
|   SIGNIFICANT NUMBER OF PRIMITIVE FUNCTIONS =       48250

 @ End XC Quadrature Formation


 @ Begin Energy Calculation

                                         SCF ENERGY
| ------------------------------------------------------------------------------------------------------------------------
| NCYC       ENERGY         DELTA_E      SCF_TIME  DII_CYC   DII_TIME   O_TIME  DIAG_TIME    MAX_ERR    RMS_CHG    MAX_CHG
| ------------------------------------------------------------------------------------------------------------------------
|  1   -250.542004003      ------         0.139     1        0.01      0.13      0.00    0.2190E+01  0.3215E-01  0.4079E+00
|  2   -249.518868876  -.102314E+01       0.101     2        0.01      0.09      0.00    0.1539E+00  0.1172E-01  0.2774E+00
|  3   -249.521670951  0.280207E-02       0.098     3        0.01      0.09      0.00    0.1921E+00  0.6927E-02  0.1669E+00
|  4   -249.656295733  0.134625E+00       0.098     4        0.01      0.09      0.00    0.4301E-01  0.2043E-02  0.6212E-01
|  5   -249.666808763  0.105130E-01       0.098     5        0.01      0.09      0.00    0.1346E-01  0.6635E-03  0.1736E-01
|  6   -249.667920916  0.111215E-02       0.097     6        0.01      0.09      0.00    0.5720E-02  0.1868E-03  0.5386E-02
|  7   -249.668071634  0.150718E-03       0.098     7        0.01      0.09      0.00    0.8822E-03  0.3723E-04  0.9037E-03
|  8   -249.668074783  0.314882E-05       0.098     8        0.01      0.09      0.00    0.4498E-03  0.1464E-04  0.5168E-03
|  9   -249.668075525  0.741463E-06       0.098     9        0.01      0.09      0.00    0.1329E-03  0.5887E-05  0.1326E-03
| -------------- 2E-INT CUTOFF CHANGE TO 0.1000E-08 ------------
| 10   -249.668076199  0.674074E-06       0.107    10        0.01      0.10      0.00    0.4283E-04  0.5521E-05  0.1687E-03
| 11   -249.668076222  0.227662E-07       0.107     1        0.01      0.10      0.00    0.2895E-04  0.5382E-05  0.1655E-03
| 12   -249.668076234  0.127313E-07       0.107     2        0.01      0.10      0.00    0.3280E-04  0.2912E-04  0.8905E-03
| 13   -249.668076273  0.391717E-07       0.107     3        0.01      0.10      0.00    0.5793E-05  0.9399E-06  0.2851E-04
| ------------------------------------------------------------------------------------------------------------------------
| REACH CONVERGENCE AFTER  13 CYCLES
| MAX ERROR = 0.579296E-05   RMS CHANGE = 0.939938E-06   MAX CHANGE = 0.285140E-04
| -----------------------------------------------
 ALPHA ELECTRON DENSITY    =    22.0000369176
 BETA ELECTRON DENSITY     =    22.0000369176
 ELECTRONIC ENERGY    =   -456.853254642
 CORE_CORE REPULSION  =    207.185178368
 TOTAL ENERGY         =   -249.668076273

 @ End Energy calculation


 @ Begin Gradient Calculation

 ANALYTICAL GRADIENT: 
----------------------------------------
 COORDINATE    XYZ            GRADIENT
----------------------------------------
    1X    -2.7472418398    -0.0093511058
    1Y    -0.8365548639    -0.0026894124
    1Z     0.8589189656    -0.0005758898
    2X    -1.4569025413    -0.0018141302
    2Y    -0.4716641760    -0.0006705857
    2Z     0.9991729563     0.0135453390
    3X    -0.6277284579     0.0028653346
    3Y    -0.2214534969     0.0009356836
    3Z    -0.1532414517    -0.0131112129
    4X     0.6894454626    -0.0025547325
    4Y     0.1526015717    -0.0004694582
    4Z    -0.2017192054    -0.0160413881
    5X     1.4882335436     0.0156761043
    5Y     0.3644892578     0.0042501102
    5Z     0.9507802626     0.0165817073
    6X     2.7314029986    -0.0068845118
    6Y     0.7179429748    -0.0019338277
    6Z     0.9037053790    -0.0004670491
    7X     1.1529901580    -0.0054647409
    7Y     0.2966273727    -0.0016861933
    7Z    -1.1612303687     0.0121658005
    8X    -1.1102871648     0.0072522413
    8Y    -0.3462945664     0.0018633871
    8Z    -1.1066774945     0.0125700464
    9X     1.0826637827     0.0073786378
    9Y     0.2367248081     0.0023143691
    9Z     1.9358367978    -0.0140308758
   10X    -1.0482501600    -0.0056729357
   10Y    -0.3680458381    -0.0014817920
   10Z     1.9877437618    -0.0126364687
   11X     3.2686678496    -0.0081582385
   11Y     0.8595906456    -0.0021551393
   11Z     1.7367549926    -0.0131541751
   12X     3.2083893950    -0.0071028713
   12Y     0.8644560160    -0.0022049528
   12Z     0.0337982326     0.0138349146
   13X    -3.3688550073     0.0084522426
   13Y    -1.0241194582     0.0025469870
   13Z     1.7130323208    -0.0121949230
   14X    -3.2011340045     0.0054988430
   14Y    -0.9533144028     0.0014162687
   14Z    -0.1081245083     0.0135855450
----------------------------------------

 @ End Gradient Calculation


 @ Begin Charge and Dipole Calculation

    ATOMIC CHARGES
   ATOM          MULLIKEN            LOWDIN
   C              0.0548            -0.0112
   C             -0.0061            -0.0768
   C              0.0767             0.0676
   C              0.0013            -0.1161
   C              0.0334             0.1102
   N              0.1113             0.0595
   H              0.0441             0.1013
   H              0.0568             0.1096
   H              0.0770             0.1072
   H              0.0314             0.0870
   H              0.1847             0.1773
   H              0.1737             0.1725
   H              0.0852             0.1102
   H              0.0756             0.1017
   TOTAL         1.0000             1.0000

    DIPOLE (DEBYE)
      X         Y         Z        TOTAL
    3.5638    1.0013    0.7564    3.7783

 @ End Charge and Dipole Calculation


 @ Output Timing Information

------------- TIMING ---------------
| INITIAL GUESS TIME  =     2.530217000( 25.37%)
| DFT GRID OPERATIONS =     0.061871000(  0.62%)
| DISPERSION CORRECTION TIME  =     0.004571000(  0.05%)
| TOTAL SCF TIME      =     1.368564000( 13.72%)
|       TOTAL OP TIME      =     1.287641000( 12.91%)
|             TOTAL 1e TIME      =     0.016734000(  0.17%)
|             TOTAL 2e TIME      =     0.386318000(  3.87%)
|             TOTAL EXC TIME     =     0.864673000(  8.67%)
|       TOTAL DII TIME      =     0.080289000(  0.80%)
|             TOTAL DIAG TIME    =     0.045786000(  0.46%)
| TOTAL GRADIENT TIME      =     1.104996000( 11.08%)
|       TOTAL 1e GRADIENT TIME      =     0.145952000( 1.47%)
|       TOTAL 2e GRADIENT TIME      =     0.638277000( 6.40%)
|       TOTAL EXC GRADIENT TIME     =     0.319734000(  3.21%)
| TOTAL TIME          =     9.974512000
------------------------------------
| Job cpu time:  0 days  0 hours  0 minutes 10.0 seconds.

 @ Finish Output Timing Information

| Normal Termination. Task Finished on: Thu May 19 11:08:18 2022
