  *********************************************************************************************************
  **                                                                                                     **
  **           888888888888                                                                              **
  **         8888888888888888                                                                            **
  **      888888888888888888                                                                             **
  **     888888888888888888                                                                              **
  **    888888888888888                                                                                  **
  **   88888888888888888888                               88888                       8888:              **
  **   8888888888888888888888Z                            88888                       8888:              **
  **   888888888888888888888888?                          88888                       8888:              **
  **   8888888888888      8888888                                        888888       8888:              **
  **    88888888888         888888     8888:     88888    88888        888888888I     8888:    888888    **
  **    8888888888           88888:    8888:     88888    88888      $888888888888    8888:   888888     **
  **    I8Z 88888             88888    8888:     88888    88888    .888888     8888   8888: 888888       **
  **    .8Z 88888             88888    8888:     88888    88888    $88888             8888:88888         **
  **     8I 88888      .=88. .88888    8888:     88888    88888    88888              8888888888         **
  **    :8  88888      888888$8888$    8888:     88888    88888    8888O              88888888888        **
  **   ,7   +88888.     8888888888.    8888:     88888    88888    888888             88888O888888       **
  **         $888888:.   .8888888      88888....888888    88888     888888     8888   8888:  888888      **
  **          I8888888888888888888     888888888888888    88888     O888888888888O    8888:   888888     **
  **            O888888888888888888     88888888888888    88888       88888888888$    8888:    888888    **
  **               8888888Z     888      .8888I  88888    88888         8888888       8888:     888888   **
  **                                                                                                     **
  **                                                                                                     **
  **                                         Copyright (c) 2022                                          **
  **                          Regents of the University of California San Diego                          **
  **                                    & Michigan State University                                      **
  **                                        All Rights Reserved.                                         **
  **                                                                                                     **
  **             This software is subject to the terms of the Mozilla Public License, v. 2.0.            **
  **                                                                                                     **
  *********************************************************************************************************
                                                                                                           
  Cite this work as:                                                                                       
  Manathunga, M.; Shajan, A.; Giese, T. J.; Cruzeiro, V.W.D.; Smith, J.; Miao, Y.; He, X.; Ayers, K.;      
  Brothers, E.; Goetz, A.W.; Merz, K.M. QUICK-22.03                                                        
  University of California San Diego, CA and Michigan State University, East Lansing, MI, 2022             
                                                                                                           
  If you have any comments or queries, please send us an email for technical support:                      
  quick.merzlab@gmail.com                                                                                  
                                                                                                           
| TASK STARTS ON: Mon Mar 14 23:22:43 2022
| INPUT FILE :    grad_NaCl_b3lyp_def2svpd.in
| OUTPUT FILE:    grad_NaCl_b3lyp_def2svpd.out
| DATA FILE  :    grad_NaCl_b3lyp_def2svpd.dat
| BASIS SET PATH: /mnt/gs18/scratch/users/manathun/saved-test-update/install/basis

|------------ GPU INFORMATION ---------------
| CUDA ENABLED DEVICE         :        4
| CUDA DEVICE IN USE          :        0
| CUDA DEVICE NAME            : NVIDIA A100-SXM-80GB
| CUDA DEVICE PM              :      108
| CUDA DEVICE CORE FREQ(GHZ)  :     1.41
| CUDA DEVICE MEMORY SIZE (MB):    81251
| SUPPORTING CUDA VERSION     :      8.0
|--------------------------------------------

 @ Read Job And Atom

  KEYWORD=B3LYP  BASIS=DEF2-SVPD CUTOFF=1.0E-9 DENSERMS=1.0E-6  ZMAKE GRADIENT DIPOLE CHARGE=0                                                                                                                    
 ============== JOB CARD =============
 METHOD = DENSITY FUNCTIONAL THEORY
 DENSITY FUNCTIONAL = B3LYP
 DIRECT SCF 
 SAD INITAL GUESS 
 USE DIIS SCF
 PRINT ENERGY EVERY CYCLE
 READ SAD GUESS FROM FILE
 Z-MATRIX CONSTRUCTION
 DIPOLE
 STANDARD GRID = SG1
 GRADIENT CALCULATION
 MAX SCF CYCLES =    200
 MAX DIIS CYCLES =   10
 DELTA DENSITY START CYCLE = 1000
 COMPUTATIONAL CUTOFF: 
      TWO-e INTEGRAL   =  0.100E-08
      BASIS SET PRIME  =  0.100E-19
      MATRIX ELEMENTS  =  0.100E-09
      BASIS FUNCTION   =  0.100E-09
      GRADIENT CUTOFF  =  0.100E-08
 DENSITY MATRIX MAXIMUM RMS FOR CONVERGENCE  =  0.100E-05
 BASIS SET = DEF2-SVPD,  TYPE = CARTESIAN
| BASIS FILE = /mnt/gs18/scratch/users/manathun/saved-test-update/install/basis/DEF2-SVPD.BAS

 @ Finish reading job


 @ Begin SAD initial guess

 For Atom Kind =    1
 ELEMENT = NA
 BASIS FUNCTIONS =   19
 For Atom Kind =    2
 ELEMENT = CL
 BASIS FUNCTIONS =   29

 @ Finish SAD initial guess


 @ Begin Reading Molecular Information


 =========== Molecule Input ==========
 TOTAL MOLECULAR CHARGE  =    0    MULTIPLICITY                =    1
 TOTAL ATOM NUMBER       =    2    NUMBER OF ATOM TYPES        =    2
 NUMBER OF HYDROGEN ATOM =    0    NUMBER OF NON-HYDROGEN ATOM =    2
 NUMBER OF ELECTRONS     =   28

 -- INPUT GEOMETRY -- :
    NA         -6.7130       1.5249       0.0000
    CL         -4.3156       1.5249       0.0000

 -- DISTANCE MATRIX -- :
              1           2
      1     0.00000
      2     4.53039     0.00000

============== BASIS INFOS ==============
 BASIS FUNCTIONS =   48
 NSHELL =   19 NPRIM  =   84
 JSHELL =   19 JBASIS =   39


 @ End Reading Molecular Information 


 @ Begin XC Quadrature Formation

 OCTAGO: OCTree Algorithm for Grid Operations 
   PRUNING CUTOFF       = 0.100E-09
   INITIAL GRID POINTS  =        7520
|   FINAL GRID POINTS    =        5415
|   SIGNIFICANT NUMBER OF BASIS FUNCTIONS     =        4586
|   SIGNIFICANT NUMBER OF PRIMITIVE FUNCTIONS =        5034

 @ End XC Quadrature Formation


 @ Begin Energy Calculation

                                         SCF ENERGY
| ------------------------------------------------------------------------------------------------------------------------
| NCYC       ENERGY         DELTA_E      SCF_TIME  DII_CYC   DII_TIME   O_TIME  DIAG_TIME    MAX_ERR    RMS_CHG    MAX_CHG
| ------------------------------------------------------------------------------------------------------------------------
|  1   -622.301009587      ------         0.039     1        0.01      0.03      0.01    0.6345E+00  0.2112E-01  0.3483E+00
|  2   -622.358021695  0.570121E-01       0.027     2        0.01      0.02      0.01    0.1216E+00  0.2233E-01  0.3000E+00
|  3   -622.355419992  -.260170E-02       0.027     3        0.01      0.02      0.01    0.1393E+00  0.1061E-01  0.1669E+00
|  4   -622.406487860  0.510679E-01       0.028     4        0.01      0.01      0.01    0.3710E-02  0.4463E-03  0.5698E-02
|  5   -622.406504243  0.163830E-04       0.022     5        0.01      0.01      0.01    0.2887E-02  0.1525E-03  0.1314E-02
|  6   -622.406519520  0.152769E-04       0.022     6        0.01      0.01      0.01    0.4114E-03  0.4165E-04  0.6587E-03
|  7   -622.406520026  0.505930E-06       0.022     7        0.01      0.01      0.01    0.1513E-04  0.2334E-05  0.2950E-04
| -------------- 2E-INT CUTOFF CHANGE TO 0.1000E-08 ------------
|  8   -622.406519925  -.100511E-06       0.022     8        0.01      0.01      0.01    0.7817E-05  0.2362E-05  0.4556E-04
|  9   -622.406519925  -.100897E-10       0.022     9        0.01      0.01      0.01    0.6235E-05  0.9874E-05  0.1894E-03
| 10   -622.406519925  0.216374E-09       0.022    10        0.01      0.01      0.01    0.1164E-06  0.1672E-06  0.3321E-05
| ------------------------------------------------------------------------------------------------------------------------
| REACH CONVERGENCE AFTER  10 CYCLES
| MAX ERROR = 0.116432E-06   RMS CHANGE = 0.167203E-06   MAX CHANGE = 0.332149E-05
| -----------------------------------------------
 ALPHA ELECTRON DENSITY    =   13.9999448423
 BETA ELECTRON DENSITY     =   13.9999448423
 ELECTRONIC ENERGY    =  -663.683304585
 CORE_CORE REPULSION  =    41.276784659
 TOTAL ENERGY         =  -622.406519925

 @ End Energy calculation


 @ Begin Gradient Calculation

 ANALYTICAL GRADIENT: 
----------------------------------------
 COORDINATE    XYZ            GRADIENT
----------------------------------------
    1X    -6.7129605126    -0.0016078335
    1Y     1.5248601164    -0.0000000002
    1Z     0.0000000000    -0.0000000001
    2X    -4.3155803296     0.0017692858
    2Y     1.5248601164     0.0000000002
    2Z     0.0000000000     0.0000000001
----------------------------------------

 @ End Gradient Calculation


 @ Begin Zmake conversion

  
 Z-MATRIX:

   ATOM  ELEMENTAL  BOND LENGTH    BOND ANGLE    DIHEDRAL ANGLE
  NUMBER  SYMBOL    (ANGSTROMS)    (DEGREES)       (DEGREES)
     I                 I-NA         I-NA-NB        I-NA-NB-NC      NA   NB   NC

     1      NA       0.00000  0     0.00000  0      0.00000  0      0    0    0
     2      CL       2.39738  1     0.00000  0      0.00000  0      1    0    0

 @ End Zmake conversion


 @ Begin Charge and Dipole Calculation

    ATOMIC CHARGES
   ATOM          MULLIKEN            LOWDIN
   NA             0.8393             0.5635
   CL            -0.8393            -0.5635
   TOTAL        -0.0000             0.0000

    DIPOLE (DEBYE)
      X         Y         Z        TOTAL
   -9.0061   -0.0000   -0.0000    9.0061

 @ End Charge and Dipole Calculation


 @ Output Timing Information

------------- TIMING ---------------
| INITIAL GUESS TIME  =     0.445517000( 13.13%)
| DFT GRID OPERATIONS =     0.006348000(  0.19%)
| TOTAL SCF TIME      =     0.255254000(  7.52%)
|       TOTAL OP TIME      =     0.158276000(  4.66%)
|             TOTAL 1e TIME      =     0.002400000(  0.07%)
|             TOTAL 2e TIME      =     0.063414000(  1.87%)
|             TOTAL EXC TIME     =     0.089472000(  2.64%)
|       TOTAL DII TIME      =     0.096899000(  2.86%)
|             TOTAL DIAG TIME    =     0.090597000(  2.67%)
| TOTAL GRADIENT TIME      =     0.305234000(  9.00%)
|       TOTAL 1e GRADIENT TIME      =     0.011620000( 0.36%)
|       TOTAL 2e GRADIENT TIME      =     0.254691000( 7.51%)
|       TOTAL EXC GRADIENT TIME     =     0.038262000(  1.13%)
| TOTAL TIME          =     3.393126000
------------------------------------
| Job cpu time:  0 days  0 hours  0 minutes  3.4 seconds.

 @ Finish Output Timing Information

| Normal Termination. Task Finished on: Mon Mar 14 23:22:46 2022
