  *********************************************************************************************************
  **                                                                                                     **
  **           888888888888                                                                              **
  **         8888888888888888                                                                            **
  **      888888888888888888                                                                             **
  **     888888888888888888                                                                              **
  **    888888888888888                                                                                  **
  **   88888888888888888888                               88888                       8888:              **
  **   8888888888888888888888Z                            88888                       8888:              **
  **   888888888888888888888888?                          88888                       8888:              **
  **   8888888888888      8888888                                        888888       8888:              **
  **    88888888888         888888     8888:     88888    88888        888888888I     8888:    888888    **
  **    8888888888           88888:    8888:     88888    88888      $888888888888    8888:   888888     **
  **    I8Z 88888             88888    8888:     88888    88888    .888888     8888   8888: 888888       **
  **    .8Z 88888             88888    8888:     88888    88888    $88888             8888:88888         **
  **     8I 88888      .=88. .88888    8888:     88888    88888    88888              8888888888         **
  **    :8  88888      888888$8888$    8888:     88888    88888    8888O              88888888888        **
  **   ,7   +88888.     8888888888.    8888:     88888    88888    888888             88888O888888       **
  **         $888888:.   .8888888      88888....888888    88888     888888     8888   8888:  888888      **
  **          I8888888888888888888     888888888888888    88888     O888888888888O    8888:   888888     **
  **            O888888888888888888     88888888888888    88888       88888888888$    8888:    888888    **
  **               8888888Z     888      .8888I  88888    88888         8888888       8888:     888888   **
  **                                                                                                     **
  **                                                                                                     **
  **                                         Copyright (c) 2022                                          **
  **                          Regents of the University of California San Diego                          **
  **                                    & Michigan State University                                      **
  **                                        All Rights Reserved.                                         **
  **                                                                                                     **
  **             This software is subject to the terms of the Mozilla Public License, v. 2.0.            **
  **                                                                                                     **
  *********************************************************************************************************
                                                                                                           
  Cite this work as:                                                                                       
  Manathunga, M.; Shajan, A.; Giese, T. J.; Cruzeiro, V.W.D.; Smith, J.; Miao, Y.; He, X.; Ayers, K.;      
  Brothers, E.; Goetz, A.W.; Merz, K.M. QUICK-22.03                                                        
  University of California San Diego, CA and Michigan State University, East Lansing, MI, 2022             
                                                                                                           
  If you have any comments or queries, please send us an email for technical support:                      
  quick.merzlab@gmail.com                                                                                  
                                                                                                           
| TASK STARTS ON: Mon Mar 14 23:22:22 2022
| INPUT FILE :    grad_BeH2_b3lyp_def2svpd.in
| OUTPUT FILE:    grad_BeH2_b3lyp_def2svpd.out
| DATA FILE  :    grad_BeH2_b3lyp_def2svpd.dat
| BASIS SET PATH: /mnt/gs18/scratch/users/manathun/saved-test-update/install/basis

|------------ GPU INFORMATION ---------------
| CUDA ENABLED DEVICE         :        4
| CUDA DEVICE IN USE          :        0
| CUDA DEVICE NAME            : NVIDIA A100-SXM-80GB
| CUDA DEVICE PM              :      108
| CUDA DEVICE CORE FREQ(GHZ)  :     1.41
| CUDA DEVICE MEMORY SIZE (MB):    81251
| SUPPORTING CUDA VERSION     :      8.0
|--------------------------------------------

 @ Read Job And Atom

  KEYWORD=B3LYP  BASIS=DEF2-SVPD CUTOFF=1.0E-9 DENSERMS=1.0E-6  ZMAKE GRADIENT DIPOLE CHARGE=0                                                                                                                    
 ============== JOB CARD =============
 METHOD = DENSITY FUNCTIONAL THEORY
 DENSITY FUNCTIONAL = B3LYP
 DIRECT SCF 
 SAD INITAL GUESS 
 USE DIIS SCF
 PRINT ENERGY EVERY CYCLE
 READ SAD GUESS FROM FILE
 Z-MATRIX CONSTRUCTION
 DIPOLE
 STANDARD GRID = SG1
 GRADIENT CALCULATION
 MAX SCF CYCLES =    200
 MAX DIIS CYCLES =   10
 DELTA DENSITY START CYCLE = 1000
 COMPUTATIONAL CUTOFF: 
      TWO-e INTEGRAL   =  0.100E-08
      BASIS SET PRIME  =  0.100E-19
      MATRIX ELEMENTS  =  0.100E-09
      BASIS FUNCTION   =  0.100E-09
      GRADIENT CUTOFF  =  0.100E-08
 DENSITY MATRIX MAXIMUM RMS FOR CONVERGENCE  =  0.100E-05
 BASIS SET = DEF2-SVPD,  TYPE = CARTESIAN
| BASIS FILE = /mnt/gs18/scratch/users/manathun/saved-test-update/install/basis/DEF2-SVPD.BAS

 @ Finish reading job


 @ Begin SAD initial guess

 For Atom Kind =    1
 ELEMENT = BE
 BASIS FUNCTIONS =   12
 For Atom Kind =    2
 ELEMENT = H 
 BASIS FUNCTIONS =    8

 @ Finish SAD initial guess


 @ Begin Reading Molecular Information


 =========== Molecule Input ==========
 TOTAL MOLECULAR CHARGE  =    0    MULTIPLICITY                =    1
 TOTAL ATOM NUMBER       =    3    NUMBER OF ATOM TYPES        =    2
 NUMBER OF HYDROGEN ATOM =    2    NUMBER OF NON-HYDROGEN ATOM =    1
 NUMBER OF ELECTRONS     =    6

 -- INPUT GEOMETRY -- :
    BE         -2.7429       0.3216      -1.3318
    H          -1.6429       0.3216      -1.3318
    H          -3.8429       0.3216      -1.3318

 -- DISTANCE MATRIX -- :
              1           2           3
      1     0.00000
      2     2.07870     0.00000
      3     2.07870     4.15740     0.00000

============== BASIS INFOS ==============
 BASIS FUNCTIONS =   28
 NSHELL =   14 NPRIM  =   42
 JSHELL =   14 JBASIS =   24


 @ End Reading Molecular Information 


 @ Begin XC Quadrature Formation

 OCTAGO: OCTree Algorithm for Grid Operations 
   PRUNING CUTOFF       = 0.100E-09
   INITIAL GRID POINTS  =       11320
|   FINAL GRID POINTS    =        8156
|   SIGNIFICANT NUMBER OF BASIS FUNCTIONS     =        5394
|   SIGNIFICANT NUMBER OF PRIMITIVE FUNCTIONS =        6276

 @ End XC Quadrature Formation


 @ Begin Energy Calculation

                                         SCF ENERGY
| ------------------------------------------------------------------------------------------------------------------------
| NCYC       ENERGY         DELTA_E      SCF_TIME  DII_CYC   DII_TIME   O_TIME  DIAG_TIME    MAX_ERR    RMS_CHG    MAX_CHG
| ------------------------------------------------------------------------------------------------------------------------
|  1    -15.791568862      ------         0.027     1        0.01      0.02      0.01    0.6729E+00  0.7508E-01  0.4978E+00
|  2    -15.848950685  0.573818E-01       0.016     2        0.01      0.00      0.01    0.7678E-01  0.2341E-01  0.2855E+00
|  3    -15.862953387  0.140027E-01       0.016     3        0.01      0.00      0.01    0.1449E-01  0.2939E-02  0.2113E-01
|  4    -15.863511433  0.558046E-03       0.017     4        0.01      0.00      0.01    0.7703E-03  0.4981E-03  0.8393E-02
|  5    -15.863513078  0.164508E-05       0.016     5        0.01      0.00      0.01    0.1698E-03  0.3881E-04  0.3887E-03
|  6    -15.863513118  0.402423E-07       0.016     6        0.01      0.00      0.01    0.2995E-05  0.1057E-05  0.1033E-04
| -------------- 2E-INT CUTOFF CHANGE TO 0.1000E-08 ------------
|  7    -15.863513140  0.219488E-07       0.017     7        0.01      0.00      0.01    0.9648E-07  0.2389E-06  0.4348E-05
| ------------------------------------------------------------------------------------------------------------------------
| REACH CONVERGENCE AFTER   7 CYCLES
| MAX ERROR = 0.964787E-07   RMS CHANGE = 0.238915E-06   MAX CHANGE = 0.434781E-05
| -----------------------------------------------
 ALPHA ELECTRON DENSITY    =    3.0000299254
 BETA ELECTRON DENSITY     =    3.0000299254
 ELECTRONIC ENERGY    =   -19.952609752
 CORE_CORE REPULSION  =     4.089096612
 TOTAL ENERGY         =   -15.863513140

 @ End Energy calculation


 @ Begin Gradient Calculation

 ANALYTICAL GRADIENT: 
----------------------------------------
 COORDINATE    XYZ            GRADIENT
----------------------------------------
    1X    -2.7428602095     0.0000000000
    1Y     0.3216200246     0.0000000000
    1Z    -1.3318101017     0.0000000000
    2X    -1.6428601255    -0.1182131599
    2Y     0.3216200246    -0.0000000000
    2Z    -1.3318101017    -0.0000000000
    3X    -3.8428602935     0.1182131599
    3Y     0.3216200246    -0.0000000000
    3Z    -1.3318101017     0.0000000000
----------------------------------------

 @ End Gradient Calculation


 @ Begin Zmake conversion

  
 Z-MATRIX:

   ATOM  ELEMENTAL  BOND LENGTH    BOND ANGLE    DIHEDRAL ANGLE
  NUMBER  SYMBOL    (ANGSTROMS)    (DEGREES)       (DEGREES)
     I                 I-NA         I-NA-NB        I-NA-NB-NC      NA   NB   NC

     1      BE       0.00000  0     0.00000  0      0.00000  0      0    0    0
     2      H        1.10000  1     0.00000  0      0.00000  0      1    0    0
     3      H        1.10000  1   180.00000  1      0.00000  0      1    2    0

 @ End Zmake conversion


 @ Begin Charge and Dipole Calculation

    ATOMIC CHARGES
   ATOM          MULLIKEN            LOWDIN
   BE            -0.2752             0.4543
   H              0.1376            -0.2272
   H              0.1376            -0.2272
   TOTAL        -0.0000             0.0000

    DIPOLE (DEBYE)
      X         Y         Z        TOTAL
   -0.0000    0.0000    0.0000    0.0000

 @ End Charge and Dipole Calculation


 @ Output Timing Information

------------- TIMING ---------------
| INITIAL GUESS TIME  =     0.442309000( 14.83%)
| DFT GRID OPERATIONS =     0.008830000(  0.30%)
| TOTAL SCF TIME      =     0.125506000(  4.21%)
|       TOTAL OP TIME      =     0.044272000(  1.48%)
|             TOTAL 1e TIME      =     0.000818000(  0.03%)
|             TOTAL 2e TIME      =     0.013905000(  0.47%)
|             TOTAL EXC TIME     =     0.028366000(  0.95%)
|       TOTAL DII TIME      =     0.081201000(  2.72%)
|             TOTAL DIAG TIME    =     0.077149000(  2.59%)
| TOTAL GRADIENT TIME      =     0.023870000(  0.80%)
|       TOTAL 1e GRADIENT TIME      =     0.003671000( 0.13%)
|       TOTAL 2e GRADIENT TIME      =     0.007619000( 0.26%)
|       TOTAL EXC GRADIENT TIME     =     0.012276000(  0.41%)
| TOTAL TIME          =     2.982551000
------------------------------------
| Job cpu time:  0 days  0 hours  0 minutes  3.0 seconds.

 @ Finish Output Timing Information

| Normal Termination. Task Finished on: Mon Mar 14 23:22:25 2022
