  *********************************************************************************************************
  **                                                                                                     **
  **           888888888888                                                                              **
  **         8888888888888888                                                                            **
  **      888888888888888888                                                                             **
  **     888888888888888888                                                                              **
  **    888888888888888                                                                                  **
  **   88888888888888888888                               88888                       8888:              **
  **   8888888888888888888888Z                            88888                       8888:              **
  **   888888888888888888888888?                          88888                       8888:              **
  **   8888888888888      8888888                                        888888       8888:              **
  **    88888888888         888888     8888:     88888    88888        888888888I     8888:    888888    **
  **    8888888888           88888:    8888:     88888    88888      $888888888888    8888:   888888     **
  **    I8Z 88888             88888    8888:     88888    88888    .888888     8888   8888: 888888       **
  **    .8Z 88888             88888    8888:     88888    88888    $88888             8888:88888         **
  **     8I 88888      .=88. .88888    8888:     88888    88888    88888              8888888888         **
  **    :8  88888      888888$8888$    8888:     88888    88888    8888O              88888888888        **
  **   ,7   +88888.     8888888888.    8888:     88888    88888    888888             88888O888888       **
  **         $888888:.   .8888888      88888....888888    88888     888888     8888   8888:  888888      **
  **          I8888888888888888888     888888888888888    88888     O888888888888O    8888:   888888     **
  **            O888888888888888888     88888888888888    88888       88888888888$    8888:    888888    **
  **               8888888Z     888      .8888I  88888    88888         8888888       8888:     888888   **
  **                                                                                                     **
  **                                                                                                     **
  **                                         Copyright (c) 2022                                          **
  **                          Regents of the University of California San Diego                          **
  **                                    & Michigan State University                                      **
  **                                        All Rights Reserved.                                         **
  **                                                                                                     **
  **             This software is subject to the terms of the Mozilla Public License, v. 2.0.            **
  **                                                                                                     **
  *********************************************************************************************************
                                                                                                           
  Cite this work as:                                                                                       
  Manathunga, M.; Shajan, A.; Giese, T. J.; Cruzeiro, V.W.D.; Smith, J.; Miao, Y.; He, X.; Ayers, K.;      
  Brothers, E.; Goetz, A.W.; Merz, K.M. QUICK-22.03                                                        
  University of California San Diego, CA and Michigan State University, East Lansing, MI, 2022             
                                                                                                           
  If you have any comments or queries, please send us an email for technical support:                      
  quick.merzlab@gmail.com                                                                                  
                                                                                                           
| TASK STARTS ON: Mon Mar 14 23:23:44 2022
| INPUT FILE :    grad_ch5nos_b3lyp_6311plplg2d2p.in
| OUTPUT FILE:    grad_ch5nos_b3lyp_6311plplg2d2p.out
| DATA FILE  :    grad_ch5nos_b3lyp_6311plplg2d2p.dat
| BASIS SET PATH: /mnt/gs18/scratch/users/manathun/saved-test-update/install/basis

|------------ GPU INFORMATION ---------------
| CUDA ENABLED DEVICE         :        4
| CUDA DEVICE IN USE          :        0
| CUDA DEVICE NAME            : NVIDIA A100-SXM-80GB
| CUDA DEVICE PM              :      108
| CUDA DEVICE CORE FREQ(GHZ)  :     1.41
| CUDA DEVICE MEMORY SIZE (MB):    81251
| SUPPORTING CUDA VERSION     :      8.0
|--------------------------------------------

 @ Read Job And Atom

  KEYWORD=DFT B3LYP BASIS=6-311++G(2D,2P) CUTOFF=1.0E-9 DENSERMS=1.0E-6  ZMAKE GRADIENT DIPOLE                                                                                                                    
 ============== JOB CARD =============
 METHOD = DENSITY FUNCTIONAL THEORY
 DENSITY FUNCTIONAL = B3LYP
 DIRECT SCF 
 SAD INITAL GUESS 
 USE DIIS SCF
 PRINT ENERGY EVERY CYCLE
 READ SAD GUESS FROM FILE
 Z-MATRIX CONSTRUCTION
 DIPOLE
 STANDARD GRID = SG1
 GRADIENT CALCULATION
 MAX SCF CYCLES =    200
 MAX DIIS CYCLES =   10
 DELTA DENSITY START CYCLE = 1000
 COMPUTATIONAL CUTOFF: 
      TWO-e INTEGRAL   =  0.100E-08
      BASIS SET PRIME  =  0.100E-19
      MATRIX ELEMENTS  =  0.100E-09
      BASIS FUNCTION   =  0.100E-09
      GRADIENT CUTOFF  =  0.100E-08
 DENSITY MATRIX MAXIMUM RMS FOR CONVERGENCE  =  0.100E-05
 BASIS SET = 6-311++G(2D,2P),  TYPE = CARTESIAN
| BASIS FILE = /mnt/gs18/scratch/users/manathun/saved-test-update/install/basis/6-311PLPLG2D2P.BAS

 @ Finish reading job


 @ Begin SAD initial guess

 For Atom Kind =    1
 ELEMENT = C 
 BASIS FUNCTIONS =   29
 For Atom Kind =    2
 ELEMENT = O 
 BASIS FUNCTIONS =   29
 For Atom Kind =    3
 ELEMENT = N 
 BASIS FUNCTIONS =   29
 For Atom Kind =    4
 ELEMENT = H 
 BASIS FUNCTIONS =   10
 For Atom Kind =    5
 ELEMENT = S 
 BASIS FUNCTIONS =   37

 @ Finish SAD initial guess


 @ Begin Reading Molecular Information


 =========== Molecule Input ==========
 TOTAL MOLECULAR CHARGE  =    0    MULTIPLICITY                =    1
 TOTAL ATOM NUMBER       =    9    NUMBER OF ATOM TYPES        =    5
 NUMBER OF HYDROGEN ATOM =    5    NUMBER OF NON-HYDROGEN ATOM =    4
 NUMBER OF ELECTRONS     =   42

 -- INPUT GEOMETRY -- :
    C          -1.3709       0.2881      -0.2373
    O           0.0012       0.1311      -0.4531
    N          -1.7503      -0.7127       0.7167
    H          -1.8997       0.1549      -1.1853
    S          -1.7415       1.9080       0.4275
    H           0.3414      -0.0348       0.4408
    H          -1.6363      -1.6188       0.2661
    H          -2.7490      -0.6078       0.8861
    H          -1.0357       1.7471       1.5528

 -- DISTANCE MATRIX -- :
              1           2           3           4           5
      1     0.00000
      2     2.64149     0.00000
      3     2.70947     4.28781     0.00000
      4     2.06675     3.84976     3.96068     0.00000
      5     3.38226     4.98903     4.98250     4.51155     0.00000
      6     3.53334     1.83439     4.18776     5.24471     5.38266
      7     3.76053     4.72845     1.92434     4.35946     6.67455
      8     3.76245     5.94694     1.92451     4.46955     5.19404
      9     4.40981     5.24731     5.09191     6.20423     2.52847
              6           7           8           9
      6     0.00000
      7     4.79962     0.00000
      8     5.99894     3.07312     0.00000
      9     4.74631     6.90345     5.64567     0.00000

============== BASIS INFOS ==============
 BASIS FUNCTIONS =  174
 NSHELL =   65 NPRIM  =  242
 JSHELL =   65 JBASIS =  107


 @ End Reading Molecular Information 


 @ Begin XC Quadrature Formation

 OCTAGO: OCTree Algorithm for Grid Operations 
   PRUNING CUTOFF       = 0.100E-09
   INITIAL GRID POINTS  =       33968
|   FINAL GRID POINTS    =       23579
|   SIGNIFICANT NUMBER OF BASIS FUNCTIONS     =       43755
|   SIGNIFICANT NUMBER OF PRIMITIVE FUNCTIONS =       45580

 @ End XC Quadrature Formation


 @ Begin Energy Calculation

                                         SCF ENERGY
| ------------------------------------------------------------------------------------------------------------------------
| NCYC       ENERGY         DELTA_E      SCF_TIME  DII_CYC   DII_TIME   O_TIME  DIAG_TIME    MAX_ERR    RMS_CHG    MAX_CHG
| ------------------------------------------------------------------------------------------------------------------------
|  1   -570.049717468      ------         0.173     1        0.02      0.16      0.01    0.2180E+01  0.1353E-01  0.4052E+00
|  2   -569.239898818  -.809819E+00       0.133     2        0.01      0.12      0.01    0.2915E+00  0.8027E-02  0.2384E+00
|  3   -569.070824185  -.169075E+00       0.135     3        0.01      0.12      0.01    0.5041E+00  0.5479E-02  0.1535E+00
|  4   -569.362376240  0.291552E+00       0.134     4        0.01      0.12      0.01    0.3126E-01  0.7750E-03  0.2641E-01
|  5   -569.364710199  0.233396E-02       0.134     5        0.01      0.12      0.01    0.1661E-01  0.2377E-03  0.9931E-02
|  6   -569.365271386  0.561187E-03       0.134     6        0.01      0.12      0.01    0.4379E-02  0.8200E-04  0.2674E-02
|  7   -569.365314308  0.429217E-04       0.134     7        0.01      0.12      0.01    0.8283E-03  0.1939E-04  0.6151E-03
|  8   -569.365316871  0.256374E-05       0.134     8        0.01      0.12      0.01    0.1582E-03  0.4747E-05  0.1899E-03
| -------------- 2E-INT CUTOFF CHANGE TO 0.1000E-08 ------------
|  9   -569.365317164  0.292490E-06       0.141     9        0.02      0.13      0.01    0.9239E-04  0.9543E-05  0.3225E-03
| 10   -569.365317203  0.391741E-07       0.140    10        0.01      0.13      0.01    0.9240E-04  0.1312E-04  0.4350E-03
| 11   -569.365317210  0.693854E-08       0.140     1        0.01      0.13      0.01    0.9013E-04  0.8214E-05  0.2711E-03
| 12   -569.365317219  0.909313E-08       0.141     2        0.02      0.13      0.01    0.9019E-04  0.1440E-05  0.4779E-04
| 13   -569.365317219  -.232717E-09       0.141     3        0.02      0.13      0.01    0.9032E-04  0.1878E-06  0.6346E-05
| ------------------------------------------------------------------------------------------------------------------------
| REACH CONVERGENCE AFTER  13 CYCLES
| MAX ERROR = 0.903165E-04   RMS CHANGE = 0.187828E-06   MAX CHANGE = 0.634557E-05
| -----------------------------------------------
 ALPHA ELECTRON DENSITY    =   20.9998158698
 BETA ELECTRON DENSITY     =   20.9998158698
 ELECTRONIC ENERGY    =  -745.220776792
 CORE_CORE REPULSION  =   175.855459573
 TOTAL ENERGY         =  -569.365317219

 @ End Energy calculation


 @ Begin Gradient Calculation

 ANALYTICAL GRADIENT: 
----------------------------------------
 COORDINATE    XYZ            GRADIENT
----------------------------------------
    1X    -1.3708901047    -0.0112071577
    1Y     0.2881200220     0.0114019169
    1Z    -0.2373200181     0.0030964388
    2X     0.0012200001    -0.0060505376
    2Y     0.1311300100     0.0044306025
    2Z    -0.4531100346     0.0027499132
    3X    -1.7503301337     0.0179037442
    3Y    -0.7127100544     0.0138049939
    3Z     0.7166800547    -0.0044954436
    4X    -1.8996901451    -0.0050986705
    4Y     0.1549200118    -0.0096496826
    4Z    -1.1853500905     0.0027390338
    5X    -1.7415401330     0.0135982843
    5Y     1.9080001457    -0.0261381353
    5Z     0.4275400326     0.0007821186
    6X     0.3413900261    -0.0047189728
    6Y    -0.0348100027     0.0000256732
    6Z     0.4407800337     0.0068904562
    7X    -1.6363401250    -0.0012593275
    7Y    -1.6187601236     0.0013948239
    7Z     0.2660700203    -0.0031548927
    8X    -2.7490502099    -0.0030589659
    8Y    -0.6078000464     0.0025067901
    8Z     0.8861100677    -0.0062491992
    9X    -1.0357400791    -0.0000569011
    9Y     1.7471101334     0.0021301371
    9Z     1.5528101186    -0.0013472397
----------------------------------------

 @ End Gradient Calculation


 @ Begin Zmake conversion

  
 Z-MATRIX:

   ATOM  ELEMENTAL  BOND LENGTH    BOND ANGLE    DIHEDRAL ANGLE
  NUMBER  SYMBOL    (ANGSTROMS)    (DEGREES)       (DEGREES)
     I                 I-NA         I-NA-NB        I-NA-NB-NC      NA   NB   NC

     1      C        0.00000  0     0.00000  0      0.00000  0      0    0    0
     2      O        1.39782  1     0.00000  0      0.00000  0      1    0    0
     3      N        1.43379  1   106.50476  1      0.00000  0      1    2    0
     4      H        1.09368  1   109.09390  1   -120.27054  1      1    2    3
     5      S        1.78981  1   111.23987  1    118.95972  1      1    2    3
     6      H        1.86976  1    30.41941  1     41.33759  1      1    2    3
     7      H        1.98999  1    93.57588  1    -26.71589  1      1    2    3
     8      H        1.99100  1   135.72786  1      0.13364  1      1    2    3
     9      H        2.33357  1    92.73200  1     88.65691  1      1    2    3

 @ End Zmake conversion


 @ Begin Charge and Dipole Calculation

    ATOMIC CHARGES
   ATOM          MULLIKEN            LOWDIN
   C              0.1654            -0.3887
   O             -0.4031            -0.0796
   N             -0.4421            -0.1079
   H              0.1246             0.0773
   S             -0.0918             0.3428
   H              0.2407             0.0733
   H              0.1825             0.0720
   H              0.1745             0.0688
   H              0.0493            -0.0580
   TOTAL         0.0000             0.0000

    DIPOLE (DEBYE)
      X         Y         Z        TOTAL
   -1.0098   -1.7088    0.5888    2.0703

 @ End Charge and Dipole Calculation


 @ Output Timing Information

------------- TIMING ---------------
| INITIAL GUESS TIME  =     0.224925000(  3.67%)
| DFT GRID OPERATIONS =     0.026758000(  0.44%)
| TOTAL SCF TIME      =     1.834147000( 29.90%)
|       TOTAL OP TIME      =     1.638961000( 26.72%)
|             TOTAL 1e TIME      =     0.019811000(  0.32%)
|             TOTAL 2e TIME      =     0.538373000(  8.78%)
|             TOTAL EXC TIME     =     1.057550000( 17.24%)
|       TOTAL DII TIME      =     0.194512000(  3.17%)
|             TOTAL DIAG TIME    =     0.165107000(  2.69%)
| TOTAL GRADIENT TIME      =     1.559811000( 25.43%)
|       TOTAL 1e GRADIENT TIME      =     0.160851000( 2.64%)
|       TOTAL 2e GRADIENT TIME      =     0.942948000(15.37%)
|       TOTAL EXC GRADIENT TIME     =     0.455151000(  7.42%)
| TOTAL TIME          =     6.133265000
------------------------------------
| Job cpu time:  0 days  0 hours  0 minutes  6.1 seconds.

 @ Finish Output Timing Information

| Normal Termination. Task Finished on: Mon Mar 14 23:23:50 2022
