  *********************************************************************************************************
  **                                                                                                     **
  **           888888888888                                                                              **
  **         8888888888888888                                                                            **
  **      888888888888888888                                                                             **
  **     888888888888888888                                                                              **
  **    888888888888888                                                                                  **
  **   88888888888888888888                               88888                       8888:              **
  **   8888888888888888888888Z                            88888                       8888:              **
  **   888888888888888888888888?                          88888                       8888:              **
  **   8888888888888      8888888                                        888888       8888:              **
  **    88888888888         888888     8888:     88888    88888        888888888I     8888:    888888    **
  **    8888888888           88888:    8888:     88888    88888      $888888888888    8888:   888888     **
  **    I8Z 88888             88888    8888:     88888    88888    .888888     8888   8888: 888888       **
  **    .8Z 88888             88888    8888:     88888    88888    $88888             8888:88888         **
  **     8I 88888      .=88. .88888    8888:     88888    88888    88888              8888888888         **
  **    :8  88888      888888$8888$    8888:     88888    88888    8888O              88888888888        **
  **   ,7   +88888.     8888888888.    8888:     88888    88888    888888             88888O888888       **
  **         $888888:.   .8888888      88888....888888    88888     888888     8888   8888:  888888      **
  **          I8888888888888888888     888888888888888    88888     O888888888888O    8888:   888888     **
  **            O888888888888888888     88888888888888    88888       88888888888$    8888:    888888    **
  **               8888888Z     888      .8888I  88888    88888         8888888       8888:     888888   **
  **                                                                                                     **
  **                                                                                                     **
  **                                         Copyright (c) 2022                                          **
  **                          Regents of the University of California San Diego                          **
  **                                    & Michigan State University                                      **
  **                                        All Rights Reserved.                                         **
  **                                                                                                     **
  **             This software is subject to the terms of the Mozilla Public License, v. 2.0.            **
  **                                                                                                     **
  *********************************************************************************************************
                                                                                                           
  Cite this work as:                                                                                       
  Manathunga, M.; Shajan, A.; Giese, T. J.; Cruzeiro, V.W.D.; Smith, J.; Miao, Y.; He, X.; Ayers, K.;      
  Brothers, E.; Goetz, A.W.; Merz, K.M. QUICK-22.03                                                        
  University of California San Diego, CA and Michigan State University, East Lansing, MI, 2022             
                                                                                                           
  If you have any comments or queries, please send us an email for technical support:                      
  quick.merzlab@gmail.com                                                                                  
                                                                                                           
| TASK STARTS ON: Tue Mar 15 14:36:38 2022
| INPUT FILE :    opt_wat_rhf_ccpvdz.in
| OUTPUT FILE:    opt_wat_rhf_ccpvdz.out
| DATA FILE  :    opt_wat_rhf_ccpvdz.dat
| BASIS SET PATH: /home/madu/saved-test-update/install/basis

|------------ GPU INFORMATION ---------------
| CUDA ENABLED DEVICE         :        3
| CUDA DEVICE IN USE          :        0
| CUDA DEVICE NAME            : NVIDIA TITAN V
| CUDA DEVICE PM              :       80
| CUDA DEVICE CORE FREQ(GHZ)  :     1.46
| CUDA DEVICE MEMORY SIZE (MB):    12066
| SUPPORTING CUDA VERSION     :      7.0
|--------------------------------------------

 @ Read Job And Atom

  KEYWORD=HF BASIS=CC-PVDZ CUTOFF=1.0E-9 DENSERMS=1.0E-6  ZMAKE OPTIMIZE=5 DIPOLE LOPT                                                                                                                            
 ============== JOB CARD =============
 METHOD = HATREE FOCK
 DIRECT SCF 
 SAD INITAL GUESS 
 USE DIIS SCF
 PRINT ENERGY EVERY CYCLE
 READ SAD GUESS FROM FILE
 Z-MATRIX CONSTRUCTION
 DIPOLE
 GEOMETRY OPTIMIZATION ANALYTICAL GRADIENT
 REQUEST CRITERIA FOR GEOMETRY CONVERGENCE: 
      MAX ALLOWED GEO CHANGE  =  0.189E+00
      MAX GEOMETRY CHANGE     =  0.180E-02
      GEOMETRY CHANGE RMS     =  0.120E-02
      MAX GRADIENT CHANGE     =  0.100E-02
      GRADIENT NORMALIZATION  =  0.300E-03
 GRADIENT CALCULATION
 MAX SCF CYCLES =    200
 MAX DIIS CYCLES =   10
 DELTA DENSITY START CYCLE = 1000
 COMPUTATIONAL CUTOFF: 
      TWO-e INTEGRAL   =  0.100E-08
      BASIS SET PRIME  =  0.100E-19
      MATRIX ELEMENTS  =  0.100E-09
      BASIS FUNCTION   =  0.100E-09
      GRADIENT CUTOFF  =  0.100E-08
 DENSITY MATRIX MAXIMUM RMS FOR CONVERGENCE  =  0.100E-05
 BASIS SET = CC-PVDZ,  TYPE = CARTESIAN
| BASIS FILE = /home/madu/saved-test-update/install/basis/CC-PVDZ.BAS

 @ Finish reading job


 @ Begin SAD initial guess

 For Atom Kind =    1
 ELEMENT = O 
 BASIS FUNCTIONS =   15
 For Atom Kind =    2
 ELEMENT = H 
 BASIS FUNCTIONS =    5

 @ Finish SAD initial guess


 @ Begin Reading Molecular Information


 =========== Molecule Input ==========
 TOTAL MOLECULAR CHARGE  =    0    MULTIPLICITY                =    1
 TOTAL ATOM NUMBER       =    3    NUMBER OF ATOM TYPES        =    2
 NUMBER OF HYDROGEN ATOM =    2    NUMBER OF NON-HYDROGEN ATOM =    1
 NUMBER OF ELECTRONS     =   10

 -- INPUT GEOMETRY -- :
    O          -0.7415       1.7521       2.8963
    H          -1.1112       0.9798       3.3523
    H          -0.9205       2.0364       1.9840

 -- DISTANCE MATRIX -- :
              1           2           3
      1     0.00000
      2     1.83324     0.00000
      3     1.83707     3.28673     0.00000

============== BASIS INFOS ==============
 BASIS FUNCTIONS =   25
 NSHELL =   12 NPRIM  =   56
 JSHELL =   12 JBASIS =   37


 @ End Reading Molecular Information 


 @ Begin Optimization Job


 @ Optimize for New Step


============  GEOMETRY FOR OPTIMIZATION STEP   1 OUT OF    5  ============

GEOMETRY INPUT
ELEMENT      X              Y              Z
  O          -0.741530       1.752130       2.896280
  H          -1.111151       0.979769       3.352290
  H          -0.920500       2.036450       1.984040

 @ Begin Energy Calculation

                                         SCF ENERGY
| ------------------------------------------------------------------------------------------------------------------------
| NCYC       ENERGY         DELTA_E      SCF_TIME  DII_CYC   DII_TIME   O_TIME  DIAG_TIME    MAX_ERR    RMS_CHG    MAX_CHG
| ------------------------------------------------------------------------------------------------------------------------
|  1    -76.044181134      ------         0.024     1        0.00      0.02      0.00    0.1655E+01  0.9455E-01  0.8213E+00
|  2    -75.970164846  -.740163E-01       0.019     2        0.00      0.02      0.00    0.1284E+00  0.3513E-01  0.3840E+00
|  3    -76.004419961  0.342551E-01       0.020     3        0.00      0.02      0.00    0.6992E-01  0.1149E-01  0.1272E+00
|  4    -76.012497067  0.807711E-02       0.018     4        0.00      0.02      0.00    0.1585E-01  0.3459E-02  0.3582E-01
|  5    -76.013202991  0.705924E-03       0.018     5        0.00      0.02      0.00    0.3718E-02  0.1223E-02  0.1153E-01
|  6    -76.013286335  0.833439E-04       0.019     6        0.00      0.02      0.00    0.7967E-03  0.3394E-03  0.3531E-02
|  7    -76.013292058  0.572332E-05       0.020     7        0.00      0.02      0.00    0.1917E-03  0.8120E-04  0.7957E-03
|  8    -76.013292362  0.304391E-06       0.019     8        0.00      0.02      0.00    0.3241E-04  0.1193E-04  0.8367E-04
|  9    -76.013292369  0.644181E-08       0.018     9        0.00      0.02      0.00    0.6091E-05  0.2349E-05  0.1576E-04
| -------------- 2E-INT CUTOFF CHANGE TO 0.1000E-08 ------------
| 10    -76.013294757  0.238869E-05       0.019    10        0.00      0.02      0.00    0.1613E-05  0.8122E-06  0.1093E-04
| ------------------------------------------------------------------------------------------------------------------------
| REACH CONVERGENCE AFTER  10 CYCLES
| MAX ERROR = 0.161316E-05   RMS CHANGE = 0.812193E-06   MAX CHANGE = 0.109286E-04
| -----------------------------------------------
 ELECTRONIC ENERGY    =    -85.036173530
 CORE_CORE REPULSION  =      9.022878773
 TOTAL ENERGY         =    -76.013294757

 @ End Energy calculation


 ANALYTICAL GRADIENT: 
----------------------------------------------------------------------------
 VARIBLES    OLD_X            OLD_GRAD        NEW_GRAD          NEW_X
----------------------------------------------------------------------------
    1X    -0.7415300566     0.0000000000    -0.0151128771    -0.6415300566
    1Y     1.7521301338     0.0000000000    -0.0143989266     1.8521301338
    1Z     2.8962802212     0.0000000000    -0.0109241009     2.9786732857
    2X    -1.1111510849     0.0000000000     0.0028953464    -1.1329887140
    2Y     0.9797690748     0.0000000000    -0.0200097230     1.0797690748
    2Z     3.3522902560     0.0000000000     0.0412799828     3.2522902560
    3X    -0.9205000703     0.0000000000     0.0122175307    -1.0126485957
    3Y     2.0364501555     0.0000000000     0.0344086496     1.9364501555
    3Z     1.9840401515     0.0000000000    -0.0303558818     2.0840401515
----------------------------------------------------------------------------
 OPTIMZATION STATISTICS:
 MAXIMUM GRADIENT ELEMENT =     0.4127998278E-01 (REQUEST =     0.1000000000E-02 )

 @ Finish Optimization for This Step


 @ Optimize for New Step


============  GEOMETRY FOR OPTIMIZATION STEP   2 OUT OF    5  ============

GEOMETRY INPUT
ELEMENT      X              Y              Z
  O          -0.641530       1.852130       2.978673
  H          -1.132989       1.079769       3.252290
  H          -1.012649       1.936450       2.084040

 @ Begin Energy Calculation

                                         SCF ENERGY
| ------------------------------------------------------------------------------------------------------------------------
| NCYC       ENERGY         DELTA_E      SCF_TIME  DII_CYC   DII_TIME   O_TIME  DIAG_TIME    MAX_ERR    RMS_CHG    MAX_CHG
| ------------------------------------------------------------------------------------------------------------------------
|  1    -76.018898975      ------         0.021     1        0.00      0.02      0.00    0.6652E-01  0.2049E-01  0.1387E+00
|  2    -76.024582430  0.568345E-02       0.018     2        0.00      0.01      0.00    0.1211E-01  0.5764E-02  0.5733E-01
|  3    -76.025491657  0.909227E-03       0.017     3        0.00      0.01      0.00    0.4394E-02  0.1281E-02  0.1360E-01
|  4    -76.025585581  0.939239E-04       0.017     4        0.00      0.01      0.00    0.1681E-02  0.4551E-03  0.3547E-02
|  5    -76.025598788  0.132066E-04       0.017     5        0.00      0.01      0.00    0.3497E-03  0.1244E-03  0.1208E-02
|  6    -76.025599655  0.867553E-06       0.017     6        0.00      0.01      0.00    0.1494E-03  0.4405E-04  0.4164E-03
|  7    -76.025599733  0.776866E-07       0.017     7        0.00      0.01      0.00    0.1514E-04  0.6005E-05  0.5104E-04
| -------------- 2E-INT CUTOFF CHANGE TO 0.1000E-08 ------------
|  8    -76.025602181  0.244841E-05       0.018     8        0.00      0.02      0.00    0.5262E-05  0.1994E-05  0.1860E-04
|  9    -76.025602182  0.260048E-09       0.018     9        0.00      0.02      0.00    0.1734E-05  0.6143E-06  0.5498E-05
| ------------------------------------------------------------------------------------------------------------------------
| REACH CONVERGENCE AFTER   9 CYCLES
| MAX ERROR = 0.173427E-05   RMS CHANGE = 0.614256E-06   MAX CHANGE = 0.549800E-05
| -----------------------------------------------
 ELECTRONIC ENERGY    =    -85.174698238
 CORE_CORE REPULSION  =      9.149096056
 TOTAL ENERGY         =    -76.025602182

 @ End Energy calculation


 ANALYTICAL GRADIENT: 
----------------------------------------------------------------------------
 VARIBLES    OLD_X            OLD_GRAD        NEW_GRAD          NEW_X
----------------------------------------------------------------------------
    1X    -0.6415300566    -0.0151128771     0.0237318245    -0.7214791747
    1Y     1.8521301338    -0.0143989266     0.0121545336     1.8189248798
    1Z     2.9786732857    -0.0109241009     0.0282623322     2.8786732857
    2X    -1.1329887140     0.0028953464    -0.0083870513    -1.1018904958
    2Y     1.0797690748    -0.0200097230    -0.0055935310     1.1260182846
    2Z     3.2522902560     0.0412799828    -0.0078468990     3.2365415064
    3X    -1.0126485957     0.0122175307    -0.0153447732    -0.9637976959
    3Y     1.9364501555     0.0344086496    -0.0065610026     1.9234061997
    3Z     2.0840401515    -0.0303558818    -0.0204154332     2.1840401515
----------------------------------------------------------------------------
 OPTIMIZATION STATISTICS:
 ENERGY CHANGE           =    -0.1230742433E-01 (REQUEST=  0.10000E-05 )
 MAXIMUM GEOMETRY CHANGE =     0.1000000000E+00 (REQUEST=  0.18000E-02 )
 GEOMETRY CHANGE RMS     =     0.6092355616E-01 (REQUEST=  0.12000E-02 )
 GRADIENT NORM           =     0.1622136581E-01 (REQUEST=  0.30000E-03 )

 @ Finish Optimization for This Step


 @ Optimize for New Step


============  GEOMETRY FOR OPTIMIZATION STEP   3 OUT OF    5  ============

GEOMETRY INPUT
ELEMENT      X              Y              Z
  O          -0.721479       1.818925       2.878673
  H          -1.101890       1.126018       3.236542
  H          -0.963798       1.923406       2.184040

 @ Begin Energy Calculation

                                         SCF ENERGY
| ------------------------------------------------------------------------------------------------------------------------
| NCYC       ENERGY         DELTA_E      SCF_TIME  DII_CYC   DII_TIME   O_TIME  DIAG_TIME    MAX_ERR    RMS_CHG    MAX_CHG
| ------------------------------------------------------------------------------------------------------------------------
|  1    -76.193575771      ------         0.019     1        0.00      0.02      0.00    0.8618E+00  0.3203E-01  0.2776E+00
|  2    -75.941201119  -.252375E+00       0.017     2        0.00      0.01      0.00    0.2788E-01  0.1149E-01  0.1020E+00
|  3    -75.943699581  0.249846E-02       0.017     3        0.00      0.01      0.00    0.8923E-02  0.2557E-02  0.3163E-01
|  4    -75.943957406  0.257826E-03       0.017     4        0.00      0.01      0.00    0.3574E-02  0.9780E-03  0.6529E-02
|  5    -75.944001878  0.444717E-04       0.017     5        0.00      0.01      0.00    0.7094E-03  0.2809E-03  0.2582E-02
|  6    -75.944005617  0.373944E-05       0.017     6        0.00      0.01      0.00    0.1948E-03  0.6554E-04  0.4199E-03
|  7    -75.944005820  0.203250E-06       0.017     7        0.00      0.01      0.00    0.2252E-04  0.1008E-04  0.6314E-04
|  8    -75.944005824  0.379092E-08       0.017     8        0.00      0.01      0.00    0.3719E-05  0.1287E-05  0.9326E-05
| -------------- 2E-INT CUTOFF CHANGE TO 0.1000E-08 ------------
|  9    -75.944008214  0.239013E-05       0.018     9        0.00      0.02      0.00    0.1135E-05  0.3999E-06  0.5325E-05
| ------------------------------------------------------------------------------------------------------------------------
| REACH CONVERGENCE AFTER   9 CYCLES
| MAX ERROR = 0.113478E-05   RMS CHANGE = 0.399946E-06   MAX CHANGE = 0.532512E-05
| -----------------------------------------------
 ELECTRONIC ENERGY    =    -86.918706129
 CORE_CORE REPULSION  =     10.974697915
 TOTAL ENERGY         =    -75.944008214

 @ End Energy calculation


 ANALYTICAL GRADIENT: 
----------------------------------------------------------------------------
 VARIBLES    OLD_X            OLD_GRAD        NEW_GRAD          NEW_X
----------------------------------------------------------------------------
    1X    -0.7214791747     0.0237318245    -0.2162523104    -0.6521334457
    1Y     1.8189248798     0.0121545336    -0.0233328268     1.8477262300
    1Z     2.8786732857     0.0282623322    -0.4228790986     2.9649548945
    2X    -1.1018904958    -0.0083870513     0.0514667126    -1.1288642594
    2Y     1.1260182846    -0.0055935310     0.0926225450     1.0859029557
    2Z     3.2365415064    -0.0078468990    -0.0465200296     3.2502015510
    3X    -0.9637976959    -0.0153447732     0.1647855977    -1.0061696613
    3Y     1.9234061997    -0.0065610026    -0.0692897182     1.9347201785
    3Z     2.1840401515    -0.0204154332     0.4693991282     2.0998472477
----------------------------------------------------------------------------
 OPTIMIZATION STATISTICS:
 ENERGY CHANGE           =     0.8159396729E-01 (REQUEST=  0.10000E-05 )
 MAXIMUM GEOMETRY CHANGE =     0.8628160880E-01 (REQUEST=  0.18000E-02 )
 GEOMETRY CHANGE RMS     =     0.5230054057E-01 (REQUEST=  0.12000E-02 )
 GRADIENT NORM           =     0.2337660240E+00 (REQUEST=  0.30000E-03 )

 @ Finish Optimization for This Step


 @ Optimize for New Step


============  GEOMETRY FOR OPTIMIZATION STEP   4 OUT OF    5  ============

GEOMETRY INPUT
ELEMENT      X              Y              Z
  O          -0.652133       1.847726       2.964955
  H          -1.128864       1.085903       3.250202
  H          -1.006170       1.934720       2.099847

 @ Begin Energy Calculation

                                         SCF ENERGY
| ------------------------------------------------------------------------------------------------------------------------
| NCYC       ENERGY         DELTA_E      SCF_TIME  DII_CYC   DII_TIME   O_TIME  DIAG_TIME    MAX_ERR    RMS_CHG    MAX_CHG
| ------------------------------------------------------------------------------------------------------------------------
|  1    -75.799124802      ------         0.020     1        0.00      0.02      0.00    0.7916E+00  0.2814E-01  0.2639E+00
|  2    -76.022136935  0.223012E+00       0.017     2        0.00      0.01      0.00    0.4203E-01  0.1261E-01  0.8758E-01
|  3    -76.025618970  0.348203E-02       0.017     3        0.00      0.01      0.00    0.1828E-01  0.3771E-02  0.5218E-01
|  4    -76.026433756  0.814787E-03       0.017     4        0.00      0.01      0.00    0.2952E-02  0.1224E-02  0.1057E-01
|  5    -76.026499077  0.653205E-04       0.017     5        0.00      0.01      0.00    0.8057E-03  0.3253E-03  0.3565E-02
|  6    -76.026504565  0.548840E-05       0.017     6        0.00      0.01      0.00    0.2672E-03  0.9000E-04  0.6889E-03
|  7    -76.026504969  0.403687E-06       0.017     7        0.00      0.01      0.00    0.3408E-04  0.1470E-04  0.9103E-04
|  8    -76.026504977  0.822877E-08       0.017     8        0.00      0.01      0.00    0.5727E-05  0.1688E-05  0.1458E-04
| -------------- 2E-INT CUTOFF CHANGE TO 0.1000E-08 ------------
|  9    -76.026507251  0.227386E-05       0.019     9        0.00      0.02      0.00    0.1419E-05  0.6564E-06  0.9336E-05
| ------------------------------------------------------------------------------------------------------------------------
| REACH CONVERGENCE AFTER   9 CYCLES
| MAX ERROR = 0.141933E-05   RMS CHANGE = 0.656421E-06   MAX CHANGE = 0.933573E-05
| -----------------------------------------------
 ELECTRONIC ENERGY    =    -85.394665755
 CORE_CORE REPULSION  =      9.368158505
 TOTAL ENERGY         =    -76.026507251

 @ End Energy calculation


 ANALYTICAL GRADIENT: 
----------------------------------------------------------------------------
 VARIBLES    OLD_X            OLD_GRAD        NEW_GRAD          NEW_X
----------------------------------------------------------------------------
    1X    -0.6521334457    -0.2162523104     0.0021575354    -0.6814966223
    1Y     1.8477262300    -0.0233328268     0.0037535508     1.8217910696
    1Z     2.9649548945    -0.4228790986    -0.0017961601     2.9421756054
    2X    -1.1288642594     0.0514667126    -0.0010163986    -1.1220042543
    2Y     1.0859029557     0.0926225450     0.0053296778     1.0556488524
    2Z     3.2502015510    -0.0465200296    -0.0108646241     3.3175925298
    3X    -1.0061696613     0.1647855977    -0.0011411368    -0.9836664898
    3Y     1.9347201785    -0.0692897182    -0.0090832286     1.9909094421
    3Z     2.0998472477     0.4693991282     0.0126607842     2.0552355580
----------------------------------------------------------------------------
 OPTIMIZATION STATISTICS:
 ENERGY CHANGE           =    -0.8249903655E-01 (REQUEST=  0.10000E-05 )
 MAXIMUM GEOMETRY CHANGE =     0.6739097874E-01 (REQUEST=  0.18000E-02 )
 GEOMETRY CHANGE RMS     =     0.3831371681E-01 (REQUEST=  0.12000E-02 )
 GRADIENT NORM           =     0.6778655828E-02 (REQUEST=  0.30000E-03 )

 @ Finish Optimization for This Step


 @ Optimize for New Step


============  GEOMETRY FOR OPTIMIZATION STEP   5 OUT OF    5  ============

GEOMETRY INPUT
ELEMENT      X              Y              Z
  O          -0.681497       1.821791       2.942176
  H          -1.122004       1.055649       3.317593
  H          -0.983666       1.990909       2.055236

 @ Begin Energy Calculation

                                         SCF ENERGY
| ------------------------------------------------------------------------------------------------------------------------
| NCYC       ENERGY         DELTA_E      SCF_TIME  DII_CYC   DII_TIME   O_TIME  DIAG_TIME    MAX_ERR    RMS_CHG    MAX_CHG
| ------------------------------------------------------------------------------------------------------------------------
|  1    -76.006951268      ------         0.019     1        0.00      0.02      0.00    0.4555E-01  0.9280E-02  0.6069E-01
|  2    -76.025646004  0.186947E-01       0.017     2        0.00      0.01      0.00    0.6359E-02  0.2768E-02  0.2248E-01
|  3    -76.025830150  0.184146E-03       0.017     3        0.00      0.01      0.00    0.3556E-02  0.7804E-03  0.6991E-02
|  4    -76.025863718  0.335680E-04       0.017     4        0.00      0.01      0.00    0.9966E-03  0.2702E-03  0.2674E-02
|  5    -76.025868062  0.434442E-05       0.017     5        0.00      0.01      0.00    0.2868E-03  0.9764E-04  0.7067E-03
|  6    -76.025868643  0.580374E-06       0.016     6        0.00      0.01      0.00    0.6201E-04  0.2767E-04  0.2243E-03
|  7    -76.025868673  0.303628E-07       0.017     7        0.00      0.01      0.00    0.4932E-05  0.2579E-05  0.1335E-04
| -------------- 2E-INT CUTOFF CHANGE TO 0.1000E-08 ------------
|  8    -76.025870993  0.232024E-05       0.018     8        0.00      0.02      0.00    0.1418E-05  0.3838E-06  0.5331E-05
| ------------------------------------------------------------------------------------------------------------------------
| REACH CONVERGENCE AFTER   8 CYCLES
| MAX ERROR = 0.141828E-05   RMS CHANGE = 0.383843E-06   MAX CHANGE = 0.533138E-05
| -----------------------------------------------
 ELECTRONIC ENERGY    =    -85.216565874
 CORE_CORE REPULSION  =      9.190694881
 TOTAL ENERGY         =    -76.025870993

 @ End Energy calculation


 ANALYTICAL GRADIENT: 
----------------------------------------------------------------------------
 VARIBLES    OLD_X            OLD_GRAD        NEW_GRAD          NEW_X
----------------------------------------------------------------------------
    1X    -0.6814966223     0.0021575354    -0.0013545284    -0.6647729127
    1Y     1.8217910696     0.0037535508     0.0027573878     1.8365623628
    1Z     2.9421756054    -0.0017961601    -0.0072710956     2.9551494815
    2X    -1.1220042543    -0.0010163986    -0.0026361495    -1.1259113497
    2Y     1.0556488524     0.0053296778    -0.0134536511     1.0728799866
    2Z     3.3175925298    -0.0108646241     0.0168588286     3.2792101991
    3X    -0.9836664898    -0.0011411368     0.0039906779    -0.9964831039
    3Y     1.9909094421    -0.0090832286     0.0106962633     1.9589070148
    3Z     2.0552355580     0.0126607842    -0.0095877330     2.0806440127
----------------------------------------------------------------------------
 OPTIMIZATION STATISTICS:
 ENERGY CHANGE           =     0.6362575660E-03 (REQUEST=  0.10000E-05 )
 MAXIMUM GEOMETRY CHANGE =     0.3838233072E-01 (REQUEST=  0.18000E-02 )
 GEOMETRY CHANGE RMS     =     0.2182146301E-01 (REQUEST=  0.12000E-02 )
 GRADIENT NORM           =     0.9169618104E-02 (REQUEST=  0.30000E-03 )

 @ Finish Optimization for This Step

 WARNING: REACHED MAX OPT CYCLES. THE GEOMETRY IS NOT OPTIMIZED.
          PRINTING THE GEOMETRY FROM LAST STEP.
============= GEOMETRY INFORMATION (NOT OPTIMIZED) ===========

 OPTIMIZED GEOMETRY IN CARTESIAN
 ELEMENT      X         Y         Z
  O       -0.6648    1.8366    2.9551
  H       -1.1259    1.0729    3.2792
  H       -0.9965    1.9589    2.0806

 FORCE
 ELEMENT      X         Y         Z
  O        0.0007   -0.0015    0.0038
  H        0.0014    0.0071   -0.0089
  H       -0.0021   -0.0057    0.0051

 MINIMIZED ENERGY =    -76.025870993
===============================================================

 @ Finish Optimization Job


 @ Begin Zmake conversion

  
 Z-MATRIX:

   ATOM  ELEMENTAL  BOND LENGTH    BOND ANGLE    DIHEDRAL ANGLE
  NUMBER  SYMBOL    (ANGSTROMS)    (DEGREES)       (DEGREES)
     I                 I-NA         I-NA-NB        I-NA-NB-NC      NA   NB   NC

     1      O        0.00000  0     0.00000  0      0.00000  0      0    0    0
     2      H        0.94914  1     0.00000  0      0.00000  0      1    0    0
     3      H        0.94327  1   104.47989  1      0.00000  0      1    2    0

 @ End Zmake conversion


 @ Begin Charge and Dipole Calculation

    ATOMIC CHARGES
   ATOM          MULLIKEN            LOWDIN
   O             -0.3182            -0.5873
   H              0.1611             0.2953
   H              0.1571             0.2920
   TOTAL        -0.0000            -0.0000

    DIPOLE (DEBYE)
      X         Y         Z        TOTAL
   -1.3627   -1.0935   -0.9505    1.9890

 @ End Charge and Dipole Calculation


 @ Output Timing Information

------------- TIMING ---------------
| INITIAL GUESS TIME  =     0.945921000( 13.50%)
| TOTAL SCF TIME      =     0.821645000( 11.73%)
|       TOTAL OP TIME      =     0.703039000( 10.03%)
|             TOTAL 1e TIME      =     0.011556000(  0.16%)
|             TOTAL 2e TIME      =     0.677034000(  9.66%)
|       TOTAL DII TIME      =     0.118276000(  1.69%)
|             TOTAL DIAG TIME    =     0.084698000(  1.21%)
| TOTAL GRADIENT TIME      =     0.325947000(  4.65%)
|       TOTAL 1e GRADIENT TIME      =     0.040859000( 0.66%)
|       TOTAL 2e GRADIENT TIME      =     0.279878000( 3.99%)
| TOTAL TIME          =     7.007075000
------------------------------------
| Job cpu time:  0 days  0 hours  0 minutes  7.0 seconds.

 @ Finish Output Timing Information

| Normal Termination. Task Finished on: Tue Mar 15 14:36:46 2022
