  *********************************************************************************************************
  **                                                                                                     **
  **           888888888888                                                                              **
  **         8888888888888888                                                                            **
  **      888888888888888888                                                                             **
  **     888888888888888888                                                                              **
  **    888888888888888                                                                                  **
  **   88888888888888888888                               88888                       8888:              **
  **   8888888888888888888888Z                            88888                       8888:              **
  **   888888888888888888888888?                          88888                       8888:              **
  **   8888888888888      8888888                                        888888       8888:              **
  **    88888888888         888888     8888:     88888    88888        888888888I     8888:    888888    **
  **    8888888888           88888:    8888:     88888    88888      $888888888888    8888:   888888     **
  **    I8Z 88888             88888    8888:     88888    88888    .888888     8888   8888: 888888       **
  **    .8Z 88888             88888    8888:     88888    88888    $88888             8888:88888         **
  **     8I 88888      .=88. .88888    8888:     88888    88888    88888              8888888888         **
  **    :8  88888      888888$8888$    8888:     88888    88888    8888O              88888888888        **
  **   ,7   +88888.     8888888888.    8888:     88888    88888    888888             88888O888888       **
  **         $888888:.   .8888888      88888....888888    88888     888888     8888   8888:  888888      **
  **          I8888888888888888888     888888888888888    88888     O888888888888O    8888:   888888     **
  **            O888888888888888888     88888888888888    88888       88888888888$    8888:    888888    **
  **               8888888Z     888      .8888I  88888    88888         8888888       8888:     888888   **
  **                                                                                                     **
  **                                                                                                     **
  **                                         Copyright (c) 2022                                          **
  **                          Regents of the University of California San Diego                          **
  **                                    & Michigan State University                                      **
  **                                        All Rights Reserved.                                         **
  **                                                                                                     **
  **             This software is subject to the terms of the Mozilla Public License, v. 2.0.            **
  **                                                                                                     **
  *********************************************************************************************************
                                                                                                           
  Cite this work as:                                                                                       
  Manathunga, M.; Shajan, A.; Giese, T. J.; Cruzeiro, V.W.D.; Smith, J.; Miao, Y.; He, X.; Ayers, K.;      
  Brothers, E.; Goetz, A.W.; Merz, K.M. QUICK-22.03                                                        
  University of California San Diego, CA and Michigan State University, East Lansing, MI, 2022             
                                                                                                           
  If you have any comments or queries, please send us an email for technical support:                      
  quick.merzlab@gmail.com                                                                                  
                                                                                                           
| TASK STARTS ON: Tue May  3 18:29:05 2022
| INPUT FILE :    opt_c2hrad_uhf_ccpvdz.in
| OUTPUT FILE:    opt_c2hrad_uhf_ccpvdz.out
| DATA FILE  :    opt_c2hrad_uhf_ccpvdz.dat
| BASIS SET PATH: /mnt/home/manathun/Work/fix-delta-density-dft/basis

|------------ GPU INFORMATION ---------------
| CUDA ENABLED DEVICE         :        4
| CUDA DEVICE IN USE          :        0
| CUDA DEVICE NAME            : Tesla V100S-PCIE-32GB
| CUDA DEVICE PM              :       80
| CUDA DEVICE CORE FREQ(GHZ)  :     1.60
| CUDA DEVICE MEMORY SIZE (MB):    32510
| SUPPORTING CUDA VERSION     :      7.0
|--------------------------------------------

 @ Read Job And Atom

  KEYWORD=UDFT B3LYP BASIS=CC-PVDZ CUTOFF=1.0E-9 DENSERMS=1.0E-6 MULT=2 OPTIMIZE=4                                                                                                                                
 ============== JOB CARD =============
 METHOD = DENSITY FUNCTIONAL THEORY
 USING LIBXC VERSION: 4.3.4
 FUNCTIONAL INFORMATION:
 NAME = B3LYP FAMILY = HYBRID GGA KIND = EXCHANGE CORRELATION
 DIRECT SCF 
 SAD INITAL GUESS 
 UNRESTRICTED SYSTEM
 USE DIIS SCF
 PRINT ENERGY EVERY CYCLE
 READ SAD GUESS FROM FILE
 STANDARD GRID = SG1
 GEOMETRY OPTIMIZATION ANALYTICAL GRADIENT
 REQUEST CRITERIA FOR GEOMETRY CONVERGENCE: 
      MAX ALLOWED GEO CHANGE  =  0.189E+00
      MAX GEOMETRY CHANGE     =  0.180E-02
      GEOMETRY CHANGE RMS     =  0.120E-02
      MAX GRADIENT CHANGE     =  0.100E-02
      GRADIENT NORMALIZATION  =  0.300E-03
 GRADIENT CALCULATION
 MAX SCF CYCLES =    200
 MAX DIIS CYCLES =   10
 DELTA DENSITY START CYCLE =    5
 COMPUTATIONAL CUTOFF: 
      TWO-e INTEGRAL   =  0.100E-08
      BASIS SET PRIME  =  0.100E-09
      MATRIX ELEMENTS  =  0.100E-09
      BASIS FUNCTION   =  0.100E-09
      GRADIENT CUTOFF  =  0.100E-08
 DENSITY MATRIX MAXIMUM RMS FOR CONVERGENCE  =  0.100E-05
 BASIS SET = CC-PVDZ,  TYPE = CARTESIAN
| BASIS FILE = /mnt/home/manathun/Work/fix-delta-density-dft/basis/CC-PVDZ.BAS

 @ Finish reading job


 @ Begin SAD initial guess

 For Atom Kind =    1
 ELEMENT = C 
 BASIS FUNCTIONS =   15
 For Atom Kind =    2
 ELEMENT = H 
 BASIS FUNCTIONS =    5

 @ Finish SAD initial guess


 @ Begin Reading Molecular Information


 =========== Molecule Input ==========
 TOTAL MOLECULAR CHARGE  =    0    MULTIPLICITY                =    2
 TOTAL ATOM NUMBER       =    3    NUMBER OF ATOM TYPES        =    2
 NUMBER OF HYDROGEN ATOM =    1    NUMBER OF NON-HYDROGEN ATOM =    2
 NUMBER OF ALPHA ELECTRONS =    7
 NUMBER OF BETA ELECTRONS  =    6

 -- INPUT GEOMETRY -- :
    C           0.0000       0.0000       0.6000
    C           0.0000       0.0000      -0.6000
    H           0.0000       0.0000       1.6000

 -- DISTANCE MATRIX -- :
              1           2           3
      1     0.00000
      2     2.26767     0.00000
      3     1.88973     4.15740     0.00000

============== BASIS INFOS ==============
 BASIS FUNCTIONS =   35
 NSHELL =   15 NPRIM  =   88
 JSHELL =   15 JBASIS =   56


 @ End Reading Molecular Information 


***********************************************************************
**                                                                   **
**                       ---------------------                       **
**                              DL-FIND                              **
**                       Geometry Optimisation                       **
**                       ---------------------                       **
**                                                                   **
**                 J. Kaestner, J.M. Carr, T.W. Keal,                **
**                W. Thiel, A. Wander and P. Sherwood                **
**                                                                   **
**              J. Phys. Chem. A, 2009, 113 (43), 11856.             **
**                                                                   **
**   Please include this reference in published work using DL-FIND.  **
**                                                                   **
**               Copyright:  STFC Daresbury Laboratory               **
**                           Revision:                               **
**                                                                   **
***********************************************************************

Residue member list:
    0 :     1    1    1

Generating new HDLC for    1 residues

Located a new residue for HDLC
   Residue number is    1
   Number of atoms it contains     3
   Atoms:      1     2     3
   Generating HDLC for residue    1
       Making linear about     1

   The Cartesian coordinates
         1     0.00000000000000     0.00000000000000     1.13383567973139
         2     0.00000000000000     0.00000000000000    -1.13383567973139
         3     0.00000000000000     0.00000000000000     3.02356370234316

   The primitive internal coordinates


     The system has     2 stretches
         1 Stre     2     1              =    2.26767136
         2 Stre     3     1              =    1.88972802


     The system has     1 bends and impropers
         3 Line     2     1     3  wrt yz


     The system has     0 dihedrals


   Residue      1 has internal coords      1 to      9

DL-FIND Report:
===============
Optimisation algorithm: L-BFGS
Number of steps in L-BFGS memory ...............        100

Step length: simple scaled
Maximum step length ............................  1.000E-01
Scaling step by ................................  1.000E+00

Coordinate system: Delocalised internal coordinates (DLC)

Number of atoms ................................          3
Number of input geometries .....................          1
Variables to be optimised ......................          3
No restart information is written
This run has not been restarted.
Maximum number of steps ........................        100
Maximum number of energy evaluations ...........     100000


 @ Optimize for New Step


============  GEOMETRY FOR OPTIMIZATION STEP   1  ============

GEOMETRY INPUT
ELEMENT      X              Y              Z
  C           0.000000       0.000000       0.600000
  C           0.000000       0.000000      -0.600000
  H           0.000000       0.000000       1.600001

 @ Begin XC Quadrature Formation

 OCTAGO: OCTree Algorithm for Grid Operations 
   PRUNING CUTOFF       = 0.100E-09
   INITIAL GRID POINTS  =       11384
|   FINAL GRID POINTS    =        7897
|   SIGNIFICANT NUMBER OF BASIS FUNCTIONS     =        6204
|   SIGNIFICANT NUMBER OF PRIMITIVE FUNCTIONS =        9628

 @ End XC Quadrature Formation


 @ Begin Energy Calculation

                                         USCF ENERGY
| ------------------------------------------------------------------------------------------------------------------------
| NCYC       ENERGY         DELTA_E      SCF_TIME  DII_CYC   DII_TIME   O_TIME  DIAG_TIME    MAX_ERR    RMS_CHG    MAX_CHG
| ------------------------------------------------------------------------------------------------------------------------
|  1    -76.909616799      ------         0.075     1        0.03      0.05      0.01    0.1779E+01  0.6196E-01  0.4754E+00
|  2    -76.554513888  -.355103E+00       0.035     2        0.01      0.02      0.01    0.1171E+00  0.2206E-01  0.2823E+00
|  3    -76.489641726  -.648722E-01       0.046     3        0.03      0.02      0.01    0.2726E+00  0.1503E-01  0.2064E+00
|  4    -76.593271630  0.103630E+00       0.043     4        0.02      0.02      0.01    0.1013E+00  0.5044E-02  0.6979E-01
|  5    -76.606937267  0.136656E-01       0.039     5        0.02      0.02      0.01    0.5481E-02  0.1365E-02  0.1210E-01
|  6    -76.607370192  0.432925E-03       0.046     6        0.03      0.02      0.01    0.1497E-02  0.1020E-02  0.8701E-02
|  7    -76.607584843  0.214651E-03       0.041     7        0.02      0.02      0.01    0.1702E-02  0.2272E-02  0.2028E-01
|  8    -76.607957265  0.372422E-03       0.037     8        0.02      0.02      0.01    0.1178E-02  0.3958E-02  0.3794E-01
|  9    -76.608217532  0.260267E-03       0.044     9        0.02      0.02      0.01    0.3782E-02  0.2246E-03  0.3478E-02
| 10    -76.608242628  0.250960E-04       0.046    10        0.03      0.02      0.01    0.1604E-02  0.1182E-02  0.1165E-01
| 11    -76.608263890  0.212622E-04       0.038     1        0.02      0.02      0.01    0.1284E-02  0.3284E-03  0.5236E-02
| 12    -76.608273878  0.998801E-05       0.037     2        0.02      0.02      0.01    0.9909E-03  0.1316E-03  0.1297E-02
| 13    -76.608275385  0.150715E-05       0.034     3        0.02      0.02      0.01    0.4840E-03  0.6695E-04  0.8133E-03
| 14    -76.608275937  0.552108E-06       0.033     4        0.02      0.02      0.01    0.1332E-03  0.1846E-04  0.1807E-03
| 15    -76.608275965  0.283171E-07       0.031     5        0.01      0.02      0.01    0.9425E-05  0.1151E-05  0.1121E-04
| 16    -76.608275966  0.182641E-09       0.029     6        0.01      0.01      0.01    0.3955E-06  0.1613E-06  0.1957E-05
| ------------------------------------------------------------------------------------------------------------------------
| REACH CONVERGENCE AFTER  16 CYCLES
| MAX ERROR = 0.395544E-06   RMS CHANGE = 0.161279E-06   MAX CHANGE = 0.195746E-05
| -----------------------------------------------
 ALPHA ELECTRON DENSITY    =    7.0000051190
 BETA ELECTRON DENSITY     =    6.0000180657
 ELECTRONIC ENERGY    =    -97.101862213
 CORE_CORE REPULSION  =     20.493586247
 TOTAL ENERGY         =    -76.608275966

 @ End Energy calculation


 ANALYTICAL GRADIENT: 
------------------------
 VARIBLES    NEW_GRAD
------------------------
    1X    -0.0000005843
    1Y     0.0000003690
    1Z     0.0426799610
    2X     0.0000001817
    2Y    -0.0000001161
    2Z     0.0272406804
    3X     0.0000003970
    3Y    -0.0000002494
    3Z    -0.0698557410
------------------------
 OPTIMIZATION STATISTICS:
 MAXIMUM GRADIENT ELEMENT=     0.3016399270E-01 (REQUEST=  0.10000E-02 )
 GRADIENT NORM           =     0.1741518931E-01 (REQUEST=  0.66667E-03 )

 @ Finish Optimization for This Step

 @ Optimize for New Step


============  GEOMETRY FOR OPTIMIZATION STEP   2  ============

GEOMETRY INPUT
ELEMENT      X              Y              Z
  C           0.000000      -0.000000       0.595011
  C          -0.000000       0.000000      -0.597505
  H          -0.000000       0.000000       1.602496

 @ Begin XC Quadrature Formation

 OCTAGO: OCTree Algorithm for Grid Operations 
   PRUNING CUTOFF       = 0.100E-09
   INITIAL GRID POINTS  =       11384
|   FINAL GRID POINTS    =        7913
|   SIGNIFICANT NUMBER OF BASIS FUNCTIONS     =        5964
|   SIGNIFICANT NUMBER OF PRIMITIVE FUNCTIONS =        9199

 @ End XC Quadrature Formation


 @ Begin Energy Calculation

                                         USCF ENERGY
| ------------------------------------------------------------------------------------------------------------------------
| NCYC       ENERGY         DELTA_E      SCF_TIME  DII_CYC   DII_TIME   O_TIME  DIAG_TIME    MAX_ERR    RMS_CHG    MAX_CHG
| ------------------------------------------------------------------------------------------------------------------------
|  1    -76.610464698      ------         0.034     1        0.01      0.02      0.01    0.3448E-01  0.6705E-03  0.6653E-02
|  2    -76.608670374  -.179432E-02       0.031     2        0.01      0.02      0.01    0.4180E-02  0.5430E-03  0.8080E-02
|  3    -76.608601492  -.688821E-04       0.031     3        0.01      0.02      0.01    0.9004E-02  0.3721E-03  0.5623E-02
|  4    -76.608696609  0.951164E-04       0.032     4        0.01      0.02      0.01    0.5267E-03  0.5694E-04  0.7062E-03
|  5    -76.608697708  0.109960E-05       0.030     5        0.01      0.02      0.01    0.6040E-04  0.8303E-05  0.1258E-03
|  6    -76.608697733  0.246570E-07       0.028     6        0.01      0.02      0.01    0.6334E-05  0.4225E-05  0.7367E-04
|  7    -76.608697741  0.854914E-08       0.028     7        0.01      0.02      0.01    0.3975E-05  0.3611E-05  0.5999E-04
|  8    -76.608697746  0.408473E-08       0.028     8        0.01      0.02      0.01    0.2218E-05  0.3237E-05  0.5337E-04
|  9    -76.608697747  0.107376E-08       0.027     9        0.01      0.02      0.01    0.3832E-06  0.8518E-07  0.1337E-05
| ------------------------------------------------------------------------------------------------------------------------
| REACH CONVERGENCE AFTER   9 CYCLES
| MAX ERROR = 0.383224E-06   RMS CHANGE = 0.851842E-07   MAX CHANGE = 0.133712E-05
| -----------------------------------------------
 ALPHA ELECTRON DENSITY    =    7.0000082088
 BETA ELECTRON DENSITY     =    6.0000204475
 ELECTRONIC ENERGY    =    -97.178325677
 CORE_CORE REPULSION  =     20.569627930
 TOTAL ENERGY         =    -76.608697747

 @ End Energy calculation


 ANALYTICAL GRADIENT: 
------------------------
 VARIBLES    NEW_GRAD
------------------------
    1X    -0.0000001235
    1Y     0.0000000778
    1Z     0.0170306743
    2X     0.0000000382
    2Y    -0.0000000240
    2Z     0.0441556259
    3X     0.0000000841
    3Y    -0.0000000530
    3Z    -0.0611507172
------------------------
 OPTIMIZATION STATISTICS:
 ENERGY CHANGE           =     0.4217810669E-03 (REQUEST=  0.10000E-05 )
 MAXIMUM GEOMETRY CHANGE =     0.2000000000E-01 (REQUEST=  0.40000E-02 )
 GEOMETRY CHANGE RMS     =     0.1154700538E-01 (REQUEST=  0.26667E-02 )
 MAXIMUM GRADIENT ELEMENT=     0.1203411828E-01 (REQUEST=  0.10000E-02 )
 GRADIENT NORM           =     0.6947901428E-02 (REQUEST=  0.66667E-03 )

 @ Finish Optimization for This Step

 @ Optimize for New Step


============  GEOMETRY FOR OPTIMIZATION STEP   3  ============

GEOMETRY INPUT
ELEMENT      X              Y              Z
  C           0.000000      -0.000000       0.591699
  C          -0.000000       0.000000      -0.595850
  H          -0.000000       0.000000       1.604151

 @ Begin XC Quadrature Formation

 OCTAGO: OCTree Algorithm for Grid Operations 
   PRUNING CUTOFF       = 0.100E-09
   INITIAL GRID POINTS  =       11384
|   FINAL GRID POINTS    =        7914
|   SIGNIFICANT NUMBER OF BASIS FUNCTIONS     =        5964
|   SIGNIFICANT NUMBER OF PRIMITIVE FUNCTIONS =        9198

 @ End XC Quadrature Formation


 @ Begin Energy Calculation

                                         USCF ENERGY
| ------------------------------------------------------------------------------------------------------------------------
| NCYC       ENERGY         DELTA_E      SCF_TIME  DII_CYC   DII_TIME   O_TIME  DIAG_TIME    MAX_ERR    RMS_CHG    MAX_CHG
| ------------------------------------------------------------------------------------------------------------------------
|  1    -76.609919456      ------         0.035     1        0.01      0.02      0.01    0.2295E-01  0.4528E-03  0.4521E-02
|  2    -76.608764349  -.115511E-02       0.032     2        0.01      0.02      0.01    0.2766E-02  0.3587E-03  0.5315E-02
|  3    -76.608734790  -.295593E-04       0.031     3        0.01      0.02      0.01    0.5910E-02  0.2451E-03  0.3690E-02
|  4    -76.608775844  0.410539E-04       0.032     4        0.01      0.02      0.01    0.3439E-03  0.3732E-04  0.4625E-03
|  5    -76.608776312  0.468470E-06       0.040     5        0.02      0.02      0.01    0.4024E-04  0.5470E-05  0.8216E-04
|  6    -76.608776323  0.105147E-07       0.029     6        0.01      0.02      0.01    0.4146E-05  0.2705E-05  0.4703E-04
|  7    -76.608776326  0.339635E-08       0.029     7        0.01      0.02      0.01    0.2537E-05  0.2297E-05  0.3805E-04
|  8    -76.608776328  0.174194E-08       0.039     8        0.02      0.02      0.01    0.1405E-05  0.7673E-06  0.1252E-04
| ------------------------------------------------------------------------------------------------------------------------
| REACH CONVERGENCE AFTER   8 CYCLES
| MAX ERROR = 0.140454E-05   RMS CHANGE = 0.767316E-06   MAX CHANGE = 0.125172E-04
| -----------------------------------------------
 ALPHA ELECTRON DENSITY    =    7.0000103911
 BETA ELECTRON DENSITY     =    6.0000221978
 ELECTRONIC ENERGY    =    -97.229764536
 CORE_CORE REPULSION  =     20.620988208
 TOTAL ENERGY         =    -76.608776328

 @ End Energy calculation


 ANALYTICAL GRADIENT: 
------------------------
 VARIBLES    NEW_GRAD
------------------------
    1X    -0.0000000454
    1Y     0.0000000286
    1Z    -0.0002199371
    2X     0.0000000174
    2Y    -0.0000000110
    2Z     0.0557922424
    3X     0.0000000276
    3Y    -0.0000000174
    3Z    -0.0555594529
------------------------
 OPTIMIZATION STATISTICS:
 ENERGY CHANGE           =     0.7858138875E-04 (REQUEST=  0.10000E-05 )
 MAXIMUM GEOMETRY CHANGE =     0.1327545685E-01 (REQUEST=  0.40000E-02 )
 GEOMETRY CHANGE RMS     =     0.7664588584E-02 (REQUEST=  0.26667E-02 )
 MAXIMUM GRADIENT ELEMENT=     0.1585483391E-03 (REQUEST=  0.10000E-02 )
 GRADIENT NORM           =     0.9153793010E-04 (REQUEST=  0.66667E-03 )

 @ Finish Optimization for This Step

 @ Optimize for New Step


============  GEOMETRY FOR OPTIMIZATION STEP   4  ============

GEOMETRY INPUT
ELEMENT      X              Y              Z
  C           0.000000      -0.000000       0.591742
  C          -0.000000       0.000000      -0.595871
  H          -0.000000       0.000000       1.604130

 @ Begin XC Quadrature Formation

 OCTAGO: OCTree Algorithm for Grid Operations 
   PRUNING CUTOFF       = 0.100E-09
   INITIAL GRID POINTS  =       11384
|   FINAL GRID POINTS    =        7914
|   SIGNIFICANT NUMBER OF BASIS FUNCTIONS     =        5964
|   SIGNIFICANT NUMBER OF PRIMITIVE FUNCTIONS =        9198

 @ End XC Quadrature Formation


 @ Begin Energy Calculation

                                         USCF ENERGY
| ------------------------------------------------------------------------------------------------------------------------
| NCYC       ENERGY         DELTA_E      SCF_TIME  DII_CYC   DII_TIME   O_TIME  DIAG_TIME    MAX_ERR    RMS_CHG    MAX_CHG
| ------------------------------------------------------------------------------------------------------------------------
|  1    -76.608762106      ------         0.036     1        0.01      0.02      0.01    0.2990E-03  0.5756E-05  0.5806E-04
|  2    -76.608776346  0.142398E-04       0.045     2        0.03      0.02      0.01    0.3592E-04  0.4872E-05  0.7355E-04
|  3    -76.608776341  -.498122E-08       0.040     3        0.02      0.02      0.01    0.7679E-04  0.3117E-05  0.4663E-04
|  4    -76.608776348  0.694281E-08       0.037     4        0.02      0.02      0.01    0.4434E-05  0.5019E-06  0.6255E-05
| ------------------------------------------------------------------------------------------------------------------------
| REACH CONVERGENCE AFTER   4 CYCLES
| MAX ERROR = 0.443371E-05   RMS CHANGE = 0.501886E-06   MAX CHANGE = 0.625455E-05
| -----------------------------------------------
 ALPHA ELECTRON DENSITY    =    7.0000103638
 BETA ELECTRON DENSITY     =    6.0000221731
 ELECTRONIC ENERGY    =    -97.229092127
 CORE_CORE REPULSION  =     20.620315779
 TOTAL ENERGY         =    -76.608776348

 @ End Energy calculation


 ANALYTICAL GRADIENT: 
------------------------
 VARIBLES    NEW_GRAD
------------------------
    1X    -0.0000000339
    1Y     0.0000000214
    1Z     0.0000068561
    2X     0.0000000146
    2Y    -0.0000000093
    2Z     0.0556378471
    3X     0.0000000190
    3Y    -0.0000000120
    3Z    -0.0556315414
------------------------
 OPTIMIZATION STATISTICS:
 ENERGY CHANGE           =     0.1973754138E-07 (REQUEST=  0.10000E-05 )
 MAXIMUM GEOMETRY CHANGE =     0.1726284907E-03 (REQUEST=  0.40000E-02 )
 GEOMETRY CHANGE RMS     =     0.9966710984E-04 (REQUEST=  0.26667E-02 )
 MAXIMUM GRADIENT ELEMENT=     0.1745719744E-05 (REQUEST=  0.10000E-02 )
 GRADIENT NORM           =     0.1008068566E-05 (REQUEST=  0.66667E-03 )

 GEOMETRY OPTIMIZED AFTER    4 CYCLES

 @ Finish Optimization for This Step 

================ OPTIMIZED GEOMETRY INFORMATION ==============

 OPTIMIZED GEOMETRY IN CARTESIAN
 ELEMENT      X              Y              Z
  C           0.000000      -0.000000       0.591742
  C          -0.000000       0.000000      -0.595871
  H          -0.000000       0.000000       1.604130

 FORCE
 ELEMENT      X              Y              Z
  C           0.000000      -0.000000      -0.000004
  C          -0.000000       0.000000      -0.029442
  H          -0.000000       0.000000       0.029439

 MINIMIZED ENERGY =    -76.608776348
===============================================================

 @ Finish Optimization Job


DL-FIND Report:
===============
Optimisation algorithm: L-BFGS
Number of steps in L-BFGS memory ...............        100

Step length: simple scaled
Maximum step length ............................  1.000E-01
Scaling step by ................................  1.000E+00

Coordinate system: Delocalised internal coordinates (DLC)

Number of atoms ................................          3
Number of input geometries .....................          1
Variables to be optimised ......................          3
No restart information is written
This run has not been restarted.
Number of energy evaluations on this processor .          4
Number of steps ................................          4
Number of accepted steps / line searches .......          4


 @ Output Timing Information

------------- TIMING ---------------
| INITIAL GUESS TIME  =     0.985426000( 14.41%)
| DFT GRID OPERATIONS =     0.043664000(  0.64%)
| TOTAL SCF TIME      =     1.363612000( 19.94%)
|       TOTAL OP TIME      =     0.748355000( 10.94%)
|             TOTAL 1e TIME      =     0.015221000(  0.22%)
|             TOTAL 2e TIME      =     0.535510000(  7.83%)
|             TOTAL EXC TIME     =     0.174881000(  2.56%)
|       TOTAL DII TIME      =     0.615024000(  8.99%)
|             TOTAL DIAG TIME    =     0.015908000(  0.23%)
| TOTAL GRADIENT TIME      =     1.143954000( 16.73%)
|       TOTAL 1e GRADIENT TIME      =     0.103056000( 1.55%)
|       TOTAL 2e GRADIENT TIME      =     0.957111000(13.99%)
|       TOTAL EXC GRADIENT TIME     =     0.080618000(  1.18%)
| TOTAL TIME          =     6.839724000
------------------------------------
| Job cpu time:  0 days  0 hours  0 minutes  6.8 seconds.

 @ Finish Output Timing Information

| Normal Termination. Task Finished on: Tue May  3 18:29:12 2022
