  *********************************************************************************************************
  **                                                                                                     **
  **           888888888888                                                                              **
  **         8888888888888888                                                                            **
  **      888888888888888888                                                                             **
  **     888888888888888888                                                                              **
  **    888888888888888                                                                                  **
  **   88888888888888888888                               88888                       8888:              **
  **   8888888888888888888888Z                            88888                       8888:              **
  **   888888888888888888888888?                          88888                       8888:              **
  **   8888888888888      8888888                                        888888       8888:              **
  **    88888888888         888888     8888:     88888    88888        888888888I     8888:    888888    **
  **    8888888888           88888:    8888:     88888    88888      $888888888888    8888:   888888     **
  **    I8Z 88888             88888    8888:     88888    88888    .888888     8888   8888: 888888       **
  **    .8Z 88888             88888    8888:     88888    88888    $88888             8888:88888         **
  **     8I 88888      .=88. .88888    8888:     88888    88888    88888              8888888888         **
  **    :8  88888      888888$8888$    8888:     88888    88888    8888O              88888888888        **
  **   ,7   +88888.     8888888888.    8888:     88888    88888    888888             88888O888888       **
  **         $888888:.   .8888888      88888....888888    88888     888888     8888   8888:  888888      **
  **          I8888888888888888888     888888888888888    88888     O888888888888O    8888:   888888     **
  **            O888888888888888888     88888888888888    88888       88888888888$    8888:    888888    **
  **               8888888Z     888      .8888I  88888    88888         8888888       8888:     888888   **
  **                                                                                                     **
  **                                                                                                     **
  **                                         Copyright (c) 2022                                          **
  **                          Regents of the University of California San Diego                          **
  **                                    & Michigan State University                                      **
  **                                        All Rights Reserved.                                         **
  **                                                                                                     **
  **             This software is subject to the terms of the Mozilla Public License, v. 2.0.            **
  **                                                                                                     **
  *********************************************************************************************************
                                                                                                           
  Cite this work as:                                                                                       
  Manathunga, M.; Shajan, A.; Giese, T. J.; Cruzeiro, V.W.D.; Smith, J.; Miao, Y.; He, X.; Ayers, K.;      
  Brothers, E.; Goetz, A.W.; Merz, K.M. QUICK-22.03                                                        
  University of California San Diego, CA and Michigan State University, East Lansing, MI, 2022             
                                                                                                           
  If you have any comments or queries, please send us an email for technical support:                      
  quick.merzlab@gmail.com                                                                                  
                                                                                                           
| TASK STARTS ON: Tue Mar 15 14:36:32 2022
| INPUT FILE :    opt_wat_rhf_631g.in
| OUTPUT FILE:    opt_wat_rhf_631g.out
| DATA FILE  :    opt_wat_rhf_631g.dat
| BASIS SET PATH: /home/madu/saved-test-update/install/basis

|------------ GPU INFORMATION ---------------
| CUDA ENABLED DEVICE         :        3
| CUDA DEVICE IN USE          :        0
| CUDA DEVICE NAME            : NVIDIA TITAN V
| CUDA DEVICE PM              :       80
| CUDA DEVICE CORE FREQ(GHZ)  :     1.46
| CUDA DEVICE MEMORY SIZE (MB):    12066
| SUPPORTING CUDA VERSION     :      7.0
|--------------------------------------------

 @ Read Job And Atom

  KEYWORD=HF BASIS=6-31G CUTOFF=1.0E-9 DENSERMS=1.0E-6  ZMAKE OPTIMIZE=5 DIPOLE LOPT                                                                                                                              
 ============== JOB CARD =============
 METHOD = HATREE FOCK
 DIRECT SCF 
 SAD INITAL GUESS 
 USE DIIS SCF
 PRINT ENERGY EVERY CYCLE
 READ SAD GUESS FROM FILE
 Z-MATRIX CONSTRUCTION
 DIPOLE
 GEOMETRY OPTIMIZATION ANALYTICAL GRADIENT
 REQUEST CRITERIA FOR GEOMETRY CONVERGENCE: 
      MAX ALLOWED GEO CHANGE  =  0.189E+00
      MAX GEOMETRY CHANGE     =  0.180E-02
      GEOMETRY CHANGE RMS     =  0.120E-02
      MAX GRADIENT CHANGE     =  0.100E-02
      GRADIENT NORMALIZATION  =  0.300E-03
 GRADIENT CALCULATION
 MAX SCF CYCLES =    200
 MAX DIIS CYCLES =   10
 DELTA DENSITY START CYCLE = 1000
 COMPUTATIONAL CUTOFF: 
      TWO-e INTEGRAL   =  0.100E-08
      BASIS SET PRIME  =  0.100E-19
      MATRIX ELEMENTS  =  0.100E-09
      BASIS FUNCTION   =  0.100E-09
      GRADIENT CUTOFF  =  0.100E-08
 DENSITY MATRIX MAXIMUM RMS FOR CONVERGENCE  =  0.100E-05
 BASIS SET = 6-31G,  TYPE = CARTESIAN
| BASIS FILE = /home/madu/saved-test-update/install/basis/6-31G.BAS

 @ Finish reading job


 @ Begin SAD initial guess

 For Atom Kind =    1
 ELEMENT = O 
 BASIS FUNCTIONS =    9
 For Atom Kind =    2
 ELEMENT = H 
 BASIS FUNCTIONS =    2

 @ Finish SAD initial guess


 @ Begin Reading Molecular Information


 =========== Molecule Input ==========
 TOTAL MOLECULAR CHARGE  =    0    MULTIPLICITY                =    1
 TOTAL ATOM NUMBER       =    3    NUMBER OF ATOM TYPES        =    2
 NUMBER OF HYDROGEN ATOM =    2    NUMBER OF NON-HYDROGEN ATOM =    1
 NUMBER OF ELECTRONS     =   10

 -- INPUT GEOMETRY -- :
    O          -0.7415       1.7521       2.8963
    H          -1.1112       0.9798       3.3523
    H          -0.9205       2.0364       1.9840

 -- DISTANCE MATRIX -- :
              1           2           3
      1     0.00000
      2     1.83324     0.00000
      3     1.83707     3.28673     0.00000

============== BASIS INFOS ==============
 BASIS FUNCTIONS =   13
 NSHELL =    7 NPRIM  =   30
 JSHELL =    7 JBASIS =   18


 @ End Reading Molecular Information 


 @ Begin Optimization Job


 @ Optimize for New Step


============  GEOMETRY FOR OPTIMIZATION STEP   1 OUT OF    5  ============

GEOMETRY INPUT
ELEMENT      X              Y              Z
  O          -0.741530       1.752130       2.896280
  H          -1.111151       0.979769       3.352290
  H          -0.920500       2.036450       1.984040

 @ Begin Energy Calculation

                                         SCF ENERGY
| ------------------------------------------------------------------------------------------------------------------------
| NCYC       ENERGY         DELTA_E      SCF_TIME  DII_CYC   DII_TIME   O_TIME  DIAG_TIME    MAX_ERR    RMS_CHG    MAX_CHG
| ------------------------------------------------------------------------------------------------------------------------
|  1    -76.098232806      ------         0.009     1        0.00      0.01      0.00    0.1617E+01  0.1128E+00  0.4272E+00
|  2    -75.927660582  -.170572E+00       0.005     2        0.00      0.00      0.00    0.2311E+00  0.3101E-01  0.1686E+00
|  3    -75.967536269  0.398757E-01       0.005     3        0.00      0.00      0.00    0.1135E+00  0.1161E-01  0.6523E-01
|  4    -75.977293424  0.975716E-02       0.005     4        0.00      0.00      0.00    0.2187E-01  0.3362E-02  0.1621E-01
|  5    -75.977948000  0.654576E-03       0.005     5        0.00      0.00      0.00    0.3088E-02  0.1049E-02  0.3413E-02
|  6    -75.977980479  0.324787E-04       0.005     6        0.00      0.00      0.00    0.3506E-03  0.1751E-03  0.5345E-03
|  7    -75.977981178  0.699358E-06       0.005     7        0.00      0.00      0.00    0.8764E-04  0.7661E-04  0.2146E-03
|  8    -75.977981259  0.806710E-07       0.005     8        0.00      0.00      0.00    0.1373E-04  0.6130E-05  0.2391E-04
| -------------- 2E-INT CUTOFF CHANGE TO 0.1000E-08 ------------
|  9    -75.977981262  0.322297E-08       0.006     9        0.00      0.00      0.00    0.2243E-05  0.6842E-06  0.3025E-05
| ------------------------------------------------------------------------------------------------------------------------
| REACH CONVERGENCE AFTER   9 CYCLES
| MAX ERROR = 0.224319E-05   RMS CHANGE = 0.684235E-06   MAX CHANGE = 0.302477E-05
| -----------------------------------------------
 ELECTRONIC ENERGY    =    -85.000860035
 CORE_CORE REPULSION  =      9.022878773
 TOTAL ENERGY         =    -75.977981262

 @ End Energy calculation


 ANALYTICAL GRADIENT: 
----------------------------------------------------------------------------
 VARIBLES    OLD_X            OLD_GRAD        NEW_GRAD          NEW_X
----------------------------------------------------------------------------
    1X    -0.7415300566     0.0000000000    -0.0080326597    -0.6652959218
    1Y     1.7521301338     0.0000000000    -0.0080732297     1.8287492994
    1Z     2.8962802212     0.0000000000    -0.0050841815     2.9445317590
    2X    -1.1111510849     0.0000000000     0.0001467950    -1.1125442465
    2Y     0.9797690748     0.0000000000    -0.0187434401     1.0797690748
    2Z     3.3522902560     0.0000000000     0.0326076623     3.2522902560
    3X    -0.9205000703     0.0000000000     0.0078858646    -0.9953410435
    3Y     2.0364501555     0.0000000000     0.0268166698     1.9364501555
    3Z     1.9840401515     0.0000000000    -0.0275234807     2.0840401515
----------------------------------------------------------------------------
 OPTIMZATION STATISTICS:
 MAXIMUM GRADIENT ELEMENT =     0.3260766228E-01 (REQUEST =     0.1000000000E-02 )

 @ Finish Optimization for This Step


 @ Optimize for New Step


============  GEOMETRY FOR OPTIMIZATION STEP   2 OUT OF    5  ============

GEOMETRY INPUT
ELEMENT      X              Y              Z
  O          -0.665296       1.828749       2.944532
  H          -1.112544       1.079769       3.252290
  H          -0.995341       1.936450       2.084040

 @ Begin Energy Calculation

                                         SCF ENERGY
| ------------------------------------------------------------------------------------------------------------------------
| NCYC       ENERGY         DELTA_E      SCF_TIME  DII_CYC   DII_TIME   O_TIME  DIAG_TIME    MAX_ERR    RMS_CHG    MAX_CHG
| ------------------------------------------------------------------------------------------------------------------------
|  1    -76.032219062      ------         0.006     1        0.00      0.00      0.00    0.7065E-01  0.1367E-01  0.3868E-01
|  2    -75.981133654  -.510854E-01       0.005     2        0.00      0.00      0.00    0.1335E-01  0.3638E-02  0.1225E-01
|  3    -75.981639403  0.505749E-03       0.005     3        0.00      0.00      0.00    0.8804E-02  0.1290E-02  0.6348E-02
|  4    -75.981721575  0.821714E-04       0.005     4        0.00      0.00      0.00    0.1788E-02  0.6527E-03  0.1980E-02
|  5    -75.981736035  0.144608E-04       0.005     5        0.00      0.00      0.00    0.5005E-03  0.2768E-03  0.9922E-03
|  6    -75.981737367  0.133185E-05       0.005     6        0.00      0.00      0.00    0.4275E-04  0.2223E-04  0.7345E-04
|  7    -75.981737376  0.824704E-08       0.005     7        0.00      0.00      0.00    0.7047E-05  0.5361E-05  0.1740E-04
| -------------- 2E-INT CUTOFF CHANGE TO 0.1000E-08 ------------
|  8    -75.981737387  0.114669E-07       0.005     8        0.00      0.00      0.00    0.2046E-05  0.1257E-05  0.4905E-05
|  9    -75.981737387  0.137295E-10       0.006     9        0.00      0.00      0.00    0.2629E-06  0.1414E-06  0.4169E-06
| ------------------------------------------------------------------------------------------------------------------------
| REACH CONVERGENCE AFTER   9 CYCLES
| MAX ERROR = 0.262928E-06   RMS CHANGE = 0.141382E-06   MAX CHANGE = 0.416901E-06
| -----------------------------------------------
 ELECTRONIC ENERGY    =    -85.484673374
 CORE_CORE REPULSION  =      9.502935987
 TOTAL ENERGY         =    -75.981737387

 @ End Energy calculation


 ANALYTICAL GRADIENT: 
----------------------------------------------------------------------------
 VARIBLES    OLD_X            OLD_GRAD        NEW_GRAD          NEW_X
----------------------------------------------------------------------------
    1X    -0.6652959218    -0.0080326597    -0.0098136647    -0.6536767180
    1Y     1.8287492994    -0.0080732297    -0.0096692102     1.8399260657
    1Z     2.9445317590    -0.0050841815    -0.0043884668     2.9471775350
    2X    -1.1125442465     0.0001467950     0.0087442453    -1.1348783489
    2Y     1.0797690748    -0.0187434401     0.0276682641     0.9797690748
    2Z     3.2522902560     0.0326076623    -0.0274670431     3.3522902560
    3X    -0.9953410435     0.0078858646     0.0010694194    -0.9846261449
    3Y     1.9364501555     0.0268166698    -0.0179990539     2.0287688206
    3Z     2.0840401515    -0.0275234807     0.0318555100     1.9840401515
----------------------------------------------------------------------------
 OPTIMIZATION STATISTICS:
 ENERGY CHANGE           =    -0.3756124983E-02 (REQUEST=  0.10000E-05 )
 MAXIMUM GEOMETRY CHANGE =     0.1000000000E+00 (REQUEST=  0.18000E-02 )
 GEOMETRY CHANGE RMS     =     0.6616753419E-01 (REQUEST=  0.12000E-02 )
 GRADIENT NORM           =     0.1869455215E-01 (REQUEST=  0.30000E-03 )

 @ Finish Optimization for This Step


 @ Optimize for New Step


============  GEOMETRY FOR OPTIMIZATION STEP   3 OUT OF    5  ============

GEOMETRY INPUT
ELEMENT      X              Y              Z
  O          -0.653677       1.839926       2.947178
  H          -1.134878       0.979769       3.352290
  H          -0.984626       2.028769       1.984040

 @ Begin Energy Calculation

                                         SCF ENERGY
| ------------------------------------------------------------------------------------------------------------------------
| NCYC       ENERGY         DELTA_E      SCF_TIME  DII_CYC   DII_TIME   O_TIME  DIAG_TIME    MAX_ERR    RMS_CHG    MAX_CHG
| ------------------------------------------------------------------------------------------------------------------------
|  1    -75.837166879      ------         0.006     1        0.00      0.00      0.00    0.1878E+00  0.1143E-01  0.3281E-01
|  2    -75.967523937  0.130357E+00       0.005     2        0.00      0.00      0.00    0.1590E-01  0.4126E-02  0.1177E-01
|  3    -75.968195991  0.672054E-03       0.005     3        0.00      0.00      0.00    0.8345E-02  0.1172E-02  0.5446E-02
|  4    -75.968278781  0.827894E-04       0.005     4        0.00      0.00      0.00    0.2601E-02  0.6469E-03  0.1732E-02
|  5    -75.968294684  0.159039E-04       0.007     5        0.00      0.00      0.00    0.4330E-03  0.2679E-03  0.6985E-03
|  6    -75.968296236  0.155198E-05       0.007     6        0.00      0.00      0.00    0.1122E-03  0.4514E-04  0.1209E-03
|  7    -75.968296286  0.493990E-07       0.006     7        0.00      0.00      0.00    0.2621E-04  0.1005E-04  0.2804E-04
|  8    -75.968296288  0.245110E-08       0.006     8        0.00      0.00      0.00    0.2346E-05  0.1242E-05  0.4886E-05
| -------------- 2E-INT CUTOFF CHANGE TO 0.1000E-08 ------------
|  9    -75.968296279  -.902112E-08       0.006     9        0.00      0.00      0.00    0.5701E-06  0.2223E-06  0.9526E-06
| ------------------------------------------------------------------------------------------------------------------------
| REACH CONVERGENCE AFTER   9 CYCLES
| MAX ERROR = 0.570097E-06   RMS CHANGE = 0.222253E-06   MAX CHANGE = 0.952630E-06
| -----------------------------------------------
 ELECTRONIC ENERGY    =    -84.334015213
 CORE_CORE REPULSION  =      8.365718934
 TOTAL ENERGY         =    -75.968296279

 @ End Energy calculation


 ANALYTICAL GRADIENT: 
----------------------------------------------------------------------------
 VARIBLES    OLD_X            OLD_GRAD        NEW_GRAD          NEW_X
----------------------------------------------------------------------------
    1X    -0.6536767180    -0.0098136647     0.0550582182    -0.6618664093
    1Y     1.8399260657    -0.0096692102     0.0519058644     1.8320482225
    1Z     2.9471775350    -0.0043884668     0.0276541568     2.9453126836
    2X    -1.1348783489     0.0087442453    -0.0362116461    -1.1191363576
    2Y     0.9797690748     0.0276682641    -0.0692868905     1.0492214675
    2Z     3.3522902560    -0.0274670431     0.0377378140     3.2896779958
    3X    -0.9846261449     0.0010694194    -0.0188465720    -0.9921784448
    3Y     2.0287688206    -0.0179990539     0.0173810262     1.9636988397
    3Z     1.9840401515     0.0318555100    -0.0653919709     2.0458714872
----------------------------------------------------------------------------
 OPTIMIZATION STATISTICS:
 ENERGY CHANGE           =     0.1344110777E-01 (REQUEST=  0.10000E-05 )
 MAXIMUM GEOMETRY CHANGE =     0.6945239271E-01 (REQUEST=  0.18000E-02 )
 GEOMETRY CHANGE RMS     =     0.4376528700E-01 (REQUEST=  0.12000E-02 )
 GRADIENT NORM           =     0.4589829440E-01 (REQUEST=  0.30000E-03 )

 @ Finish Optimization for This Step


 @ Optimize for New Step


============  GEOMETRY FOR OPTIMIZATION STEP   4 OUT OF    5  ============

GEOMETRY INPUT
ELEMENT      X              Y              Z
  O          -0.661866       1.832048       2.945313
  H          -1.119136       1.049221       3.289678
  H          -0.992178       1.963699       2.045871

 @ Begin Energy Calculation

                                         SCF ENERGY
| ------------------------------------------------------------------------------------------------------------------------
| NCYC       ENERGY         DELTA_E      SCF_TIME  DII_CYC   DII_TIME   O_TIME  DIAG_TIME    MAX_ERR    RMS_CHG    MAX_CHG
| ------------------------------------------------------------------------------------------------------------------------
|  1    -76.061476220      ------         0.007     1        0.00      0.00      0.00    0.1293E+00  0.7244E-02  0.1957E-01
|  2    -75.983795217  -.776810E-01       0.006     2        0.00      0.00      0.00    0.1140E-01  0.2433E-02  0.9189E-02
|  3    -75.984090834  0.295617E-03       0.006     3        0.00      0.00      0.00    0.2150E-02  0.7520E-03  0.2386E-02
|  4    -75.984111859  0.210246E-04       0.006     4        0.00      0.00      0.00    0.1447E-02  0.2605E-03  0.1047E-02
|  5    -75.984114994  0.313500E-05       0.006     5        0.00      0.00      0.00    0.2878E-03  0.1672E-03  0.4235E-03
|  6    -75.984115572  0.578358E-06       0.005     6        0.00      0.00      0.00    0.5678E-04  0.2349E-04  0.6623E-04
|  7    -75.984115585  0.128207E-07       0.005     7        0.00      0.00      0.00    0.1312E-04  0.5164E-05  0.1652E-04
| -------------- 2E-INT CUTOFF CHANGE TO 0.1000E-08 ------------
|  8    -75.984115598  0.132442E-07       0.005     8        0.00      0.00      0.00    0.1433E-05  0.6918E-06  0.3052E-05
| ------------------------------------------------------------------------------------------------------------------------
| REACH CONVERGENCE AFTER   8 CYCLES
| MAX ERROR = 0.143341E-05   RMS CHANGE = 0.691839E-06   MAX CHANGE = 0.305163E-05
| -----------------------------------------------
 ELECTRONIC ENERGY    =    -85.068096569
 CORE_CORE REPULSION  =      9.083980971
 TOTAL ENERGY         =    -75.984115598

 @ End Energy calculation


 ANALYTICAL GRADIENT: 
----------------------------------------------------------------------------
 VARIBLES    OLD_X            OLD_GRAD        NEW_GRAD          NEW_X
----------------------------------------------------------------------------
    1X    -0.6618664093     0.0550582182     0.0215822756    -0.6810959329
    1Y     1.8320482225     0.0519058644     0.0189083241     1.8141805398
    1Z     2.9453126836     0.0276541568     0.0134586313     2.9337750640
    2X    -1.1191363576    -0.0362116461    -0.0119628182    -1.1104565588
    2Y     1.0492214675    -0.0692868905    -0.0145929323     1.0518356257
    2Z     3.2896779958     0.0377378140    -0.0006865994     3.3042989099
    3X    -0.9921784448    -0.0188465720    -0.0096194575    -0.9816287201
    3Y     1.9636988397     0.0173810262    -0.0043153917     1.9789523641
    3Z     2.0458714872    -0.0653919709    -0.0127720318     2.0427881926
----------------------------------------------------------------------------
 OPTIMIZATION STATISTICS:
 ENERGY CHANGE           =    -0.1581931865E-01 (REQUEST=  0.10000E-05 )
 MAXIMUM GEOMETRY CHANGE =     0.1922952359E-01 (REQUEST=  0.18000E-02 )
 GEOMETRY CHANGE RMS     =     0.1278698380E-01 (REQUEST=  0.12000E-02 )
 GRADIENT NORM           =     0.1347948884E-01 (REQUEST=  0.30000E-03 )

 @ Finish Optimization for This Step


 @ Optimize for New Step


============  GEOMETRY FOR OPTIMIZATION STEP   5 OUT OF    5  ============

GEOMETRY INPUT
ELEMENT      X              Y              Z
  O          -0.681096       1.814181       2.933775
  H          -1.110457       1.051836       3.304299
  H          -0.981629       1.978952       2.042788

 @ Begin Energy Calculation

                                         SCF ENERGY
| ------------------------------------------------------------------------------------------------------------------------
| NCYC       ENERGY         DELTA_E      SCF_TIME  DII_CYC   DII_TIME   O_TIME  DIAG_TIME    MAX_ERR    RMS_CHG    MAX_CHG
| ------------------------------------------------------------------------------------------------------------------------
|  1    -76.005474355      ------         0.006     1        0.00      0.00      0.00    0.3110E-01  0.3578E-02  0.1401E-01
|  2    -75.985269022  -.202053E-01       0.005     2        0.00      0.00      0.00    0.3173E-02  0.1105E-02  0.2662E-02
|  3    -75.985321032  0.520097E-04       0.005     3        0.00      0.00      0.00    0.1062E-02  0.5536E-03  0.1979E-02
|  4    -75.985329241  0.820952E-05       0.005     4        0.00      0.00      0.00    0.5876E-03  0.1971E-03  0.5682E-03
|  5    -75.985330587  0.134531E-05       0.005     5        0.00      0.00      0.00    0.1234E-03  0.9187E-04  0.2849E-03
|  6    -75.985330716  0.129615E-06       0.005     6        0.00      0.00      0.00    0.1891E-04  0.6282E-05  0.2026E-04
| -------------- 2E-INT CUTOFF CHANGE TO 0.1000E-08 ------------
|  7    -75.985330741  0.244919E-07       0.005     7        0.00      0.00      0.00    0.3279E-05  0.8947E-06  0.3701E-05
| ------------------------------------------------------------------------------------------------------------------------
| REACH CONVERGENCE AFTER   7 CYCLES
| MAX ERROR = 0.327863E-05   RMS CHANGE = 0.894688E-06   MAX CHANGE = 0.370083E-05
| -----------------------------------------------
 ELECTRONIC ENERGY    =    -85.212268808
 CORE_CORE REPULSION  =      9.226938067
 TOTAL ENERGY         =    -75.985330741

 @ End Energy calculation


 ANALYTICAL GRADIENT: 
----------------------------------------------------------------------------
 VARIBLES    OLD_X            OLD_GRAD        NEW_GRAD          NEW_X
----------------------------------------------------------------------------
    1X    -0.6810959329     0.0215822756     0.0023182106    -0.6830655015
    1Y     1.8141805398     0.0189083241    -0.0002531121     1.8144774618
    1Z     2.9337750640     0.0134586313     0.0051959915     2.9291384077
    2X    -1.1104565588    -0.0119628182    -0.0003631317    -1.1103394792
    2Y     1.0518356257    -0.0145929323    -0.0002384954     1.0512954341
    2Z     3.3042989099    -0.0006865994    -0.0003556970     3.3054998380
    3X    -0.9816287201    -0.0096194575    -0.0019550789    -0.9797762311
    3Y     1.9789523641    -0.0043153917     0.0004916075     1.9791956339
    3Z     2.0427881926    -0.0127720318    -0.0048402944     2.0462239208
----------------------------------------------------------------------------
 OPTIMIZATION STATISTICS:
 ENERGY CHANGE           =    -0.1215142873E-02 (REQUEST=  0.10000E-05 )
 MAXIMUM GEOMETRY CHANGE =     0.4636656255E-02 (REQUEST=  0.18000E-02 )
 GEOMETRY CHANGE RMS     =     0.2173292723E-02 (REQUEST=  0.12000E-02 )
 GRADIENT NORM           =     0.2587238340E-02 (REQUEST=  0.30000E-03 )

 @ Finish Optimization for This Step

 WARNING: REACHED MAX OPT CYCLES. THE GEOMETRY IS NOT OPTIMIZED.
          PRINTING THE GEOMETRY FROM LAST STEP.
============= GEOMETRY INFORMATION (NOT OPTIMIZED) ===========

 OPTIMIZED GEOMETRY IN CARTESIAN
 ELEMENT      X         Y         Z
  O       -0.6831    1.8145    2.9291
  H       -1.1103    1.0513    3.3055
  H       -0.9798    1.9792    2.0462

 FORCE
 ELEMENT      X         Y         Z
  O       -0.0012    0.0001   -0.0027
  H        0.0002    0.0001    0.0002
  H        0.0010   -0.0003    0.0026

 MINIMIZED ENERGY =    -75.985330741
===============================================================

 @ Finish Optimization Job


 @ Begin Zmake conversion

  
 Z-MATRIX:

   ATOM  ELEMENTAL  BOND LENGTH    BOND ANGLE    DIHEDRAL ANGLE
  NUMBER  SYMBOL    (ANGSTROMS)    (DEGREES)       (DEGREES)
     I                 I-NA         I-NA-NB        I-NA-NB-NC      NA   NB   NC

     1      O        0.00000  0     0.00000  0      0.00000  0      0    0    0
     2      H        0.95219  1     0.00000  0      0.00000  0      1    0    0
     3      H        0.94589  1   111.57756  1      0.00000  0      1    2    0

 @ End Zmake conversion


 @ Begin Charge and Dipole Calculation

    ATOMIC CHARGES
   ATOM          MULLIKEN            LOWDIN
   O             -0.8106            -0.5921
   H              0.4051             0.2955
   H              0.4055             0.2966
   TOTAL         0.0000             0.0000

    DIPOLE (DEBYE)
      X         Y         Z        TOTAL
   -1.6865   -1.4057   -1.1610    2.4836

 @ End Charge and Dipole Calculation


 @ Output Timing Information

------------- TIMING ---------------
| INITIAL GUESS TIME  =     0.210402000(  3.85%)
| TOTAL SCF TIME      =     0.240719000(  4.41%)
|       TOTAL OP TIME      =     0.141450000(  2.59%)
|             TOTAL 1e TIME      =     0.003395000(  0.06%)
|             TOTAL 2e TIME      =     0.132394000(  2.42%)
|       TOTAL DII TIME      =     0.099051000(  1.81%)
|             TOTAL DIAG TIME    =     0.073492000(  1.35%)
| TOTAL GRADIENT TIME      =     0.052469000(  0.96%)
|       TOTAL 1e GRADIENT TIME      =     0.008459000( 0.20%)
|       TOTAL 2e GRADIENT TIME      =     0.041380000( 0.76%)
| TOTAL TIME          =     5.461616000
------------------------------------
| Job cpu time:  0 days  0 hours  0 minutes  5.5 seconds.

 @ Finish Output Timing Information

| Normal Termination. Task Finished on: Tue Mar 15 14:36:38 2022
