  *********************************************************************************************************
  **                                                                                                     **
  **           888888888888                                                                              **
  **         8888888888888888                                                                            **
  **      888888888888888888                                                                             **
  **     888888888888888888                                                                              **
  **    888888888888888                                                                                  **
  **   88888888888888888888                               88888                       8888:              **
  **   8888888888888888888888Z                            88888                       8888:              **
  **   888888888888888888888888?                          88888                       8888:              **
  **   8888888888888      8888888                                        888888       8888:              **
  **    88888888888         888888     8888:     88888    88888        888888888I     8888:    888888    **
  **    8888888888           88888:    8888:     88888    88888      $888888888888    8888:   888888     **
  **    I8Z 88888             88888    8888:     88888    88888    .888888     8888   8888: 888888       **
  **    .8Z 88888             88888    8888:     88888    88888    $88888             8888:88888         **
  **     8I 88888      .=88. .88888    8888:     88888    88888    88888              8888888888         **
  **    :8  88888      888888$8888$    8888:     88888    88888    8888O              88888888888        **
  **   ,7   +88888.     8888888888.    8888:     88888    88888    888888             88888O888888       **
  **         $888888:.   .8888888      88888....888888    88888     888888     8888   8888:  888888      **
  **          I8888888888888888888     888888888888888    88888     O888888888888O    8888:   888888     **
  **            O888888888888888888     88888888888888    88888       88888888888$    8888:    888888    **
  **               8888888Z     888      .8888I  88888    88888         8888888       8888:     888888   **
  **                                                                                                     **
  **                                                                                                     **
  **                                         Copyright (c) 2022                                          **
  **                          Regents of the University of California San Diego                          **
  **                                    & Michigan State University                                      **
  **                                        All Rights Reserved.                                         **
  **                                                                                                     **
  **             This software is subject to the terms of the Mozilla Public License, v. 2.0.            **
  **                                                                                                     **
  *********************************************************************************************************
                                                                                                           
  Cite this work as:                                                                                       
  Manathunga, M.; Shajan, A.; Giese, T. J.; Cruzeiro, V.W.D.; Smith, J.; Miao, Y.; He, X.; Ayers, K.;      
  Brothers, E.; Goetz, A.W.; Merz, K.M. QUICK-22.03                                                        
  University of California San Diego, CA and Michigan State University, East Lansing, MI, 2022             
                                                                                                           
  If you have any comments or queries, please send us an email for technical support:                      
  quick.merzlab@gmail.com                                                                                  
                                                                                                           
| TASK STARTS ON: Tue Mar 15 14:37:19 2022
| INPUT FILE :    opt_c2h5rad_b3lyp_631gss.in
| OUTPUT FILE:    opt_c2h5rad_b3lyp_631gss.out
| DATA FILE  :    opt_c2h5rad_b3lyp_631gss.dat
| BASIS SET PATH: /home/madu/saved-test-update/install/basis

|------------ GPU INFORMATION ---------------
| CUDA ENABLED DEVICE         :        3
| CUDA DEVICE IN USE          :        0
| CUDA DEVICE NAME            : NVIDIA TITAN V
| CUDA DEVICE PM              :       80
| CUDA DEVICE CORE FREQ(GHZ)  :     1.46
| CUDA DEVICE MEMORY SIZE (MB):    12066
| SUPPORTING CUDA VERSION     :      7.0
|--------------------------------------------

 @ Read Job And Atom

  KEYWORD=UHF BASIS=6-31G** CUTOFF=1.0E-9 DENSERMS=1.0E-6 MULT=2 OPTIMIZE=4                                                                                                                                       
 ============== JOB CARD =============
 METHOD = HATREE FOCK
 DIRECT SCF 
 SAD INITAL GUESS 
 UNRESTRICTED SYSTEM
 USE DIIS SCF
 PRINT ENERGY EVERY CYCLE
 READ SAD GUESS FROM FILE
 GEOMETRY OPTIMIZATION ANALYTICAL GRADIENT
 REQUEST CRITERIA FOR GEOMETRY CONVERGENCE: 
      MAX ALLOWED GEO CHANGE  =  0.189E+00
      MAX GEOMETRY CHANGE     =  0.180E-02
      GEOMETRY CHANGE RMS     =  0.120E-02
      MAX GRADIENT CHANGE     =  0.100E-02
      GRADIENT NORMALIZATION  =  0.300E-03
 GRADIENT CALCULATION
 MAX SCF CYCLES =    200
 MAX DIIS CYCLES =   10
 DELTA DENSITY START CYCLE = 1000
 COMPUTATIONAL CUTOFF: 
      TWO-e INTEGRAL   =  0.100E-08
      BASIS SET PRIME  =  0.100E-19
      MATRIX ELEMENTS  =  0.100E-09
      BASIS FUNCTION   =  0.100E-09
      GRADIENT CUTOFF  =  0.100E-08
 DENSITY MATRIX MAXIMUM RMS FOR CONVERGENCE  =  0.100E-05
 BASIS SET = 6-31G**,  TYPE = CARTESIAN
| BASIS FILE = /home/madu/saved-test-update/install/basis/6-31GDP.BAS

 @ Finish reading job


 @ Begin SAD initial guess

 For Atom Kind =    1
 ELEMENT = C 
 BASIS FUNCTIONS =   15
 For Atom Kind =    2
 ELEMENT = H 
 BASIS FUNCTIONS =    5

 @ Finish SAD initial guess


 @ Begin Reading Molecular Information


 =========== Molecule Input ==========
 TOTAL MOLECULAR CHARGE  =    0    MULTIPLICITY                =    2
 TOTAL ATOM NUMBER       =    7    NUMBER OF ATOM TYPES        =    2
 NUMBER OF HYDROGEN ATOM =    5    NUMBER OF NON-HYDROGEN ATOM =    2
 NUMBER OF ALPHA ELECTRONS =    9
 NUMBER OF BETA ELECTRONS  =    8

 -- INPUT GEOMETRY -- :
    C           0.0000       0.0000       0.7698
    C           0.0000       0.0000      -0.7698
    H           0.8895       0.5135       1.1348
    H           0.8895      -0.5135      -1.1348
    H          -0.8895       0.5135       1.1348
    H          -0.8895      -0.5135      -1.1348
    H           0.0000      -1.0271       1.1348

 -- DISTANCE MATRIX -- :
              1           2           3           4           5
      1     0.00000
      2     2.90958     0.00000
      3     2.05980     4.08929     0.00000
      4     4.08929     2.05980     4.70781     0.00000
      5     2.05980     4.08929     3.36169     5.78484     0.00000
      6     4.08929     2.05980     5.78484     3.36169     4.70781
      7     2.05980     4.08928     3.36169     4.70781     3.36169
              6           7
      6     0.00000
      7     4.70781     0.00000

============== BASIS INFOS ==============
 BASIS FUNCTIONS =   55
 NSHELL =   23 NPRIM  =   91
 JSHELL =   23 JBASIS =   47


 @ End Reading Molecular Information 


***********************************************************************
**                                                                   **
**                       ---------------------                       **
**                              DL-FIND                              **
**                       Geometry Optimisation                       **
**                       ---------------------                       **
**                                                                   **
**                 J. Kaestner, J.M. Carr, T.W. Keal,                **
**                W. Thiel, A. Wander and P. Sherwood                **
**                                                                   **
**              J. Phys. Chem. A, 2009, 113 (43), 11856.             **
**                                                                   **
**   Please include this reference in published work using DL-FIND.  **
**                                                                   **
**               Copyright:  STFC Daresbury Laboratory               **
**                           Revision:                               **
**                                                                   **
***********************************************************************

Residue member list:
    0 :     1    1    1    1    1    1    1

Generating new HDLC for    1 residues

Located a new residue for HDLC
   Residue number is    1
   Number of atoms it contains     7
   Atoms:      1     2     3     4     5     6     7
   Generating HDLC for residue    1

   The Cartesian coordinates
         1     0.00000000000000     0.00000000000000     1.45478865586682
         2     0.00000000000000     0.00000000000000    -1.45478865586682
         3     1.68084525478713     0.97043673019916     2.14455381217914
         4     1.68084525478713    -0.97043673019916    -2.14455381217914
         5    -1.68084525478713     0.97043673019916     2.14455381217914
         6    -1.68084525478713    -0.97043673019916    -2.14455381217914
         7     0.00000000000000    -1.94087157067219     2.14455381217914

   The primitive internal coordinates


     The system has     6 stretches
         1 Stre     2     1              =    2.90957731
         2 Stre     3     1              =    2.05979712
         3 Stre     4     2              =    2.05979712
         4 Stre     5     1              =    2.05979712
         5 Stre     6     2              =    2.05979712
         6 Stre     7     1              =    2.05979572


     The system has     9 bends and impropers
         7 Bend     3     1     2        =  109.56465929 deg =    1.91226405
         8 Bend     5     1     2        =  109.56465929 deg =    1.91226405
         9 Bend     7     1     2        =  109.56467312 deg =    1.91226429
        10 Bend     5     1     3        =  109.37760932 deg =    1.90899941
        11 Bend     7     1     3        =  109.37761926 deg =    1.90899958
        12 Bend     7     1     5        =  109.37761926 deg =    1.90899958
        13 Bend     4     2     1        =  109.56465929 deg =    1.91226405
        14 Bend     6     2     1        =  109.56465929 deg =    1.91226405
        15 Bend     6     2     4        =  109.37760932 deg =    1.90899941


     The system has     6 dihedrals
        16 Dihe     3     1     2     4  =   60.00001380 deg =    1.04719779
        17 Dihe     3     1     2     6  =  179.99999879 deg =    3.14159263
        18 Dihe     5     1     2     4  =  179.99999879 deg =    3.14159263
        19 Dihe     5     1     2     6  =  -60.00001380 deg =   -1.04719779
        20 Dihe     7     1     2     4  =  -59.99999310 deg =   -1.04719743
        21 Dihe     7     1     2     6  =   59.99999310 deg =    1.04719743


   Residue      1 has internal coords      1 to     21

DL-FIND Report:
===============
Optimisation algorithm: L-BFGS
Number of steps in L-BFGS memory ...............        100

Step length: simple scaled
Maximum step length ............................  1.000E-01
Scaling step by ................................  1.000E+00

Coordinate system: Delocalised internal coordinates (DLC)

Number of atoms ................................          7
Number of input geometries .....................          1
Variables to be optimised ......................         15
No restart information is written
This run has not been restarted.
Maximum number of steps ........................        100
Maximum number of energy evaluations ...........     100000


 @ Optimize for New Step


============  GEOMETRY FOR OPTIMIZATION STEP   1  ============

GEOMETRY INPUT
ELEMENT      X              Y              Z
  C           0.000000       0.000000       0.769841
  C           0.000000       0.000000      -0.769841
  H           0.889465       0.513533       1.134849
  H           0.889465      -0.513533      -1.134849
  H          -0.889465       0.513533       1.134849
  H          -0.889465      -0.513533      -1.134849
  H           0.000000      -1.027065       1.134849

 @ Begin Energy Calculation

                                         USCF ENERGY
| ------------------------------------------------------------------------------------------------------------------------
| NCYC       ENERGY         DELTA_E      SCF_TIME  DII_CYC   DII_TIME   O_TIME  DIAG_TIME    MAX_ERR    RMS_CHG    MAX_CHG
| ------------------------------------------------------------------------------------------------------------------------
|  1    -78.999150738      ------         0.021     1        0.01      0.02      0.00    0.2149E+01  0.1942E-01  0.2377E+00
|  2    -78.517990739  -.481160E+00       0.014     2        0.01      0.01      0.00    0.7918E-01  0.3685E-02  0.3898E-01
|  3    -78.578674052  0.606833E-01       0.014     3        0.01      0.01      0.00    0.2685E-01  0.1844E-02  0.1495E-01
|  4    -78.590749836  0.120758E-01       0.015     4        0.01      0.01      0.00    0.1516E-01  0.7512E-03  0.7231E-02
|  5    -78.592973081  0.222325E-02       0.014     5        0.01      0.01      0.00    0.9073E-02  0.4989E-03  0.5512E-02
|  6    -78.593730533  0.757451E-03       0.014     6        0.01      0.01      0.00    0.4306E-02  0.3014E-03  0.3228E-02
|  7    -78.593929883  0.199351E-03       0.014     7        0.01      0.01      0.00    0.1537E-02  0.1311E-03  0.1541E-02
|  8    -78.593959202  0.293187E-04       0.014     8        0.01      0.01      0.00    0.2837E-03  0.3461E-04  0.4890E-03
|  9    -78.593961217  0.201515E-05       0.017     9        0.01      0.01      0.00    0.5932E-04  0.1322E-04  0.1799E-03
| 10    -78.593961546  0.329013E-06       0.016    10        0.01      0.01      0.00    0.2094E-04  0.8142E-05  0.1243E-03
| 11    -78.593961659  0.112408E-06       0.016     1        0.01      0.01      0.00    0.8581E-05  0.4342E-05  0.6571E-04
| 12    -78.593961689  0.302144E-07       0.015     2        0.01      0.01      0.00    0.3641E-05  0.2421E-05  0.3382E-04
| 13    -78.593961696  0.694827E-08       0.015     3        0.01      0.01      0.00    0.9968E-06  0.6729E-06  0.7580E-05
| ------------------------------------------------------------------------------------------------------------------------
| REACH CONVERGENCE AFTER  13 CYCLES
| MAX ERROR = 0.996794E-06   RMS CHANGE = 0.672920E-06   MAX CHANGE = 0.758026E-05
| -----------------------------------------------
 ELECTRONIC ENERGY    =   -115.252943210
 CORE_CORE REPULSION  =     36.658981514
 TOTAL ENERGY         =    -78.593961696

 @ End Energy calculation


 ANALYTICAL GRADIENT: 
------------------------
 VARIBLES    NEW_GRAD
------------------------
    1X     0.0000000411
    1Y    -0.0199742959
    1Z     0.0194907104
    2X    -0.0000000274
    2Y     0.0463496174
    2Z    -0.0299309426
    3X     0.0041985758
    3Y     0.0028894020
    3Z    -0.0038537651
    4X     0.0004444738
    4Y    -0.0149294380
    4Z     0.0091295869
    5X    -0.0041986003
    5Y     0.0028894093
    5Z    -0.0038537676
    6X    -0.0004444781
    6Y    -0.0149293287
    6Z     0.0091295171
    7X     0.0000000152
    7Y    -0.0022953661
    7Z    -0.0001113392
------------------------
 OPTIMIZATION STATISTICS:
 MAXIMUM GRADIENT ELEMENT=     0.2227637860E-01 (REQUEST=  0.10000E-02 )
 GRADIENT NORM           =     0.1088105337E-01 (REQUEST=  0.66667E-03 )

 @ Finish Optimization for This Step

 @ Optimize for New Step


============  GEOMETRY FOR OPTIMIZATION STEP   2  ============

GEOMETRY INPUT
ELEMENT      X              Y              Z
  C          -0.000000       0.000451       0.770161
  C           0.000000      -0.004323      -0.766583
  H           0.887992       0.513679       1.136559
  H           0.887792      -0.512647      -1.139615
  H          -0.887992       0.513679       1.136559
  H          -0.887792      -0.512647      -1.139615
  H          -0.000000      -1.025258       1.137383

 @ Begin Energy Calculation

                                         USCF ENERGY
| ------------------------------------------------------------------------------------------------------------------------
| NCYC       ENERGY         DELTA_E      SCF_TIME  DII_CYC   DII_TIME   O_TIME  DIAG_TIME    MAX_ERR    RMS_CHG    MAX_CHG
| ------------------------------------------------------------------------------------------------------------------------
|  1    -78.598162775      ------         0.020     1        0.01      0.01      0.00    0.3517E-02  0.8123E-04  0.1291E-02
|  2    -78.594771636  -.339114E-02       0.014     2        0.01      0.01      0.00    0.5231E-03  0.3335E-04  0.4077E-03
|  3    -78.594773600  0.196394E-05       0.014     3        0.01      0.01      0.00    0.2412E-03  0.1224E-04  0.1772E-03
|  4    -78.594773953  0.352795E-06       0.014     4        0.01      0.01      0.00    0.1448E-03  0.1249E-04  0.1983E-03
|  5    -78.594774072  0.119295E-06       0.014     5        0.01      0.01      0.00    0.4825E-04  0.5254E-05  0.8417E-04
|  6    -78.594774089  0.170383E-07       0.014     6        0.01      0.01      0.00    0.1370E-04  0.1803E-05  0.2851E-04
|  7    -78.594774091  0.215309E-08       0.014     7        0.01      0.01      0.00    0.5565E-05  0.5285E-06  0.6731E-05
| ------------------------------------------------------------------------------------------------------------------------
| REACH CONVERGENCE AFTER   7 CYCLES
| MAX ERROR = 0.556517E-05   RMS CHANGE = 0.528547E-06   MAX CHANGE = 0.673114E-05
| -----------------------------------------------
 ELECTRONIC ENERGY    =   -115.287470658
 CORE_CORE REPULSION  =     36.692696567
 TOTAL ENERGY         =    -78.594774091

 @ End Energy calculation


 ANALYTICAL GRADIENT: 
------------------------
 VARIBLES    NEW_GRAD
------------------------
    1X    -0.0000000084
    1Y    -0.0187438008
    1Z     0.0186527551
    2X     0.0000000073
    2Y     0.0443628728
    2Z    -0.0276488582
    3X     0.0035415908
    3Y     0.0025757705
    3Z    -0.0036420800
    4X    -0.0003012333
    4Y    -0.0144572332
    4Z     0.0083480692
    5X    -0.0035415871
    5Y     0.0025757689
    5Z    -0.0036420796
    6X     0.0003012305
    6Y    -0.0144572308
    6Z     0.0083480721
    7X     0.0000000002
    7Y    -0.0018561474
    7Z    -0.0004158786
------------------------
 OPTIMIZATION STATISTICS:
 ENERGY CHANGE           =     0.8123953575E-03 (REQUEST=  0.10000E-05 )
 MAXIMUM GEOMETRY CHANGE =     0.1057202097E-01 (REQUEST=  0.40000E-02 )
 GEOMETRY CHANGE RMS     =     0.5163977795E-02 (REQUEST=  0.26667E-02 )
 MAXIMUM GRADIENT ELEMENT=     0.2129220924E-01 (REQUEST=  0.10000E-02 )
 GRADIENT NORM           =     0.1010446191E-01 (REQUEST=  0.66667E-03 )
Scaling step back by    0.47500

 @ Finish Optimization for This Step

 @ Optimize for New Step


============  GEOMETRY FOR OPTIMIZATION STEP   3  ============

GEOMETRY INPUT
ELEMENT      X              Y              Z
  C           0.000000       0.000232       0.768533
  C          -0.000001      -0.037739      -0.744664
  H           0.883893       0.515062       1.143420
  H           0.887637      -0.500979      -1.170178
  H          -0.883893       0.515062       1.143421
  H          -0.887638      -0.500977      -1.170181
  H           0.000001      -1.017726       1.164497

 @ Begin Energy Calculation

                                         USCF ENERGY
| ------------------------------------------------------------------------------------------------------------------------
| NCYC       ENERGY         DELTA_E      SCF_TIME  DII_CYC   DII_TIME   O_TIME  DIAG_TIME    MAX_ERR    RMS_CHG    MAX_CHG
| ------------------------------------------------------------------------------------------------------------------------
|  1    -78.610826172      ------         0.020     1        0.01      0.01      0.00    0.3444E-01  0.5966E-03  0.1025E-01
|  2    -78.599259631  -.115665E-01       0.015     2        0.01      0.01      0.00    0.3882E-02  0.2211E-03  0.2598E-02
|  3    -78.599364097  0.104466E-03       0.015     3        0.01      0.01      0.00    0.1941E-02  0.9938E-04  0.1429E-02
|  4    -78.599385222  0.211253E-04       0.015     4        0.01      0.01      0.00    0.1156E-02  0.1065E-03  0.1715E-02
|  5    -78.599394517  0.929507E-05       0.015     5        0.01      0.01      0.00    0.3694E-03  0.4440E-04  0.7137E-03
|  6    -78.599395848  0.133102E-05       0.015     6        0.01      0.01      0.00    0.1407E-03  0.1556E-04  0.2412E-03
|  7    -78.599396022  0.173123E-06       0.015     7        0.01      0.01      0.00    0.4535E-04  0.3452E-05  0.3876E-04
|  8    -78.599396043  0.210879E-07       0.015     8        0.01      0.01      0.00    0.1613E-04  0.1539E-05  0.2124E-04
|  9    -78.599396049  0.599998E-08       0.015     9        0.01      0.01      0.00    0.4813E-05  0.9773E-06  0.1274E-04
| ------------------------------------------------------------------------------------------------------------------------
| REACH CONVERGENCE AFTER   9 CYCLES
| MAX ERROR = 0.481300E-05   RMS CHANGE = 0.977344E-06   MAX CHANGE = 0.127409E-04
| -----------------------------------------------
 ELECTRONIC ENERGY    =   -115.452806027
 CORE_CORE REPULSION  =     36.853409979
 TOTAL ENERGY         =    -78.599396049

 @ End Energy calculation


 ANALYTICAL GRADIENT: 
------------------------
 VARIBLES    NEW_GRAD
------------------------
    1X     0.0000004907
    1Y    -0.0111247871
    1Z     0.0060279170
    2X    -0.0000004782
    2Y     0.0337900713
    2Z    -0.0087953607
    3X     0.0027995733
    3Y     0.0021565849
    3Z    -0.0011678936
    4X    -0.0005272955
    4Y    -0.0121845482
    4Z     0.0026714971
    5X    -0.0027998061
    5Y     0.0021567421
    5Z    -0.0011679074
    6X     0.0005274872
    6Y    -0.0121844809
    6Z     0.0026712127
    7X     0.0000000286
    7Y    -0.0026095820
    7Z    -0.0002394652
------------------------
 OPTIMIZATION STATISTICS:
 ENERGY CHANGE           =     0.4621957459E-02 (REQUEST=  0.10000E-05 )
 MAXIMUM GEOMETRY CHANGE =     0.1000000000E+00 (REQUEST=  0.40000E-02 )
 GEOMETRY CHANGE RMS     =     0.4056938627E-01 (REQUEST=  0.26667E-02 )
 MAXIMUM GRADIENT ELEMENT=     0.1258538173E-01 (REQUEST=  0.10000E-02 )
 GRADIENT NORM           =     0.5980409946E-02 (REQUEST=  0.66667E-03 )
Scaling step back by    0.55233

 @ Finish Optimization for This Step

 @ Optimize for New Step


============  GEOMETRY FOR OPTIMIZATION STEP   4  ============

GEOMETRY INPUT
ELEMENT      X              Y              Z
  C          -0.000000      -0.004808       0.769756
  C          -0.000000      -0.075145      -0.734804
  H           0.875878       0.510448       1.143216
  H           0.886575      -0.482370      -1.193025
  H          -0.875878       0.510447       1.143217
  H          -0.886575      -0.482369      -1.193027
  H           0.000000      -1.003268       1.199515

 @ Begin Energy Calculation

                                         USCF ENERGY
| ------------------------------------------------------------------------------------------------------------------------
| NCYC       ENERGY         DELTA_E      SCF_TIME  DII_CYC   DII_TIME   O_TIME  DIAG_TIME    MAX_ERR    RMS_CHG    MAX_CHG
| ------------------------------------------------------------------------------------------------------------------------
|  1    -78.622007326      ------         0.017     1        0.01      0.01      0.00    0.1821E-01  0.5480E-03  0.9756E-02
|  2    -78.602095547  -.199118E-01       0.018     2        0.01      0.01      0.00    0.4451E-02  0.2479E-03  0.3440E-02
|  3    -78.602203895  0.108348E-03       0.017     3        0.01      0.01      0.00    0.2101E-02  0.1171E-03  0.1906E-02
|  4    -78.602226477  0.225823E-04       0.016     4        0.01      0.01      0.00    0.1191E-02  0.1187E-03  0.2069E-02
|  5    -78.602236383  0.990605E-05       0.016     5        0.01      0.01      0.00    0.4060E-03  0.5523E-04  0.9569E-03
|  6    -78.602237895  0.151180E-05       0.017     6        0.01      0.01      0.00    0.1203E-03  0.1164E-04  0.1877E-03
|  7    -78.602238001  0.106514E-06       0.017     7        0.01      0.01      0.00    0.4143E-04  0.2986E-05  0.2903E-04
|  8    -78.602238018  0.164835E-07       0.017     8        0.01      0.01      0.00    0.1334E-04  0.1283E-05  0.1719E-04
|  9    -78.602238022  0.414420E-08       0.016     9        0.01      0.01      0.00    0.4203E-05  0.8017E-06  0.1030E-04
| ------------------------------------------------------------------------------------------------------------------------
| REACH CONVERGENCE AFTER   9 CYCLES
| MAX ERROR = 0.420319E-05   RMS CHANGE = 0.801712E-06   MAX CHANGE = 0.102968E-04
| -----------------------------------------------
 ELECTRONIC ENERGY    =   -115.606314511
 CORE_CORE REPULSION  =     37.004076489
 TOTAL ENERGY         =    -78.602238022

 @ End Energy calculation


 ANALYTICAL GRADIENT: 
------------------------
 VARIBLES    NEW_GRAD
------------------------
    1X    -0.0000002674
    1Y    -0.0057750799
    1Z     0.0047033902
    2X    -0.0000000399
    2Y     0.0198267551
    2Z    -0.0061068392
    3X    -0.0016609400
    3Y    -0.0008592613
    3Z    -0.0008496871
    4X    -0.0051103866
    4Y    -0.0071502887
    4Z     0.0019068931
    5X     0.0016612497
    5Y    -0.0008594602
    5Z    -0.0008497283
    6X     0.0051104006
    6Y    -0.0071502946
    6Z     0.0019067830
    7X    -0.0000000163
    7Y     0.0019676295
    7Z    -0.0007108118
------------------------
 OPTIMIZATION STATISTICS:
 ENERGY CHANGE           =     0.2841973410E-02 (REQUEST=  0.10000E-05 )
 MAXIMUM GEOMETRY CHANGE =     0.1000000000E+00 (REQUEST=  0.40000E-02 )
 GEOMETRY CHANGE RMS     =     0.4395749986E-01 (REQUEST=  0.26667E-02 )
 MAXIMUM GRADIENT ELEMENT=     0.7843305048E-02 (REQUEST=  0.10000E-02 )
 GRADIENT NORM           =     0.3582705542E-02 (REQUEST=  0.66667E-03 )
Scaling step back by    0.52099

 @ Finish Optimization for This Step

 WARNING: REACHED MAX OPT CYCLES. THE GEOMETRY IS NOT OPTIMIZED.
          PRINTING THE GEOMETRY FROM LAST STEP.
============= GEOMETRY INFORMATION (NOT OPTIMIZED) ===========

 OPTIMIZED GEOMETRY IN CARTESIAN
 ELEMENT      X              Y              Z
  C          -0.000000      -0.010060       0.770854
  C           0.000000      -0.110164      -0.722211
  H           0.879470       0.512896       1.141180
  H           0.898069      -0.464951      -1.212509
  H          -0.879470       0.512896       1.141180
  H          -0.898069      -0.464950      -1.212509
  H           0.000001      -1.002733       1.228863

 FORCE
 ELEMENT      X              Y              Z
  C           0.000000       0.003056      -0.002489
  C           0.000000      -0.010492       0.003232
  H           0.000879       0.000455       0.000450
  H           0.002704       0.003784      -0.001009
  H          -0.000879       0.000455       0.000450
  H          -0.002704       0.003784      -0.001009
  H           0.000000      -0.001041       0.000376

 MINIMIZED ENERGY =    -78.602238022
===============================================================

 @ Finish Optimization Job


DL-FIND Report:
===============
Optimisation algorithm: L-BFGS
Number of steps in L-BFGS memory ...............        100

Step length: simple scaled
Maximum step length ............................  1.000E-01
Scaling step by ................................  1.000E+00

Coordinate system: Delocalised internal coordinates (DLC)

Number of atoms ................................          7
Number of input geometries .....................          1
Variables to be optimised ......................         15
No restart information is written
This run has not been restarted.
Number of energy evaluations on this processor .          4
Number of steps ................................          4
Number of accepted steps / line searches .......          4


 @ Output Timing Information

------------- TIMING ---------------
| INITIAL GUESS TIME  =     1.028177000( 13.31%)
| TOTAL SCF TIME      =     0.610176000(  7.90%)
|       TOTAL OP TIME      =     0.337046000(  4.36%)
|             TOTAL 1e TIME      =     0.019076000(  0.25%)
|             TOTAL 2e TIME      =     0.292691000(  3.79%)
|       TOTAL DII TIME      =     0.272945000(  3.53%)
|             TOTAL DIAG TIME    =     0.005982000(  0.08%)
| TOTAL GRADIENT TIME      =     0.842406000( 10.91%)
|       TOTAL 1e GRADIENT TIME      =     0.166274000( 2.19%)
|       TOTAL 2e GRADIENT TIME      =     0.673535000( 8.72%)
| TOTAL TIME          =     7.723803000
------------------------------------
| Job cpu time:  0 days  0 hours  0 minutes  7.7 seconds.

 @ Finish Output Timing Information

| Normal Termination. Task Finished on: Tue Mar 15 14:37:27 2022
