  *********************************************************************************************************
  **                                                                                                     **
  **           888888888888                                                                              **
  **         8888888888888888                                                                            **
  **      888888888888888888                                                                             **
  **     888888888888888888                                                                              **
  **    888888888888888                                                                                  **
  **   88888888888888888888                               88888                       8888:              **
  **   8888888888888888888888Z                            88888                       8888:              **
  **   888888888888888888888888?                          88888                       8888:              **
  **   8888888888888      8888888                                        888888       8888:              **
  **    88888888888         888888     8888:     88888    88888        888888888I     8888:    888888    **
  **    8888888888           88888:    8888:     88888    88888      $888888888888    8888:   888888     **
  **    I8Z 88888             88888    8888:     88888    88888    .888888     8888   8888: 888888       **
  **    .8Z 88888             88888    8888:     88888    88888    $88888             8888:88888         **
  **     8I 88888      .=88. .88888    8888:     88888    88888    88888              8888888888         **
  **    :8  88888      888888$8888$    8888:     88888    88888    8888O              88888888888        **
  **   ,7   +88888.     8888888888.    8888:     88888    88888    888888             88888O888888       **
  **         $888888:.   .8888888      88888....888888    88888     888888     8888   8888:  888888      **
  **          I8888888888888888888     888888888888888    88888     O888888888888O    8888:   888888     **
  **            O888888888888888888     88888888888888    88888       88888888888$    8888:    888888    **
  **               8888888Z     888      .8888I  88888    88888         8888888       8888:     888888   **
  **                                                                                                     **
  **                                                                                                     **
  **                                         Copyright (c) 2022                                          **
  **                          Regents of the University of California San Diego                          **
  **                                    & Michigan State University                                      **
  **                                        All Rights Reserved.                                         **
  **                                                                                                     **
  **             This software is subject to the terms of the Mozilla Public License, v. 2.0.            **
  **                                                                                                     **
  *********************************************************************************************************
                                                                                                           
  Cite this work as:                                                                                       
  Manathunga, M.; Shajan, A.; Giese, T. J.; Cruzeiro, V.W.D.; Smith, J.; Miao, Y.; He, X.; Ayers, K.;      
  Brothers, E.; Goetz, A.W.; Merz, K.M. QUICK-22.03                                                        
  University of California San Diego, CA and Michigan State University, East Lansing, MI, 2022             
                                                                                                           
  If you have any comments or queries, please send us an email for technical support:                      
  quick.merzlab@gmail.com                                                                                  
                                                                                                           
| TASK STARTS ON: Sat Mar 12 17:40:22 2022
| INPUT FILE :    opt_c3h4_rhf_631g.in
| OUTPUT FILE:    opt_c3h4_rhf_631g.out
| DATA FILE  :    opt_c3h4_rhf_631g.dat
| BASIS SET PATH: /home/madu/quick_dlfind/basis

 @ Read Job And Atom

  KEYWORD=HF BASIS=6-31G CUTOFF=1.0E-9 DENSERMS=1.0E-6 OPTIMIZE                                                                                                                                                   
 ============== JOB CARD =============
 METHOD = HATREE FOCK
 DIRECT SCF 
 SAD INITAL GUESS 
 USE DIIS SCF
 PRINT ENERGY EVERY CYCLE
 READ SAD GUESS FROM FILE
 GEOMETRY OPTIMIZATION ANALYTICAL GRADIENT
 REQUEST CRITERIA FOR GEOMETRY CONVERGENCE: 
      MAX ALLOWED GEO CHANGE  =  0.189E+00
      MAX GEOMETRY CHANGE     =  0.180E-02
      GEOMETRY CHANGE RMS     =  0.120E-02
      MAX GRADIENT CHANGE     =  0.100E-02
      GRADIENT NORMALIZATION  =  0.300E-03
 GRADIENT CALCULATION
 MAX SCF CYCLES =    200
 MAX DIIS CYCLES =   10
 DELTA DENSITY START CYCLE = 1000
 COMPUTATIONAL CUTOFF: 
      TWO-e INTEGRAL   =  0.100E-08
      BASIS SET PRIME  =  0.100E-19
      MATRIX ELEMENTS  =  0.100E-09
      BASIS FUNCTION   =  0.100E-09
      GRADIENT CUTOFF  =  0.100E-08
 DENSITY MATRIX MAXIMUM RMS FOR CONVERGENCE  =  0.100E-05
 BASIS SET = 6-31G,  TYPE = CARTESIAN
| BASIS FILE = /home/madu/quick_dlfind/basis/6-31G.BAS

 @ Finish reading job


 @ Begin SAD initial guess

 For Atom Kind =    1
 ELEMENT = C 
 BASIS FUNCTIONS =    9
 For Atom Kind =    2
 ELEMENT = H 
 BASIS FUNCTIONS =    2

 @ Finish SAD initial guess


 @ Begin Reading Molecular Information


 =========== Molecule Input ==========
 TOTAL MOLECULAR CHARGE  =    0    MULTIPLICITY                =    1
 TOTAL ATOM NUMBER       =    7    NUMBER OF ATOM TYPES        =    2
 NUMBER OF HYDROGEN ATOM =    4    NUMBER OF NON-HYDROGEN ATOM =    3
 NUMBER OF ELECTRONS     =   22

 -- INPUT GEOMETRY -- :
    C           0.0000       0.0000       0.0000
    C           0.0000       1.3199       0.0000
    C           0.0000      -1.3199       0.0000
    H           0.9354      -1.8601       0.0000
    H          -0.9354      -1.8601       0.0000
    H           0.0000       1.8601       0.9354
    H           0.0000       1.8601      -0.9354

 -- DISTANCE MATRIX -- :
              1           2           3           4           5
      1     0.00000
      2     2.49419     0.00000
      3     2.49419     4.98839     0.00000
      4     3.93450     6.26383     2.04131     0.00000
      5     3.93450     6.26383     2.04131     3.53544     0.00000
      6     3.93450     2.04131     6.26383     7.46133     7.46133
      7     3.93450     2.04131     6.26383     7.46133     7.46133
              6           7
      6     0.00000
      7     3.53544     0.00000

============== BASIS INFOS ==============
 BASIS FUNCTIONS =   35
 NSHELL =   17 NPRIM  =   82
 JSHELL =   17 JBASIS =   46


 @ End Reading Molecular Information 


***********************************************************************
**                                                                   **
**                       ---------------------                       **
**                              DL-FIND                              **
**                       Geometry Optimisation                       **
**                       ---------------------                       **
**                                                                   **
**                 J. Kaestner, J.M. Carr, T.W. Keal,                **
**                W. Thiel, A. Wander and P. Sherwood                **
**                                                                   **
**              J. Phys. Chem. A, 2009, 113 (43), 11856.             **
**                                                                   **
**   Please include this reference in published work using DL-FIND.  **
**                                                                   **
**               Copyright:  STFC Daresbury Laboratory               **
**                           Revision:                               **
**                                                                   **
***********************************************************************

Residue member list:
    0 :     1    1    1    1    1    1    1

Generating new HDLC for    1 residues

Located a new residue for HDLC
   Residue number is    1
   Number of atoms it contains     7
   Atoms:      1     2     3     4     5     6     7
   Generating HDLC for residue    1
       Making linear about     1
       System near planar - making improper
       System near planar - making improper

   The Cartesian coordinates
         1     0.00000000000000     0.00000000000000     0.00000000000000
         2     0.00000000000000     2.49419283101177     0.00000000000000
         3     0.00000000000000    -2.49419283101177     0.00000000000000
         4     1.76771974456815    -3.51503233662726     0.00000000000000
         5    -1.76771974456815    -3.51503233662726     0.00000000000000
         6     0.00000000000000     3.51503233662726     1.76771974456815
         7     0.00000000000000     3.51503233662726    -1.76771974456815

   The primitive internal coordinates


     The system has     6 stretches
         1 Stre     2     1              =    2.49419283
         2 Stre     3     1              =    2.49419283
         3 Stre     4     3              =    2.04130997
         4 Stre     5     3              =    2.04130997
         5 Stre     6     2              =    2.04130997
         6 Stre     7     2              =    2.04130997


     The system has     7 bends and impropers
         7 Line     2     1     3  wrt xy
         8 Bend     6     2     1        =  120.00598056 deg =    2.09449948
         9 Bend     7     2     1        =  120.00598056 deg =    2.09449948
        10 Impr     7     2     6     1  =  179.99999879 deg =    3.14159263
        11 Bend     4     3     1        =  120.00598056 deg =    2.09449948
        12 Bend     5     3     1        =  120.00598056 deg =    2.09449948
        13 Impr     5     3     4     1  =  179.99999879 deg =    3.14159263


     The system has     4 dihedrals
        14 Dihe     6     2     1     4  =  -90.00000000 deg =   -1.57079633
        15 Dihe     6     2     1     5  =   90.00000000 deg =    1.57079633
        16 Dihe     7     2     1     4  =   90.00000000 deg =    1.57079633
        17 Dihe     7     2     1     5  =  -90.00000000 deg =   -1.57079633


   Residue      1 has internal coords      1 to     21

DL-FIND Report:
===============
Optimisation algorithm: L-BFGS
Number of steps in L-BFGS memory ...............        100

Step length: simple scaled
Maximum step length ............................  1.000E-01
Scaling step by ................................  1.000E+00

Coordinate system: Delocalised internal coordinates (DLC)

Number of atoms ................................          7
Number of input geometries .....................          1
Variables to be optimised ......................         15
No restart information is written
This run has not been restarted.
Maximum number of steps ........................        100
Maximum number of energy evaluations ...........     100000


 @ Optimize for New Step


============  GEOMETRY FOR OPTIMIZATION STEP   1  ============

GEOMETRY INPUT
ELEMENT      X              Y              Z
  C           0.000000       0.000000       0.000000
  C           0.000000       1.319870       0.000000
  C           0.000000      -1.319870       0.000000
  H           0.935437      -1.860075       0.000000
  H          -0.935437      -1.860075       0.000000
  H           0.000000       1.860075       0.935437
  H           0.000000       1.860075      -0.935437

 @ Begin Energy Calculation

                                         SCF ENERGY
| ------------------------------------------------------------------------------------------------------------------------
| NCYC       ENERGY         DELTA_E      SCF_TIME  DII_CYC   DII_TIME   O_TIME  DIAG_TIME    MAX_ERR    RMS_CHG    MAX_CHG
| ------------------------------------------------------------------------------------------------------------------------
|  1   -117.337541042      ------         0.083     1        0.00      0.08      0.00    0.2144E+01  0.7154E-01  0.5422E+00
|  2   -115.754931197  -.158261E+01       0.066     2        0.00      0.06      0.00    0.7932E-01  0.1540E-01  0.9386E-01
|  3   -115.808383827  0.534526E-01       0.066     3        0.00      0.06      0.00    0.3318E-01  0.5474E-02  0.3516E-01
|  4   -115.817205929  0.882210E-02       0.066     4        0.00      0.06      0.00    0.1733E-01  0.3351E-02  0.1807E-01
|  5   -115.819628374  0.242245E-02       0.066     5        0.00      0.06      0.00    0.7849E-02  0.1180E-02  0.9525E-02
|  6   -115.819926372  0.297999E-03       0.066     6        0.00      0.06      0.00    0.2807E-02  0.4404E-03  0.3997E-02
|  7   -115.819961297  0.349249E-04       0.066     7        0.00      0.06      0.00    0.6781E-03  0.1068E-03  0.1047E-02
|  8   -115.819963605  0.230731E-05       0.067     8        0.00      0.07      0.00    0.1258E-03  0.2311E-04  0.1371E-03
|  9   -115.819963708  0.103740E-06       0.066     9        0.00      0.06      0.00    0.2842E-04  0.5470E-05  0.2745E-04
| 10   -115.819963717  0.832142E-08       0.066    10        0.00      0.06      0.00    0.1274E-04  0.2827E-05  0.1634E-04
| 11   -115.819963718  0.134378E-08       0.066     1        0.00      0.06      0.00    0.4375E-05  0.1124E-05  0.6714E-05
| 12   -115.819963718  0.160753E-09       0.066     2        0.00      0.06      0.00    0.8426E-06  0.2466E-06  0.1438E-05
| ------------------------------------------------------------------------------------------------------------------------
| REACH CONVERGENCE AFTER  12 CYCLES
| MAX ERROR = 0.842647E-06   RMS CHANGE = 0.246593E-06   MAX CHANGE = 0.143756E-05
| -----------------------------------------------
 ELECTRONIC ENERGY    =  -174.694141161
 CORE_CORE REPULSION  =    58.874177443
 TOTAL ENERGY         =  -115.819963718

 @ End Energy calculation


 ANALYTICAL GRADIENT: 
------------------------
 VARIBLES    NEW_GRAD
------------------------
    1X    -0.0000000008
    1Y    -0.0000000017
    1Z    -0.0000000026
    2X    -0.0000000001
    2Y     0.0273933207
    2Z    -0.0000000071
    3X    -0.0000000105
    3Y    -0.0273932811
    3Z     0.0000000006
    4X     0.0066256470
    4Y     0.0003599305
    4Z    -0.0000000447
    5X    -0.0066256228
    5Y     0.0003599537
    5Z     0.0000000366
    6X     0.0000000222
    6Y    -0.0003599527
    6Z     0.0066256168
    7X    -0.0000000349
    7Y    -0.0003599694
    7Z    -0.0066255997
------------------------
 OPTIMIZATION STATISTICS:
 MAXIMUM GRADIENT ELEMENT=     0.3490709913E-01 (REQUEST=  0.10000E-02 )
 GRADIENT NORM           =     0.1084904748E-01 (REQUEST=  0.66667E-03 )

 @ Finish Optimization for This Step

 @ Optimize for New Step


============  GEOMETRY FOR OPTIMIZATION STEP   2  ============

GEOMETRY INPUT
ELEMENT      X              Y              Z
  C           0.000000      -0.000000      -0.000000
  C           0.000000       1.313152      -0.000000
  C           0.000000      -1.313152       0.000000
  H           0.932319      -1.855944       0.000000
  H          -0.932319      -1.855944      -0.000000
  H          -0.000000       1.855944       0.932319
  H          -0.000000       1.855944      -0.932319

 @ Begin Energy Calculation

                                         SCF ENERGY
| ------------------------------------------------------------------------------------------------------------------------
| NCYC       ENERGY         DELTA_E      SCF_TIME  DII_CYC   DII_TIME   O_TIME  DIAG_TIME    MAX_ERR    RMS_CHG    MAX_CHG
| ------------------------------------------------------------------------------------------------------------------------
|  1   -115.834336367      ------         0.115     1        0.00      0.11      0.00    0.1778E-01  0.1186E-02  0.1146E-01
|  2   -115.820667575  -.136688E-01       0.096     2        0.00      0.09      0.00    0.2520E-02  0.3407E-03  0.2235E-02
|  3   -115.820678518  0.109427E-04       0.096     3        0.00      0.09      0.00    0.9853E-03  0.8079E-04  0.7798E-03
|  4   -115.820680844  0.232588E-05       0.096     4        0.00      0.09      0.00    0.1257E-03  0.1377E-04  0.1147E-03
|  5   -115.820680903  0.592854E-07       0.096     5        0.00      0.09      0.00    0.6677E-04  0.8268E-05  0.6632E-04
|  6   -115.820680918  0.146014E-07       0.069     6        0.00      0.07      0.00    0.1521E-04  0.5039E-05  0.3173E-04
|  7   -115.820680920  0.172626E-08       0.067     7        0.00      0.07      0.00    0.1810E-05  0.4879E-06  0.4218E-05
| ------------------------------------------------------------------------------------------------------------------------
| REACH CONVERGENCE AFTER   7 CYCLES
| MAX ERROR = 0.180974E-05   RMS CHANGE = 0.487893E-06   MAX CHANGE = 0.421840E-05
| -----------------------------------------------
 ELECTRONIC ENERGY    =  -174.925930600
 CORE_CORE REPULSION  =    59.105249681
 TOTAL ENERGY         =  -115.820680920

 @ End Energy calculation


 ANALYTICAL GRADIENT: 
------------------------
 VARIBLES    NEW_GRAD
------------------------
    1X    -0.0000000086
    1Y     0.0000000069
    1Z    -0.0000000104
    2X     0.0000000068
    2Y     0.0190563363
    2Z     0.0000000025
    3X     0.0000000094
    3Y    -0.0190563440
    3Z     0.0000000103
    4X     0.0054398729
    4Y     0.0006295228
    4Z    -0.0000000047
    5X    -0.0054398798
    5Y     0.0006295194
    5Z    -0.0000000002
    6X     0.0000000019
    6Y    -0.0006295212
    6Z     0.0054398794
    7X    -0.0000000027
    7Y    -0.0006295202
    7Z    -0.0054398769
------------------------
 OPTIMIZATION STATISTICS:
 ENERGY CHANGE           =     0.7172014178E-03 (REQUEST=  0.10000E-05 )
 MAXIMUM GEOMETRY CHANGE =     0.1661523605E-01 (REQUEST=  0.40000E-02 )
 GEOMETRY CHANGE RMS     =     0.5163977795E-02 (REQUEST=  0.26667E-02 )
 MAXIMUM GRADIENT ELEMENT=     0.2597585109E-01 (REQUEST=  0.10000E-02 )
 GRADIENT NORM           =     0.7699995097E-02 (REQUEST=  0.66667E-03 )

 @ Finish Optimization for This Step

 @ Optimize for New Step


============  GEOMETRY FOR OPTIMIZATION STEP   3  ============

GEOMETRY INPUT
ELEMENT      X              Y              Z
  C          -0.000000      -0.000000       0.000000
  C          -0.000000       1.298212       0.000000
  C          -0.000000      -1.298212      -0.000000
  H           0.918876      -1.853988      -0.000000
  H          -0.918876      -1.853988      -0.000000
  H          -0.000000       1.853988       0.918876
  H           0.000000       1.853988      -0.918876

 @ Begin Energy Calculation

                                         SCF ENERGY
| ------------------------------------------------------------------------------------------------------------------------
| NCYC       ENERGY         DELTA_E      SCF_TIME  DII_CYC   DII_TIME   O_TIME  DIAG_TIME    MAX_ERR    RMS_CHG    MAX_CHG
| ------------------------------------------------------------------------------------------------------------------------
|  1   -115.855427369      ------         0.071     1        0.00      0.07      0.00    0.4075E-01  0.3129E-02  0.2883E-01
|  2   -115.821416306  -.340111E-01       0.068     2        0.00      0.07      0.00    0.6059E-02  0.7629E-03  0.5380E-02
|  3   -115.821480599  0.642932E-04       0.068     3        0.00      0.07      0.00    0.2215E-02  0.1929E-03  0.1818E-02
|  4   -115.821492966  0.123667E-04       0.068     4        0.00      0.07      0.00    0.3217E-03  0.3426E-04  0.2990E-03
|  5   -115.821493336  0.370371E-06       0.068     5        0.00      0.07      0.00    0.1609E-03  0.2202E-04  0.1719E-03
|  6   -115.821493434  0.972891E-07       0.068     6        0.00      0.07      0.00    0.3868E-04  0.1320E-04  0.8474E-04
|  7   -115.821493446  0.118414E-07       0.068     7        0.00      0.07      0.00    0.4049E-05  0.1081E-05  0.8167E-05
|  8   -115.821493446  0.148702E-09       0.068     8        0.00      0.07      0.00    0.4048E-05  0.1507E-06  0.9478E-06
| ------------------------------------------------------------------------------------------------------------------------
| REACH CONVERGENCE AFTER   8 CYCLES
| MAX ERROR = 0.404848E-05   RMS CHANGE = 0.150650E-06   MAX CHANGE = 0.947827E-06
| -----------------------------------------------
 ELECTRONIC ENERGY    =  -175.454183267
 CORE_CORE REPULSION  =    59.632689821
 TOTAL ENERGY         =  -115.821493446

 @ End Energy calculation


 ANALYTICAL GRADIENT: 
------------------------
 VARIBLES    NEW_GRAD
------------------------
    1X    -0.0000000330
    1Y     0.0000003709
    1Z    -0.0000003711
    2X     0.0000000190
    2Y    -0.0011709086
    2Z     0.0000003116
    3X    -0.0000001143
    3Y     0.0011705871
    3Z     0.0000002329
    4X     0.0006488157
    4Y     0.0006287210
    4Z    -0.0000001865
    5X    -0.0006486691
    5Y     0.0006288124
    5Z     0.0000001910
    6X     0.0000000951
    6Y    -0.0006287773
    6Z     0.0006486442
    7X    -0.0000001134
    7Y    -0.0006288055
    7Z    -0.0006488222
------------------------
 OPTIMIZATION STATISTICS:
 ENERGY CHANGE           =     0.8125261418E-03 (REQUEST=  0.10000E-05 )
 MAXIMUM GEOMETRY CHANGE =     0.5061116218E-01 (REQUEST=  0.40000E-02 )
 GEOMETRY CHANGE RMS     =     0.1429125370E-01 (REQUEST=  0.26667E-02 )
 MAXIMUM GRADIENT ELEMENT=     0.4859691295E-02 (REQUEST=  0.10000E-02 )
 GRADIENT NORM           =     0.1280128065E-02 (REQUEST=  0.66667E-03 )

 @ Finish Optimization for This Step

 @ Optimize for New Step


============  GEOMETRY FOR OPTIMIZATION STEP   4  ============

GEOMETRY INPUT
ELEMENT      X              Y              Z
  C           0.000000       0.000000       0.000000
  C           0.000000       1.299310      -0.000000
  C           0.000000      -1.299310      -0.000000
  H           0.916788      -1.857831       0.000000
  H          -0.916788      -1.857831       0.000000
  H           0.000000       1.857832       0.916788
  H          -0.000000       1.857832      -0.916788

 @ Begin Energy Calculation

                                         SCF ENERGY
| ------------------------------------------------------------------------------------------------------------------------
| NCYC       ENERGY         DELTA_E      SCF_TIME  DII_CYC   DII_TIME   O_TIME  DIAG_TIME    MAX_ERR    RMS_CHG    MAX_CHG
| ------------------------------------------------------------------------------------------------------------------------
|  1   -115.820458728      ------         0.071     1        0.00      0.07      0.00    0.2987E-02  0.1658E-03  0.1464E-02
|  2   -115.821514568  0.105584E-02       0.068     2        0.00      0.07      0.00    0.1379E-03  0.5208E-04  0.2892E-03
|  3   -115.821514658  0.896143E-07       0.068     3        0.00      0.07      0.00    0.9672E-04  0.6702E-05  0.7329E-04
|  4   -115.821514675  0.172297E-07       0.068     4        0.00      0.07      0.00    0.1786E-04  0.3235E-05  0.2406E-04
|  5   -115.821514676  0.133122E-08       0.068     5        0.00      0.07      0.00    0.4962E-05  0.7172E-06  0.6435E-05
| ------------------------------------------------------------------------------------------------------------------------
| REACH CONVERGENCE AFTER   5 CYCLES
| MAX ERROR = 0.496189E-05   RMS CHANGE = 0.717249E-06   MAX CHANGE = 0.643530E-05
| -----------------------------------------------
 ELECTRONIC ENERGY    =  -175.415272600
 CORE_CORE REPULSION  =    59.593757924
 TOTAL ENERGY         =  -115.821514676

 @ End Energy calculation


 ANALYTICAL GRADIENT: 
------------------------
 VARIBLES    NEW_GRAD
------------------------
    1X     0.0000000082
    1Y    -0.0000004992
    1Z     0.0000000485
    2X    -0.0000000040
    2Y     0.0000069302
    2Z    -0.0000002221
    3X     0.0000000661
    3Y    -0.0000064628
    3Z    -0.0000000289
    4X     0.0000560798
    4Y     0.0002516092
    4Z    -0.0000000013
    5X    -0.0000561525
    5Y     0.0002515559
    5Z     0.0000000119
    6X     0.0000000124
    6Y    -0.0002515222
    6Z     0.0000561940
    7X    -0.0000000101
    7Y    -0.0002516113
    7Z    -0.0000560021
------------------------
 OPTIMIZATION STATISTICS:
 ENERGY CHANGE           =     0.2123040987E-04 (REQUEST=  0.10000E-05 )
 MAXIMUM GEOMETRY CHANGE =     0.6672856268E-02 (REQUEST=  0.40000E-02 )
 GEOMETRY CHANGE RMS     =     0.1849313491E-02 (REQUEST=  0.26667E-02 )
 MAXIMUM GRADIENT ELEMENT=     0.1221120038E-02 (REQUEST=  0.10000E-02 )
 GRADIENT NORM           =     0.3163152271E-03 (REQUEST=  0.66667E-03 )

 @ Finish Optimization for This Step

 @ Optimize for New Step


============  GEOMETRY FOR OPTIMIZATION STEP   5  ============

GEOMETRY INPUT
ELEMENT      X              Y              Z
  C           0.000000       0.000000       0.000000
  C           0.000000       1.299575       0.000000
  C           0.000000      -1.299575      -0.000000
  H           0.916135      -1.859257       0.000000
  H          -0.916135      -1.859257       0.000000
  H           0.000000       1.859257       0.916136
  H           0.000000       1.859257      -0.916135

 @ Begin Energy Calculation

                                         SCF ENERGY
| ------------------------------------------------------------------------------------------------------------------------
| NCYC       ENERGY         DELTA_E      SCF_TIME  DII_CYC   DII_TIME   O_TIME  DIAG_TIME    MAX_ERR    RMS_CHG    MAX_CHG
| ------------------------------------------------------------------------------------------------------------------------
|  1   -115.821063686      ------         0.071     1        0.00      0.07      0.00    0.7109E-03  0.4428E-04  0.2876E-03
|  2   -115.821516212  0.452526E-03       0.068     2        0.00      0.07      0.00    0.2415E-04  0.1315E-04  0.6879E-04
|  3   -115.821516218  0.657229E-08       0.068     3        0.00      0.07      0.00    0.8454E-05  0.2314E-05  0.1231E-04
|  4   -115.821516219  0.626038E-09       0.068     4        0.00      0.07      0.00    0.4452E-05  0.8808E-06  0.5362E-05
| ------------------------------------------------------------------------------------------------------------------------
| REACH CONVERGENCE AFTER   4 CYCLES
| MAX ERROR = 0.445176E-05   RMS CHANGE = 0.880773E-06   MAX CHANGE = 0.536174E-05
| -----------------------------------------------
 ELECTRONIC ENERGY    =  -175.402734424
 CORE_CORE REPULSION  =    59.581218205
 TOTAL ENERGY         =  -115.821516219

 @ End Energy calculation


 ANALYTICAL GRADIENT: 
------------------------
 VARIBLES    NEW_GRAD
------------------------
    1X     0.0000000059
    1Y     0.0000004264
    1Z     0.0000000164
    2X    -0.0000000019
    2Y     0.0000987239
    2Z     0.0000000785
    3X    -0.0000000072
    3Y    -0.0000990941
    3Z    -0.0000000147
    4X    -0.0000508100
    4Y     0.0000417562
    4Z     0.0000000046
    5X     0.0000508128
    5Y     0.0000417538
    5Z     0.0000000034
    6X     0.0000000024
    6Y    -0.0000418150
    6Z    -0.0000508592
    7X    -0.0000000020
    7Y    -0.0000417511
    7Z     0.0000507710
------------------------
 OPTIMIZATION STATISTICS:
 ENERGY CHANGE           =     0.1542962593E-05 (REQUEST=  0.10000E-05 )
 MAXIMUM GEOMETRY CHANGE =     0.2379526919E-02 (REQUEST=  0.40000E-02 )
 GEOMETRY CHANGE RMS     =     0.6671354950E-03 (REQUEST=  0.26667E-02 )
 MAXIMUM GRADIENT ELEMENT=     0.1208406913E-03 (REQUEST=  0.10000E-02 )
 GRADIENT NORM           =     0.3542449548E-04 (REQUEST=  0.66667E-03 )

 @ Finish Optimization for This Step

 @ Optimize for New Step


============  GEOMETRY FOR OPTIMIZATION STEP   6  ============

GEOMETRY INPUT
ELEMENT      X              Y              Z
  C           0.000000       0.000000       0.000000
  C           0.000000       1.299566       0.000000
  C           0.000000      -1.299566      -0.000000
  H           0.916163      -1.859336       0.000000
  H          -0.916163      -1.859336      -0.000000
  H           0.000000       1.859336       0.916163
  H           0.000000       1.859336      -0.916163

 @ Begin Energy Calculation

                                         SCF ENERGY
| ------------------------------------------------------------------------------------------------------------------------
| NCYC       ENERGY         DELTA_E      SCF_TIME  DII_CYC   DII_TIME   O_TIME  DIAG_TIME    MAX_ERR    RMS_CHG    MAX_CHG
| ------------------------------------------------------------------------------------------------------------------------
|  1   -115.821421815      ------         0.071     1        0.00      0.07      0.00    0.1065E-03  0.4623E-05  0.4451E-04
|  2   -115.821516242  0.944268E-04       0.068     2        0.00      0.07      0.00    0.1204E-04  0.1499E-05  0.1162E-04
|  3   -115.821516242  0.482544E-09       0.068     3        0.00      0.07      0.00    0.6095E-05  0.6555E-06  0.5645E-05
|  4   -115.821516243  0.113431E-09       0.068     4        0.00      0.07      0.00    0.1161E-05  0.2466E-06  0.1224E-05
| ------------------------------------------------------------------------------------------------------------------------
| REACH CONVERGENCE AFTER   4 CYCLES
| MAX ERROR = 0.116095E-05   RMS CHANGE = 0.246634E-06   MAX CHANGE = 0.122442E-05
| -----------------------------------------------
 ELECTRONIC ENERGY    =  -175.401858736
 CORE_CORE REPULSION  =    59.580342493
 TOTAL ENERGY         =  -115.821516243

 @ End Energy calculation


 ANALYTICAL GRADIENT: 
------------------------
 VARIBLES    NEW_GRAD
------------------------
    1X     0.0000000037
    1Y    -0.0000002928
    1Z     0.0000000109
    2X    -0.0000000018
    2Y     0.0000225288
    2Z     0.0000000092
    3X    -0.0000000042
    3Y    -0.0000222745
    3Z    -0.0000000131
    4X    -0.0000109190
    4Y     0.0000071396
    4Z     0.0000000050
    5X     0.0000109206
    5Y     0.0000071382
    5Z     0.0000000025
    6X     0.0000000017
    6Y    -0.0000071261
    6Z    -0.0000109228
    7X    -0.0000000011
    7Y    -0.0000071131
    7Z     0.0000109082
------------------------
 OPTIMIZATION STATISTICS:
 ENERGY CHANGE           =     0.2351872297E-07 (REQUEST=  0.10000E-05 )
 MAXIMUM GEOMETRY CHANGE =     0.2501128343E-03 (REQUEST=  0.40000E-02 )
 GEOMETRY CHANGE RMS     =     0.7481878412E-04 (REQUEST=  0.26667E-02 )
 MAXIMUM GRADIENT ELEMENT=     0.2604792853E-04 (REQUEST=  0.10000E-02 )
 GRADIENT NORM           =     0.7369575541E-05 (REQUEST=  0.66667E-03 )

 GEOMETRY OPTIMIZED AFTER    6 CYCLES

 @ Finish Optimization for This Step 

================ OPTIMIZED GEOMETRY INFORMATION ==============

 OPTIMIZED GEOMETRY IN CARTESIAN
 ELEMENT      X              Y              Z
  C           0.000000       0.000000       0.000000
  C           0.000000       1.299566       0.000000
  C           0.000000      -1.299566      -0.000000
  H           0.916163      -1.859336       0.000000
  H          -0.916163      -1.859336      -0.000000
  H           0.000000       1.859336       0.916163
  H           0.000000       1.859336      -0.916163

 FORCE
 ELEMENT      X              Y              Z
  C          -0.000000       0.000000      -0.000000
  C           0.000000      -0.000012      -0.000000
  C           0.000000       0.000012       0.000000
  H           0.000006      -0.000004      -0.000000
  H          -0.000006      -0.000004      -0.000000
  H          -0.000000       0.000004       0.000006
  H           0.000000       0.000004      -0.000006

 MINIMIZED ENERGY=-115.8215162426
===============================================================

 @ Finish Optimization Job


DL-FIND Report:
===============
Optimisation algorithm: L-BFGS
Number of steps in L-BFGS memory ...............        100

Step length: simple scaled
Maximum step length ............................  1.000E-01
Scaling step by ................................  1.000E+00

Coordinate system: Delocalised internal coordinates (DLC)

Number of atoms ................................          7
Number of input geometries .....................          1
Variables to be optimised ......................         15
No restart information is written
This run has not been restarted.
Number of energy evaluations on this processor .          6
Number of steps ................................          6
Number of accepted steps / line searches .......          6


 @ Output Timing Information

------------- TIMING ---------------
| INITIAL GUESS TIME  =     0.276553000(  5.17%)
| TOTAL SCF TIME      =     2.907751000( 54.36%)
|       TOTAL OP TIME      =     2.832727000( 52.96%)
|             TOTAL 1e TIME      =     0.025420000(  0.48%)
|             TOTAL 2e TIME      =     2.781416000( 52.00%)
|       TOTAL DII TIME      =     0.074797000(  1.40%)
|             TOTAL DIAG TIME    =     0.005934000(  0.11%)
| TOTAL GRADIENT TIME      =     2.150200000( 40.20%)
|       TOTAL 1e GRADIENT TIME      =     0.105429000( 2.28%)
|       TOTAL 2e GRADIENT TIME      =     2.027973000(37.92%)
| TOTAL TIME          =     5.348634000
------------------------------------
| Job cpu time:  0 days  0 hours  0 minutes  5.3 seconds.

 @ Finish Output Timing Information

| Normal Termination. Task Finished on: Sat Mar 12 17:40:28 2022
