  *********************************************************************************************************
  **                                                                                                     **
  **           888888888888                                                                              **
  **         8888888888888888                                                                            **
  **      888888888888888888                                                                             **
  **     888888888888888888                                                                              **
  **    888888888888888                                                                                  **
  **   88888888888888888888                               88888                       8888:              **
  **   8888888888888888888888Z                            88888                       8888:              **
  **   888888888888888888888888?                          88888                       8888:              **
  **   8888888888888      8888888                                        888888       8888:              **
  **    88888888888         888888     8888:     88888    88888        888888888I     8888:    888888    **
  **    8888888888           88888:    8888:     88888    88888      $888888888888    8888:   888888     **
  **    I8Z 88888             88888    8888:     88888    88888    .888888     8888   8888: 888888       **
  **    .8Z 88888             88888    8888:     88888    88888    $88888             8888:88888         **
  **     8I 88888      .=88. .88888    8888:     88888    88888    88888              8888888888         **
  **    :8  88888      888888$8888$    8888:     88888    88888    8888O              88888888888        **
  **   ,7   +88888.     8888888888.    8888:     88888    88888    888888             88888O888888       **
  **         $888888:.   .8888888      88888....888888    88888     888888     8888   8888:  888888      **
  **          I8888888888888888888     888888888888888    88888     O888888888888O    8888:   888888     **
  **            O888888888888888888     88888888888888    88888       88888888888$    8888:    888888    **
  **               8888888Z     888      .8888I  88888    88888         8888888       8888:     888888   **
  **                                                                                                     **
  **                                                                                                     **
  **                                         Copyright (c) 2022                                          **
  **                          Regents of the University of California San Diego                          **
  **                                    & Michigan State University                                      **
  **                                        All Rights Reserved.                                         **
  **                                                                                                     **
  **             This software is subject to the terms of the Mozilla Public License, v. 2.0.            **
  **                                                                                                     **
  *********************************************************************************************************
                                                                                                           
  Cite this work as:                                                                                       
  Manathunga, M.; Shajan, A.; Giese, T. J.; Cruzeiro, V.W.D.; Smith, J.; Miao, Y.; He, X.; Ayers, K.;      
  Brothers, E.; Goetz, A.W.; Merz, K.M. QUICK-22.03                                                        
  University of California San Diego, CA and Michigan State University, East Lansing, MI, 2022             
                                                                                                           
  If you have any comments or queries, please send us an email for technical support:                      
  quick.merzlab@gmail.com                                                                                  
                                                                                                           
| TASK STARTS ON: Tue Mar 15 14:36:46 2022
| INPUT FILE :    opt_nh4_pbe_def2svp.in
| OUTPUT FILE:    opt_nh4_pbe_def2svp.out
| DATA FILE  :    opt_nh4_pbe_def2svp.dat
| BASIS SET PATH: /home/madu/saved-test-update/install/basis

|------------ GPU INFORMATION ---------------
| CUDA ENABLED DEVICE         :        3
| CUDA DEVICE IN USE          :        0
| CUDA DEVICE NAME            : NVIDIA TITAN V
| CUDA DEVICE PM              :       80
| CUDA DEVICE CORE FREQ(GHZ)  :     1.46
| CUDA DEVICE MEMORY SIZE (MB):    12066
| SUPPORTING CUDA VERSION     :      7.0
|--------------------------------------------

 @ Read Job And Atom

  KEYWORD=DFT LIBXC=HYB_GGA_XC_PBEH BASIS=DEF2-SVP CUTOFF=1.0E-9 DENSERMS=1.0E-6 OPTIMIZE=7 DIPOLE CHARGE=+1 LOPT                                                                                                 
 ============== JOB CARD =============
 METHOD = DENSITY FUNCTIONAL THEORY
 USING LIBXC VERSION: 4.3.4
 FUNCTIONAL INFORMATION:
 NAME = PBEH (PBE0) FAMILY = HYBRID GGA KIND = EXCHANGE CORRELATION
 DIRECT SCF 
 SAD INITAL GUESS 
 USE DIIS SCF
 PRINT ENERGY EVERY CYCLE
 READ SAD GUESS FROM FILE
 DIPOLE
 STANDARD GRID = SG1
 GEOMETRY OPTIMIZATION ANALYTICAL GRADIENT
 REQUEST CRITERIA FOR GEOMETRY CONVERGENCE: 
      MAX ALLOWED GEO CHANGE  =  0.189E+00
      MAX GEOMETRY CHANGE     =  0.180E-02
      GEOMETRY CHANGE RMS     =  0.120E-02
      MAX GRADIENT CHANGE     =  0.100E-02
      GRADIENT NORMALIZATION  =  0.300E-03
 GRADIENT CALCULATION
 MAX SCF CYCLES =    200
 MAX DIIS CYCLES =   10
 DELTA DENSITY START CYCLE = 1000
 COMPUTATIONAL CUTOFF: 
      TWO-e INTEGRAL   =  0.100E-08
      BASIS SET PRIME  =  0.100E-19
      MATRIX ELEMENTS  =  0.100E-09
      BASIS FUNCTION   =  0.100E-09
      GRADIENT CUTOFF  =  0.100E-08
 DENSITY MATRIX MAXIMUM RMS FOR CONVERGENCE  =  0.100E-05
 BASIS SET = DEF2-SVP,  TYPE = CARTESIAN
| BASIS FILE = /home/madu/saved-test-update/install/basis/DEF2-SVP.BAS

 @ Finish reading job


 @ Begin SAD initial guess

 For Atom Kind =    1
 ELEMENT = N 
 BASIS FUNCTIONS =   15
 For Atom Kind =    2
 ELEMENT = H 
 BASIS FUNCTIONS =    5

 @ Finish SAD initial guess


 @ Begin Reading Molecular Information


 =========== Molecule Input ==========
 TOTAL MOLECULAR CHARGE  =    1    MULTIPLICITY                =    1
 TOTAL ATOM NUMBER       =    5    NUMBER OF ATOM TYPES        =    2
 NUMBER OF HYDROGEN ATOM =    4    NUMBER OF NON-HYDROGEN ATOM =    1
 NUMBER OF ELECTRONS     =   10

 -- INPUT GEOMETRY -- :
    N           0.0000      -0.0001      -0.0000
    H           0.3535      -1.0008       0.0001
    H           0.3542       0.5006       0.8679
    H           0.3543       0.5008      -0.8681
    H          -1.0622      -0.0004       0.0001

 -- DISTANCE MATRIX -- :
              1           2           3           4           5
      1     0.00000
      2     2.00557     0.00000
      3     2.00828     3.27707     0.00000
      4     2.00883     3.27778     3.28056     0.00000
      5     2.00727     3.27583     3.27870     3.27934     0.00000

============== BASIS INFOS ==============
 BASIS FUNCTIONS =   35
 NSHELL =   18 NPRIM  =   53
 JSHELL =   18 JBASIS =   32


 @ End Reading Molecular Information 


 @ Begin Optimization Job


 @ Optimize for New Step


============  GEOMETRY FOR OPTIMIZATION STEP   1 OUT OF    7  ============

GEOMETRY INPUT
ELEMENT      X              Y              Z
  N           0.000040      -0.000120      -0.000000
  H           0.353540      -1.000820       0.000100
  H           0.354240       0.500580       0.867900
  H           0.354340       0.500780      -0.868100
  H          -1.062160      -0.000420       0.000100

 @ Begin XC Quadrature Formation

 OCTAGO: OCTree Algorithm for Grid Operations 
   PRUNING CUTOFF       = 0.100E-09
   INITIAL GRID POINTS  =       18824
|   FINAL GRID POINTS    =       12791
|   SIGNIFICANT NUMBER OF BASIS FUNCTIONS     =        6798
|   SIGNIFICANT NUMBER OF PRIMITIVE FUNCTIONS =        8087

 @ End XC Quadrature Formation


 @ Begin Energy Calculation

                                         SCF ENERGY
| ------------------------------------------------------------------------------------------------------------------------
| NCYC       ENERGY         DELTA_E      SCF_TIME  DII_CYC   DII_TIME   O_TIME  DIAG_TIME    MAX_ERR    RMS_CHG    MAX_CHG
| ------------------------------------------------------------------------------------------------------------------------
|  1    -57.075620973      ------         0.037     1        0.00      0.03      0.00    0.2315E+01  0.4775E-01  0.3543E+00
|  2    -56.780070511  -.295550E+00       0.013     2        0.00      0.01      0.00    0.5312E-01  0.6313E-02  0.7920E-01
|  3    -56.782741009  0.267050E-02       0.013     3        0.00      0.01      0.00    0.5549E-01  0.2902E-02  0.4263E-01
|  4    -56.786739281  0.399827E-02       0.013     4        0.00      0.01      0.00    0.1193E-01  0.5116E-03  0.7346E-02
|  5    -56.786933258  0.193977E-03       0.013     5        0.00      0.01      0.00    0.3069E-03  0.1474E-04  0.2224E-03
|  6    -56.786933388  0.129768E-06       0.012     6        0.00      0.01      0.00    0.5904E-05  0.3432E-06  0.4335E-05
| ------------------------------------------------------------------------------------------------------------------------
| REACH CONVERGENCE AFTER   6 CYCLES
| MAX ERROR = 0.590426E-05   RMS CHANGE = 0.343211E-06   MAX CHANGE = 0.433450E-05
| -----------------------------------------------
 ALPHA ELECTRON DENSITY    =     4.9999922695
 BETA ELECTRON DENSITY     =     4.9999922695
 ELECTRONIC ENERGY    =    -72.564989127
 CORE_CORE REPULSION  =     15.778055739
 TOTAL ENERGY         =    -56.786933388

 @ End Energy calculation


 ANALYTICAL GRADIENT: 
----------------------------------------------------------------------------
 VARIBLES    OLD_X            OLD_GRAD        NEW_GRAD          NEW_X
----------------------------------------------------------------------------
    1X     0.0000400000     0.0000000000    -0.0000047102     0.0000917981
    1Y    -0.0001200000     0.0000000000    -0.0007283029     0.0078891973
    1Z    -0.0000000000     0.0000000000     0.0001219312    -0.0013408862
    2X     0.3535400270     0.0000000000     0.0077385268     0.2684389154
    2Y    -1.0008200764     0.0000000000    -0.0221043613    -0.9008200764
    2Z     0.0001000000     0.0000000000     0.0000163762    -0.0000800901
    3X     0.3542400271     0.0000000000     0.0080841769     0.2653377770
    3Y     0.5005800382     0.0000000000     0.0113973937     0.4005800382
    3Z     0.8679000663     0.0000000000     0.0198968523     0.7679000663
    4X     0.3543400271     0.0000000000     0.0081543715     0.2646658426
    4Y     0.5007800382     0.0000000000     0.0115031466     0.4007800382
    4Z    -0.8681000663     0.0000000000    -0.0200485449    -0.7681000663
    5X    -1.0621600811     0.0000000000    -0.0239704643    -0.9621600811
    5Y    -0.0004200000     0.0000000000    -0.0000587772     0.0002263765
    5Z     0.0001000000     0.0000000000     0.0000132111    -0.0000452830
----------------------------------------------------------------------------
 OPTIMZATION STATISTICS:
 MAXIMUM GRADIENT ELEMENT =     0.2397046427E-01 (REQUEST =     0.1000000000E-02 )

 @ Finish Optimization for This Step


 @ Optimize for New Step


============  GEOMETRY FOR OPTIMIZATION STEP   2 OUT OF    7  ============

GEOMETRY INPUT
ELEMENT      X              Y              Z
  N           0.000092       0.007889      -0.001341
  H           0.268439      -0.900820      -0.000080
  H           0.265338       0.400580       0.767900
  H           0.264666       0.400780      -0.768100
  H          -0.962160       0.000226      -0.000045

 @ Begin XC Quadrature Formation

 OCTAGO: OCTree Algorithm for Grid Operations 
   PRUNING CUTOFF       = 0.100E-09
   INITIAL GRID POINTS  =       18824
|   FINAL GRID POINTS    =       12535
|   SIGNIFICANT NUMBER OF BASIS FUNCTIONS     =        7204
|   SIGNIFICANT NUMBER OF PRIMITIVE FUNCTIONS =        8738

 @ End XC Quadrature Formation


 @ Begin Energy Calculation

                                         SCF ENERGY
| ------------------------------------------------------------------------------------------------------------------------
| NCYC       ENERGY         DELTA_E      SCF_TIME  DII_CYC   DII_TIME   O_TIME  DIAG_TIME    MAX_ERR    RMS_CHG    MAX_CHG
| ------------------------------------------------------------------------------------------------------------------------
|  1    -57.077915041      ------         0.014     1        0.00      0.01      0.00    0.5250E+00  0.9756E-02  0.1302E+00
|  2    -56.735841731  -.342073E+00       0.011     2        0.00      0.01      0.00    0.8037E-01  0.6413E-02  0.7843E-01
|  3    -56.739222775  0.338104E-02       0.011     3        0.00      0.01      0.00    0.6378E-01  0.2748E-02  0.4318E-01
|  4    -56.744476896  0.525412E-02       0.011     4        0.00      0.01      0.00    0.3397E-02  0.1424E-03  0.2183E-02
|  5    -56.744492180  0.152841E-04       0.011     5        0.00      0.01      0.00    0.5118E-04  0.6194E-05  0.6988E-04
| -------------- 2E-INT CUTOFF CHANGE TO 0.1000E-08 ------------
|  6    -56.744492352  0.171767E-06       0.011     6        0.00      0.01      0.00    0.1363E-04  0.8199E-06  0.1060E-04
| ------------------------------------------------------------------------------------------------------------------------
| REACH CONVERGENCE AFTER   6 CYCLES
| MAX ERROR = 0.136331E-04   RMS CHANGE = 0.819935E-06   MAX CHANGE = 0.106034E-04
| -----------------------------------------------
 ALPHA ELECTRON DENSITY    =     4.9999924109
 BETA ELECTRON DENSITY     =     4.9999924109
 ELECTRONIC ENERGY    =    -74.809778273
 CORE_CORE REPULSION  =     18.065285921
 TOTAL ENERGY         =    -56.744492352

 @ End Energy calculation


 ANALYTICAL GRADIENT: 
----------------------------------------------------------------------------
 VARIBLES    OLD_X            OLD_GRAD        NEW_GRAD          NEW_X
----------------------------------------------------------------------------
    1X     0.0000917981    -0.0000047102     0.0656084829     0.0000583857
    1Y     0.0078891973    -0.0007283029     0.0657581373     0.0027228597
    1Z    -0.0013408862     0.0001219312    -0.0034983620    -0.0004759467
    2X     0.2684389154     0.0077385268    -0.0291569132     0.3233334390
    2Y    -0.9008200764    -0.0221043613     0.0850268798    -0.9145378481
    2Z    -0.0000800901     0.0000163762     0.0001152238     0.0000360771
    3X     0.2653377770     0.0080841769    -0.0536200197     0.3226842273
    3Y     0.4005800382     0.0113973937    -0.0743844733     0.4560914185
    3Z     0.7679000663     0.0198968523    -0.1277651986     0.7902346351
    4X     0.2646658426     0.0081543715    -0.0547476812     0.3225102296
    4Y     0.4007800382     0.0115031466    -0.0760938437     0.4558786224
    4Z    -0.7681000663    -0.0200485449     0.1311074771    -0.7898425175
    5X    -0.9621600811    -0.0239704643     0.0718369060    -0.9685937010
    5Y     0.0002263765    -0.0000587772    -0.0004464660    -0.0001905691
    5Z    -0.0000452830     0.0000132111     0.0000435781     0.0000484319
----------------------------------------------------------------------------
 OPTIMIZATION STATISTICS:
 ENERGY CHANGE           =     0.4244103630E-01 (REQUEST=  0.10000E-05 )
 MAXIMUM GEOMETRY CHANGE =     0.5784438709E-01 (REQUEST=  0.18000E-02 )
 GEOMETRY CHANGE RMS     =     0.3365921052E-01 (REQUEST=  0.12000E-02 )
 GRADIENT NORM           =     0.6956538899E-01 (REQUEST=  0.30000E-03 )

 @ Finish Optimization for This Step


 @ Optimize for New Step


============  GEOMETRY FOR OPTIMIZATION STEP   3 OUT OF    7  ============

GEOMETRY INPUT
ELEMENT      X              Y              Z
  N           0.000058       0.002723      -0.000476
  H           0.323333      -0.914538       0.000036
  H           0.322684       0.456091       0.790235
  H           0.322510       0.455879      -0.789843
  H          -0.968594      -0.000191       0.000048

 @ Begin XC Quadrature Formation

 OCTAGO: OCTree Algorithm for Grid Operations 
   PRUNING CUTOFF       = 0.100E-09
   INITIAL GRID POINTS  =       18824
|   FINAL GRID POINTS    =       12644
|   SIGNIFICANT NUMBER OF BASIS FUNCTIONS     =        6791
|   SIGNIFICANT NUMBER OF PRIMITIVE FUNCTIONS =        8154

 @ End XC Quadrature Formation


 @ Begin Energy Calculation

                                         SCF ENERGY
| ------------------------------------------------------------------------------------------------------------------------
| NCYC       ENERGY         DELTA_E      SCF_TIME  DII_CYC   DII_TIME   O_TIME  DIAG_TIME    MAX_ERR    RMS_CHG    MAX_CHG
| ------------------------------------------------------------------------------------------------------------------------
|  1    -56.663609188      ------         0.012     1        0.00      0.01      0.00    0.2002E+00  0.3886E-02  0.4269E-01
|  2    -56.775132437  0.111523E+00       0.011     2        0.00      0.01      0.00    0.3143E-01  0.2510E-02  0.3089E-01
|  3    -56.775403930  0.271493E-03       0.011     3        0.00      0.01      0.00    0.2728E-01  0.1154E-02  0.1774E-01
|  4    -56.776381204  0.977274E-03       0.011     4        0.00      0.01      0.00    0.1079E-02  0.4557E-04  0.7516E-03
|  5    -56.776382703  0.149862E-05       0.011     5        0.00      0.01      0.00    0.5320E-04  0.4006E-05  0.3506E-04
| -------------- 2E-INT CUTOFF CHANGE TO 0.1000E-08 ------------
|  6    -56.776382948  0.244657E-06       0.011     6        0.00      0.01      0.00    0.1391E-04  0.6872E-06  0.5255E-05
| ------------------------------------------------------------------------------------------------------------------------
| REACH CONVERGENCE AFTER   6 CYCLES
| MAX ERROR = 0.139113E-04   RMS CHANGE = 0.687163E-06   MAX CHANGE = 0.525538E-05
| -----------------------------------------------
 ALPHA ELECTRON DENSITY    =     4.9999975265
 BETA ELECTRON DENSITY     =     4.9999975265
 ELECTRONIC ENERGY    =    -74.084201923
 CORE_CORE REPULSION  =     17.307818976
 TOTAL ENERGY         =    -56.776382948

 @ End Energy calculation


 ANALYTICAL GRADIENT: 
----------------------------------------------------------------------------
 VARIBLES    OLD_X            OLD_GRAD        NEW_GRAD          NEW_X
----------------------------------------------------------------------------
    1X     0.0000583857     0.0656084829     0.0004643214     0.0000460085
    1Y     0.0027228597     0.0657581373     0.0073951739     0.0008090473
    1Z    -0.0004759467    -0.0034983620    -0.0013092017    -0.0001555395
    2X     0.3233334390    -0.0291569132    -0.0191498873     0.3436685059
    2Y    -0.9145378481     0.0850268798     0.0538940893    -0.9726230208
    2Z     0.0000360771     0.0001152238     0.0000332650     0.0000791100
    3X     0.3226842273    -0.0536200197    -0.0212447233     0.3439275831
    3Y     0.4560914185    -0.0743844733    -0.0302117488     0.4860411452
    3Z     0.7902346351    -0.1277651986    -0.0519951097     0.8425189823
    4X     0.3225102296    -0.0547476812    -0.0217262141     0.3439380406
    4Y     0.4558786224    -0.0760938437    -0.0308912499     0.4861062434
    4Z    -0.7898425175     0.1311074771     0.0532411711    -0.8425254781
    5X    -0.9685937010     0.0718369060     0.0616584293    -1.0315825627
    5Y    -0.0001905691    -0.0004464660    -0.0001710003    -0.0003450219
    5Z     0.0000484319     0.0000435781     0.0000301493     0.0000831475
----------------------------------------------------------------------------
 OPTIMIZATION STATISTICS:
 ENERGY CHANGE           =    -0.3189059574E-01 (REQUEST=  0.10000E-05 )
 MAXIMUM GEOMETRY CHANGE =     0.6298886171E-01 (REQUEST=  0.18000E-02 )
 GEOMETRY CHANGE RMS     =     0.3264870092E-01 (REQUEST=  0.12000E-02 )
 GRADIENT NORM           =     0.3210213063E-01 (REQUEST=  0.30000E-03 )

 @ Finish Optimization for This Step


 @ Optimize for New Step


============  GEOMETRY FOR OPTIMIZATION STEP   4 OUT OF    7  ============

GEOMETRY INPUT
ELEMENT      X              Y              Z
  N           0.000046       0.000809      -0.000156
  H           0.343669      -0.972623       0.000079
  H           0.343928       0.486041       0.842519
  H           0.343938       0.486106      -0.842525
  H          -1.031583      -0.000345       0.000083

 @ Begin XC Quadrature Formation

 OCTAGO: OCTree Algorithm for Grid Operations 
   PRUNING CUTOFF       = 0.100E-09
   INITIAL GRID POINTS  =       18824
|   FINAL GRID POINTS    =       12730
|   SIGNIFICANT NUMBER OF BASIS FUNCTIONS     =        6856
|   SIGNIFICANT NUMBER OF PRIMITIVE FUNCTIONS =        8223

 @ End XC Quadrature Formation


 @ Begin Energy Calculation

                                         SCF ENERGY
| ------------------------------------------------------------------------------------------------------------------------
| NCYC       ENERGY         DELTA_E      SCF_TIME  DII_CYC   DII_TIME   O_TIME  DIAG_TIME    MAX_ERR    RMS_CHG    MAX_CHG
| ------------------------------------------------------------------------------------------------------------------------
|  1    -56.609095791      ------         0.012     1        0.00      0.01      0.00    0.2586E+00  0.4700E-02  0.6122E-01
|  2    -56.785878089  0.176782E+00       0.011     2        0.00      0.01      0.00    0.5485E-01  0.4068E-02  0.5071E-01
|  3    -56.787785438  0.190735E-02       0.011     3        0.00      0.01      0.00    0.3981E-01  0.1672E-02  0.2674E-01
|  4    -56.789949912  0.216447E-02       0.011     4        0.00      0.01      0.00    0.1938E-02  0.8091E-04  0.1398E-02
|  5    -56.789955103  0.519086E-05       0.011     5        0.00      0.01      0.00    0.3437E-04  0.3074E-05  0.5430E-04
| -------------- 2E-INT CUTOFF CHANGE TO 0.1000E-08 ------------
|  6    -56.789955157  0.537598E-07       0.011     6        0.00      0.01      0.00    0.9958E-05  0.4888E-06  0.5916E-05
| ------------------------------------------------------------------------------------------------------------------------
| REACH CONVERGENCE AFTER   6 CYCLES
| MAX ERROR = 0.995805E-05   RMS CHANGE = 0.488807E-06   MAX CHANGE = 0.591558E-05
| -----------------------------------------------
 ALPHA ELECTRON DENSITY    =     4.9999796682
 BETA ELECTRON DENSITY     =     4.9999796682
 ELECTRONIC ENERGY    =    -73.037280554
 CORE_CORE REPULSION  =     16.247325397
 TOTAL ENERGY         =    -56.789955157

 @ End Energy calculation


 ANALYTICAL GRADIENT: 
----------------------------------------------------------------------------
 VARIBLES    OLD_X            OLD_GRAD        NEW_GRAD          NEW_X
----------------------------------------------------------------------------
    1X     0.0000460085     0.0004643214     0.0001401692    -0.0001521244
    1Y     0.0008090473     0.0073951739     0.0010701976    -0.0007053605
    1Z    -0.0001555395    -0.0013092017    -0.0002048353     0.0001342757
    2X     0.3436685059    -0.0191498873     0.0004865411     0.3429993058
    2Y    -0.9726230208     0.0538940893    -0.0016409046    -0.9703565330
    2Z     0.0000791100     0.0000332650     0.0000282453     0.0000392259
    3X     0.3439275831    -0.0212447233     0.0003345360     0.3434740605
    3Y     0.4860411452    -0.0302117488     0.0003785107     0.4855333872
    3Z     0.8425189823    -0.0519951097     0.0009335370     0.8412470434
    4X     0.3439380406    -0.0217262141     0.0002924614     0.3435441560
    4Y     0.4861062434    -0.0308912499     0.0003237441     0.4856761479
    4Z    -0.8425254781     0.0532411711    -0.0007824740    -0.8414674212
    5X    -1.0315825627     0.0616584293    -0.0012550599    -1.0298659067
    5Y    -0.0003450219    -0.0001710003    -0.0001369001    -0.0001516615
    5Z     0.0000831475     0.0000301493     0.0000253967     0.0000472822
----------------------------------------------------------------------------
 OPTIMIZATION STATISTICS:
 ENERGY CHANGE           =    -0.1357220907E-01 (REQUEST=  0.10000E-05 )
 MAXIMUM GEOMETRY CHANGE =     0.2266487766E-02 (REQUEST=  0.18000E-02 )
 GEOMETRY CHANGE RMS     =     0.9841947695E-03 (REQUEST=  0.12000E-02 )
 GRADIENT NORM           =     0.7146497129E-03 (REQUEST=  0.30000E-03 )

 @ Finish Optimization for This Step


 @ Optimize for New Step


============  GEOMETRY FOR OPTIMIZATION STEP   5 OUT OF    7  ============

GEOMETRY INPUT
ELEMENT      X              Y              Z
  N          -0.000152      -0.000705       0.000134
  H           0.342999      -0.970357       0.000039
  H           0.343474       0.485533       0.841247
  H           0.343544       0.485676      -0.841467
  H          -1.029866      -0.000152       0.000047

 @ Begin XC Quadrature Formation

 OCTAGO: OCTree Algorithm for Grid Operations 
   PRUNING CUTOFF       = 0.100E-09
   INITIAL GRID POINTS  =       18824
|   FINAL GRID POINTS    =       12726
|   SIGNIFICANT NUMBER OF BASIS FUNCTIONS     =        6610
|   SIGNIFICANT NUMBER OF PRIMITIVE FUNCTIONS =        7886

 @ End XC Quadrature Formation


 @ Begin Energy Calculation

                                         SCF ENERGY
| ------------------------------------------------------------------------------------------------------------------------
| NCYC       ENERGY         DELTA_E      SCF_TIME  DII_CYC   DII_TIME   O_TIME  DIAG_TIME    MAX_ERR    RMS_CHG    MAX_CHG
| ------------------------------------------------------------------------------------------------------------------------
|  1    -56.794481101      ------         0.012     1        0.00      0.01      0.00    0.7591E-02  0.1355E-03  0.1529E-02
|  2    -56.789957572  -.452353E-02       0.011     2        0.00      0.01      0.00    0.1377E-02  0.1144E-03  0.1440E-02
|  3    -56.789958220  0.647692E-06       0.011     3        0.00      0.01      0.00    0.1241E-02  0.5176E-04  0.8076E-03
|  4    -56.789960261  0.204140E-05       0.011     4        0.00      0.01      0.00    0.4602E-04  0.2733E-05  0.2879E-04
| -------------- 2E-INT CUTOFF CHANGE TO 0.1000E-08 ------------
|  5    -56.789960351  0.894033E-07       0.011     5        0.00      0.01      0.00    0.1003E-04  0.5824E-06  0.7507E-05
| ------------------------------------------------------------------------------------------------------------------------
| REACH CONVERGENCE AFTER   5 CYCLES
| MAX ERROR = 0.100298E-04   RMS CHANGE = 0.582441E-06   MAX CHANGE = 0.750711E-05
| -----------------------------------------------
 ALPHA ELECTRON DENSITY    =     4.9999791823
 BETA ELECTRON DENSITY     =     4.9999791823
 ELECTRONIC ENERGY    =    -73.063736803
 CORE_CORE REPULSION  =     16.273776452
 TOTAL ENERGY         =    -56.789960351

 @ End Energy calculation


 ANALYTICAL GRADIENT: 
----------------------------------------------------------------------------
 VARIBLES    OLD_X            OLD_GRAD        NEW_GRAD          NEW_X
----------------------------------------------------------------------------
    1X    -0.0001521244     0.0001401692    -0.0001796879    -0.0000444264
    1Y    -0.0007053605     0.0010701976    -0.0018160479     0.0003457641
    1Z     0.0001342757    -0.0002048353     0.0003434069    -0.0000646722
    2X     0.3429993058     0.0004865411    -0.0004336370     0.3432199888
    2Y    -0.9703565330    -0.0016409046     0.0012273733    -0.9710119408
    2Z     0.0000392259     0.0000282453    -0.0000074700     0.0000463231
    3X     0.3434740605     0.0003345360     0.0000895609     0.3434100357
    3Y     0.4855333872     0.0003785107     0.0001763303     0.4854065101
    3Z     0.8412470434     0.0009335370     0.0002290094     0.8410986205
    4X     0.3435441560     0.0002924614     0.0002146765     0.3434114391
    4Y     0.4856761479     0.0003237441     0.0003560796     0.4854512418
    4Z    -0.8414674212    -0.0007824740    -0.0005554621    -0.8411349490
    5X    -1.0298659067    -0.0012550599     0.0003080223    -1.0299971890
    5Y    -0.0001516615    -0.0001369001     0.0000456630    -0.0001909767
    5Z     0.0000472822     0.0000253967    -0.0000091949     0.0000549232
----------------------------------------------------------------------------
 OPTIMIZATION STATISTICS:
 ENERGY CHANGE           =    -0.5194100837E-05 (REQUEST=  0.10000E-05 )
 MAXIMUM GEOMETRY CHANGE =     0.1051124566E-02 (REQUEST=  0.18000E-02 )
 GEOMETRY CHANGE RMS     =     0.3534734679E-03 (REQUEST=  0.12000E-02 )
 GRADIENT NORM           =     0.6225116434E-03 (REQUEST=  0.30000E-03 )

 @ Finish Optimization for This Step


 @ Optimize for New Step


============  GEOMETRY FOR OPTIMIZATION STEP   6 OUT OF    7  ============

GEOMETRY INPUT
ELEMENT      X              Y              Z
  N          -0.000044       0.000346      -0.000065
  H           0.343220      -0.971012       0.000046
  H           0.343410       0.485407       0.841099
  H           0.343411       0.485451      -0.841135
  H          -1.029997      -0.000191       0.000055

 @ Begin XC Quadrature Formation

 OCTAGO: OCTree Algorithm for Grid Operations 
   PRUNING CUTOFF       = 0.100E-09
   INITIAL GRID POINTS  =       18824
|   FINAL GRID POINTS    =       12727
|   SIGNIFICANT NUMBER OF BASIS FUNCTIONS     =        6856
|   SIGNIFICANT NUMBER OF PRIMITIVE FUNCTIONS =        8208

 @ End XC Quadrature Formation


 @ Begin Energy Calculation

                                         SCF ENERGY
| ------------------------------------------------------------------------------------------------------------------------
| NCYC       ENERGY         DELTA_E      SCF_TIME  DII_CYC   DII_TIME   O_TIME  DIAG_TIME    MAX_ERR    RMS_CHG    MAX_CHG
| ------------------------------------------------------------------------------------------------------------------------
|  1    -56.789828901      ------         0.012     1        0.00      0.01      0.00    0.4580E-02  0.5311E-04  0.4642E-03
|  2    -56.789962850  0.133949E-03       0.011     2        0.00      0.01      0.00    0.2227E-03  0.1832E-04  0.2347E-03
|  3    -56.789962913  0.634537E-07       0.011     3        0.00      0.01      0.00    0.9973E-04  0.5096E-05  0.5880E-04
| -------------- 2E-INT CUTOFF CHANGE TO 0.1000E-08 ------------
|  4    -56.789963001  0.878855E-07       0.011     4        0.00      0.01      0.00    0.2346E-04  0.1142E-05  0.1678E-04
|  5    -56.789963002  0.580183E-09       0.011     5        0.00      0.01      0.00    0.4184E-05  0.1882E-06  0.2617E-05
| ------------------------------------------------------------------------------------------------------------------------
| REACH CONVERGENCE AFTER   5 CYCLES
| MAX ERROR = 0.418431E-05   RMS CHANGE = 0.188187E-06   MAX CHANGE = 0.261676E-05
| -----------------------------------------------
 ALPHA ELECTRON DENSITY    =     4.9999793479
 BETA ELECTRON DENSITY     =     4.9999793479
 ELECTRONIC ENERGY    =    -73.062943347
 CORE_CORE REPULSION  =     16.272980345
 TOTAL ENERGY         =    -56.789963002

 @ End Energy calculation


 ANALYTICAL GRADIENT: 
----------------------------------------------------------------------------
 VARIBLES    OLD_X            OLD_GRAD        NEW_GRAD          NEW_X
----------------------------------------------------------------------------
    1X    -0.0000444264    -0.0001796879     0.0000462115    -0.0000648039
    1Y     0.0003457641    -0.0018160479     0.0003637878     0.0001749903
    1Z    -0.0000646722     0.0003434069    -0.0000661664    -0.0000335802
    2X     0.3432199888    -0.0004336370    -0.0000363138     0.3432574953
    2Y    -0.9710119408     0.0012273733    -0.0000380221    -0.9710641442
    2Z     0.0000463231    -0.0000074700     0.0000136059     0.0000410082
    3X     0.3434100357     0.0000895609    -0.0000596079     0.3434656290
    3Y     0.4854065101     0.0001763303    -0.0001301799     0.4855035979
    3Z     0.8410986205     0.0002290094    -0.0000885342     0.8412131172
    4X     0.3434114391     0.0002146765    -0.0000672089     0.3434720728
    4Y     0.4854512418     0.0003560796    -0.0001380422     0.4855543996
    4Z    -0.8411349490    -0.0005554621     0.0001292221    -0.8412705416
    5X    -1.0299971890     0.0003080223     0.0001154666    -1.0301299722
    5Y    -0.0001909767     0.0000456630    -0.0000649060    -0.0001654149
    5Z     0.0000549232    -0.0000091949     0.0000118354     0.0000502603
----------------------------------------------------------------------------
 OPTIMIZATION STATISTICS:
 ENERGY CHANGE           =    -0.2650744719E-05 (REQUEST=  0.10000E-05 )
 MAXIMUM GEOMETRY CHANGE =     0.1707737786E-03 (REQUEST=  0.18000E-02 )
 GEOMETRY CHANGE RMS     =     0.8615560054E-04 (REQUEST=  0.12000E-02 )
 GRADIENT NORM           =     0.1233150927E-03 (REQUEST=  0.30000E-03 )

 @ Finish Optimization for This Step


 @ Optimize for New Step


============  GEOMETRY FOR OPTIMIZATION STEP   7 OUT OF    7  ============

GEOMETRY INPUT
ELEMENT      X              Y              Z
  N          -0.000065       0.000175      -0.000034
  H           0.343257      -0.971064       0.000041
  H           0.343466       0.485504       0.841213
  H           0.343472       0.485554      -0.841271
  H          -1.030130      -0.000165       0.000050

 @ Begin XC Quadrature Formation

 OCTAGO: OCTree Algorithm for Grid Operations 
   PRUNING CUTOFF       = 0.100E-09
   INITIAL GRID POINTS  =       18824
|   FINAL GRID POINTS    =       12728
|   SIGNIFICANT NUMBER OF BASIS FUNCTIONS     =        6856
|   SIGNIFICANT NUMBER OF PRIMITIVE FUNCTIONS =        8211

 @ End XC Quadrature Formation


 @ Begin Energy Calculation

                                         SCF ENERGY
| ------------------------------------------------------------------------------------------------------------------------
| NCYC       ENERGY         DELTA_E      SCF_TIME  DII_CYC   DII_TIME   O_TIME  DIAG_TIME    MAX_ERR    RMS_CHG    MAX_CHG
| ------------------------------------------------------------------------------------------------------------------------
|  1    -56.789604058      ------         0.012     1        0.00      0.01      0.00    0.6501E-03  0.1202E-04  0.1218E-03
|  2    -56.789963028  0.358971E-03       0.011     2        0.00      0.01      0.00    0.1098E-03  0.9556E-05  0.1196E-03
| -------------- 2E-INT CUTOFF CHANGE TO 0.1000E-08 ------------
|  3    -56.789963105  0.764872E-07       0.011     3        0.00      0.01      0.00    0.1066E-03  0.4478E-05  0.6897E-04
|  4    -56.789963120  0.149588E-07       0.011     4        0.00      0.01      0.00    0.4749E-05  0.2541E-06  0.3511E-05
| ------------------------------------------------------------------------------------------------------------------------
| REACH CONVERGENCE AFTER   4 CYCLES
| MAX ERROR = 0.474893E-05   RMS CHANGE = 0.254147E-06   MAX CHANGE = 0.351122E-05
| -----------------------------------------------
 ALPHA ELECTRON DENSITY    =     4.9999793428
 BETA ELECTRON DENSITY     =     4.9999793428
 ELECTRONIC ENERGY    =    -73.060843730
 CORE_CORE REPULSION  =     16.270880610
 TOTAL ENERGY         =    -56.789963120

 @ End Energy calculation


 ANALYTICAL GRADIENT: 
----------------------------------------------------------------------------
 VARIBLES    OLD_X            OLD_GRAD        NEW_GRAD          NEW_X
----------------------------------------------------------------------------
    1X    -0.0000648039     0.0000462115     0.0000162828    -0.0000771458
    1Y     0.0001749903     0.0003637878     0.0000468704     0.0001350024
    1Z    -0.0000335802    -0.0000661664    -0.0000087938    -0.0000261021
    2X     0.3432574953    -0.0000363138    -0.0000495750     0.3432931006
    2Y    -0.9710641442    -0.0000380221     0.0000301009    -0.9710850067
    2Z     0.0000410082     0.0000136059     0.0000096051     0.0000340122
    3X     0.3434656290    -0.0000596079     0.0000004765     0.3434666536
    3Y     0.4855035979    -0.0001301799    -0.0000285436     0.4855263914
    3Z     0.8412131172    -0.0000885342     0.0000467894     0.8411825220
    4X     0.3434720728    -0.0000672089     0.0000100238     0.3434665641
    4Y     0.4855543996    -0.0001380422    -0.0000124418     0.4855660775
    4Z    -0.8412705416     0.0001292221    -0.0000556037    -0.8412345879
    5X    -1.0301299722     0.0001154666     0.0000214117    -1.0301477613
    5Y    -0.0001654149    -0.0000649060    -0.0000436852    -0.0001335272
    5Z     0.0000502603     0.0000118354     0.0000080127     0.0000444136
----------------------------------------------------------------------------
 OPTIMIZATION STATISTICS:
 ENERGY CHANGE           =    -0.1182979119E-06 (REQUEST=  0.10000E-05 )
 MAXIMUM GEOMETRY CHANGE =     0.3998787012E-04 (REQUEST=  0.18000E-02 )
 GEOMETRY CHANGE RMS     =     0.2286585622E-04 (REQUEST=  0.12000E-02 )
 GRADIENT NORM           =     0.3138748483E-04 (REQUEST=  0.30000E-03 )

 GEOMETRY OPTIMIZED AFTER    7 CYCLES

 @ Finish Optimization for This Step

================ OPTIMIZED GEOMETRY INFORMATION ==============

 OPTIMIZED GEOMETRY IN CARTESIAN
 ELEMENT      X         Y         Z
  N       -0.0001    0.0001   -0.0000
  H        0.3433   -0.9711    0.0000
  H        0.3435    0.4855    0.8412
  H        0.3435    0.4856   -0.8412
  H       -1.0301   -0.0001    0.0000

 FORCE
 ELEMENT      X         Y         Z
  N       -0.0000   -0.0000    0.0000
  H        0.0000   -0.0000   -0.0000
  H       -0.0000    0.0000   -0.0000
  H       -0.0000    0.0000    0.0000
  H       -0.0000    0.0000   -0.0000

 MINIMIZED ENERGY =    -56.789963120
===============================================================

 @ Finish Optimization Job


 @ Begin Charge and Dipole Calculation

    ATOMIC CHARGES
   ATOM          MULLIKEN            LOWDIN
   N              0.0186             0.1410
   H              0.2453             0.2142
   H              0.2454             0.2158
   H              0.2454             0.2158
   H              0.2453             0.2132
   TOTAL         1.0000             1.0000

    DIPOLE (DEBYE)
      X         Y         Z        TOTAL
    0.0005   -0.0007    0.0001    0.0009

 @ End Charge and Dipole Calculation


 @ Output Timing Information

------------- TIMING ---------------
| INITIAL GUESS TIME  =     0.914368000( 13.78%)
| DFT GRID OPERATIONS =     0.115770000(  1.74%)
| TOTAL SCF TIME      =     0.465526000(  7.01%)
|       TOTAL OP TIME      =     0.354999000(  5.35%)
|             TOTAL 1e TIME      =     0.011077000(  0.17%)
|             TOTAL 2e TIME      =     0.126096000(  1.90%)
|             TOTAL EXC TIME     =     0.204265000(  3.08%)
|       TOTAL DII TIME      =     0.110216000(  1.66%)
|             TOTAL DIAG TIME    =     0.081799000(  1.23%)
| TOTAL GRADIENT TIME      =     0.477108000(  7.19%)
|       TOTAL 1e GRADIENT TIME      =     0.063900000( 1.02%)
|       TOTAL 2e GRADIENT TIME      =     0.230244000( 3.47%)
|       TOTAL EXC GRADIENT TIME     =     0.179267000(  2.70%)
| TOTAL TIME          =     6.636591000
------------------------------------
| Job cpu time:  0 days  0 hours  0 minutes  6.6 seconds.

 @ Finish Output Timing Information

| Normal Termination. Task Finished on: Tue Mar 15 14:36:54 2022
